V/PackageParser(   53): android:backupAgent = com.android.internal.backup.SystemBackupAgent from android+com.android.internal.backup.SystemBackupAgent
D/PackageManager(   53): Scanning app dir /system/app
W/PackageParser(   53): Intent filter for activity ActivityIntentInfo{437b7980 com.android.camera.ReviewImage} defines no actions
V/PackageParser(   53): android:backupAgent = com.android.inputmethod.latin.LatinIMEBackupAgent from com.android.inputmethod.latin+LatinIMEBackupAgent
D/dalvikvm(   53): GC freed 3893 objects / 224560 bytes in 96ms
V/PackageParser(   53): android:backupAgent = com.android.providers.settings.SettingsBackupAgent from com.android.providers.settings+SettingsBackupAgent
D/PackageManager(   53): Scanning app dir /data/app
D/dalvikvm(   53): GC freed 5053 objects / 271600 bytes in 97ms
W/PackageParser(   53): Intent filter for activity ActivityIntentInfo{438426b8 com.example.android.apis.media.MediaPlayerDemo_Audio} defines no actions
W/PackageParser(   53): Intent filter for activity ActivityIntentInfo{437f4868 com.example.android.apis.media.MediaPlayerDemo_Video} defines no actions
D/PackageManager(   53): Scanning app dir /data/app-private
I/PackageManager(   53): Time to scan packages: 2.138 seconds
W/PackageManager(   53): Unknown permission android.permission.ADD_SYSTEM_SERVICE in package com.android.phone
W/PackageManager(   53): Unknown permission com.google.android.googleapps.permission.GOOGLE_AUTH in package com.android.providers.contacts
W/PackageManager(   53): Unknown permission com.google.android.googleapps.permission.GOOGLE_AUTH.cp in package com.android.providers.contacts
W/PackageManager(   53): Unknown permission com.google.android.providers.gmail.permission.WRITE_GMAIL in package com.android.settings
W/PackageManager(   53): Unknown permission com.google.android.providers.gmail.permission.READ_GMAIL in package com.android.settings
W/PackageManager(   53): Unknown permission com.google.android.googleapps.permission.GOOGLE_AUTH in package com.android.settings
W/PackageManager(   53): Unknown permission com.google.android.googleapps.permission.GOOGLE_AUTH in package com.android.development
W/PackageManager(   53): Unknown permission com.google.android.googleapps.permission.GOOGLE_AUTH.ALL_SERVICES in package com.android.development
W/PackageManager(   53): Unknown permission com.google.android.googleapps.permission.GOOGLE_AUTH.YouTubeUser in package com.android.development
W/PackageManager(   53): Unknown permission com.google.android.googleapps.permission.ACCESS_GOOGLE_PASSWORD in package com.android.development
W/PackageManager(   53): Unknown permission com.google.android.googleapps.permission.GOOGLE_AUTH in package com.google.android.providers.enhancedgooglesearch
W/PackageManager(   53): Unknown permission com.google.android.googleapps.permission.GOOGLE_AUTH.OTHER_SERVICES in package com.google.android.providers.enhancedgooglesearch
W/PackageManager(   53): Unknown permission com.google.android.googleapps.permission.GOOGLE_AUTH in package com.android.browser
W/PackageManager(   53): Unknown permission com.google.android.googleapps.permission.GOOGLE_AUTH.mail in package com.android.contacts
D/dalvikvm(   53): GC freed 3577 objects / 234488 bytes in 96ms
I/SystemServer(   53): Starting Content Manager.
I/SyncManager(   53): No initial accounts
I/SyncManager(   53): No initial status
I/SyncManager(   53): No initial pending operations
I/SyncManager(   53): No initial statistics
W/ActivityManager(   53): Unable to start service Intent { act=android.accounts.IAccountsService cmp=com.google.android.googleapps/.GoogleLoginService }: not found
W/AccountMonitor(   53): Couldn't connect to Intent { act=android.accounts.IAccountsService cmp=com.google.android.googleapps/.GoogleLoginService } (Missing service?)
I/SystemServer(   53): Starting System Content Providers.
I/ActivityThread(   53): Publishing provider settings: com.android.providers.settings.SettingsProvider
I/SystemServer(   53): Starting Battery Service.
E/BatteryService(   53): Could not open '/sys/class/power_supply/usb/online'
E/BatteryService(   53): Could not open '/sys/class/power_supply/battery/batt_vol'
E/BatteryService(   53): Could not open '/sys/class/power_supply/battery/batt_temp'
I/SystemServer(   53): Starting Hardware Service.
D/qemud   (   35): fdhandler_accept_event: accepting on fd 10
D/qemud   (   35): created client 0x11008 listening on fd 12
D/qemud   (   35): client_fd_receive: attempting registration for service 'hw-control'
D/qemud   (   35): client_fd_receive:    -> received channel id 3
D/qemud   (   35): client_registration: registration succeeded for client 3
W/HAL     (   53): load: module=/system/lib/hw/lights.goldfish.so error=Cannot load library: load_library[984]: Library '/system/lib/hw/lights.goldfish.so' not found
W/HAL     (   53): load: module=/system/lib/hw/lights.default.so error=Cannot load library: load_library[984]: Library '/system/lib/hw/lights.default.so' not found
I/SystemServer(   53): Starting Alarm Manager.
I/SystemServer(   53): Starting Sensor Service.
D/qemud   (   35): fdhandler_accept_event: accepting on fd 10
D/qemud   (   35): created client 0xc038 listening on fd 13
D/qemud   (   35): client_fd_receive: attempting registration for service 'sensors'
D/qemud   (   35): client_fd_receive:    -> received channel id 4
D/qemud   (   35): client_registration: registration succeeded for client 4
D/qemud   (   35): fdhandler_event: disconnect on fd 13
I/SystemServer(   53): Starting Window Manager.
I/EventHub(   53): New device: path=/dev/input/event0 name=qwerty2 id=0x10000 (of 0x1) index=1 fd=40 classes=0xf
I/EventHub(   53): New keyboard: publicID=65536 device->id=65536 devname='qwerty2' propName='hw.keyboards.65536.devname' keylayout='/system/usr/keylayout/qwerty.kl'
E/EventHub(   53): could not get driver version for /dev/input/mouse0, Not a typewriter
E/EventHub(   53): could not get driver version for /dev/input/mice, Not a typewriter
I/KeyInputQueue(   53): Device added: id=0x0, name=qwerty2, classes=f
I/KeyInputQueue(   53):   X: unknown values
I/KeyInputQueue(   53):   Y: unknown values
I/KeyInputQueue(   53):   Pressure: unknown values
I/KeyInputQueue(   53):   Size: unknown values
D/qemud   (   35): fdhandler_accept_event: accepting on fd 10
D/qemud   (   35): created client 0xc038 listening on fd 13
D/qemud   (   35): client_fd_receive: attempting registration for service 'sensors'
D/qemud   (   35): client_fd_receive:    -> received channel id 5
D/qemud   (   35): client_registration: registration succeeded for client 5
D/qemud   (   35): fdhandler_event: disconnect on fd 13
D/SensorManager(   53): found sensor: Goldfish 3-axis Accelerometer, handle=0
I/SystemServer(   53): Registering null Bluetooth Service (emulator)
E/System  (   53): Failure starting core service
E/System  (   53): java.lang.SecurityException
E/System  (   53): 	at android.os.BinderProxy.transact(Native Method)
E/System  (   53): 	at android.os.ServiceManagerProxy.addService(ServiceManagerNative.java:146)
E/System  (   53): 	at android.os.ServiceManager.addService(ServiceManager.java:72)
E/System  (   53): 	at com.android.server.ServerThread.run(SystemServer.java:162)
E/AndroidRuntime(   53): Crash logging skipped, no checkin service
I/SystemServer(   53): Starting Status Bar Service.
D/dalvikvm(   53): GC freed 2184 objects / 125848 bytes in 107ms
I/SystemServer(   53): Starting Clipboard Service.
I/SystemServer(   53): Starting Input Method Service.
W/ResourceType(   53): No package identifier when getting value for resource number 0x7f060001
W/ResourceType(   53): No package identifier when getting value for resource number 0x7f060000
I/InputManagerService(   53): Enabled input methods: com.android.inputmethod.latin/.LatinIME:jp.co.omronsoft.openwnn/.OpenWnnJAJP:com.android.inputmethod.pinyin/.PinyinIME:com.example.android.softkeyboard/.SoftKeyboard
I/SystemServer(   53): Starting NetStat Service.
I/SystemServer(   53): Starting Connectivity Service.
I/WifiService(   53): WifiService starting up with Wi-Fi disabled
I/SystemServer(   53): Starting Accessibility Manager.
I/SystemServer(   53): Starting Notification Manager.
I/SystemServer(   53): Starting Mount Service.
I/SystemServer(   53): Starting DeviceStorageMonitor service
I/SystemServer(   53): Starting Location Manager.
D/libhardware_legacy(   53): using QEMU GPS Hardware emulation
I/SystemServer(   53): Starting Search Service.
I/SystemServer(   53): Starting Checkin Service.
W/ActivityManager(   53): Unable to start service Intent { cmp=com.google.android.server.checkin/.CheckinService }: not found
W/SystemServer(   53): Using fallback Checkin Service.
I/SystemServer(   53): Starting Wallpaper Service
D/WallpaperService(   53): WallpaperService startup
I/SystemServer(   53): Starting Audio Service
W/GpsLocationProvider(   53): Could not open GPS configuration file /etc/gps.conf
D/dalvikvm(   53): Trying to load lib /system/lib/libsoundpool.so 0x0
D/dalvikvm(   53): Added shared lib /system/lib/libsoundpool.so 0x0
D/SoundPool(   53): error loading /system/media/audio/ui/Effect_Tick.ogg
W/AudioService(   53): Soundpool could not load file: /system/media/audio/ui/Effect_Tick.ogg
D/SoundPool(   53): error loading /system/media/audio/ui/KeypressStandard.ogg
W/AudioService(   53): Soundpool could not load file: /system/media/audio/ui/KeypressStandard.ogg
D/SoundPool(   53): error loading /system/media/audio/ui/KeypressSpacebar.ogg
W/AudioService(   53): Soundpool could not load file: /system/media/audio/ui/KeypressSpacebar.ogg
D/SoundPool(   53): error loading /system/media/audio/ui/KeypressDelete.ogg
W/AudioService(   53): Soundpool could not load file: /system/media/audio/ui/KeypressDelete.ogg
D/SoundPool(   53): error loading /system/media/audio/ui/KeypressReturn.ogg
W/AudioService(   53): Soundpool could not load file: /system/media/audio/ui/KeypressReturn.ogg
I/SystemServer(   53): Starting HeadsetObserver
W/HeadsetObserver(   53): This kernel does not have wired headset support
I/SystemServer(   53): Starting AppWidget Service
D/GpsLocationProvider(   53): enable
D/qemud   (   35): fdhandler_accept_event: accepting on fd 10
D/qemud   (   35): created client 0xc038 listening on fd 13
D/qemud   (   35): client_fd_receive: attempting registration for service 'gps'
D/qemud   (   35): client_fd_receive:    -> received channel id 6
D/qemud   (   35): client_registration: registration succeeded for client 6
I/WindowManager(   53): Menu key state: 0 safeMode=false
I/WindowManager(   53): Config changed: { scale=1.0 imsi=0/0 loc=en_US touch=3 keys=2/1/2 nav=3 orien=1 layout=34}
D/GpsLocationProvider(   53): GpsEventThread starting
D/PowerManagerService(   53): system ready!
D/qemud   (   35): fdhandler_accept_event: accepting on fd 10
D/qemud   (   35): created client 0xc088 listening on fd 14
D/qemud   (   35): client_fd_receive: attempting registration for service 'sensors'
D/qemud   (   35): client_fd_receive:    -> received channel id 7
D/qemud   (   35): client_registration: registration succeeded for client 7
W/ResourceType(   53): No package identifier when getting value for resource number 0x7f030003
D/GpsLocationProvider(   53): NetworkThread starting
D/GpsLocationProvider(   53): NetworkThread wait for network
I/ActivityManager(   53): Starting activity: Intent { act=android.intent.action.MAIN cat=[android.intent.category.HOME] flg=0x10000000 cmp=com.android.launcher/.Launcher }
W/ResourceType(   53): No package identifier when getting value for resource number 0x7f03000e
W/ResourceType(   53): No package identifier when getting value for resource number 0x7f030000
W/ResourceType(   53): No package identifier when getting value for resource number 0x7f03002f
W/ResourceType(   53): No package identifier when getting value for resource number 0x7f030009
W/ActivityManager(   53): Unable to start service Intent { act=android.accounts.IAccountsService cmp=com.google.android.googleapps/.GoogleLoginService }: not found
E/LockPatternKeyguardView(   53): Failed to bind to GLS while checking for account
D/ActivityManager(   53): Start running!
D/dalvikvm(   53): GC freed 3324 objects / 151552 bytes in 115ms
I/Zygote  (   53): Process: zygote socket opened
I/ActivityManager(   53): Start proc com.android.phone for added application com.android.phone: pid=90 uid=1001 gids={3002, 3001, 3003}
I/ActivityManager(   53): Start proc android.process.acore for activity com.android.launcher/.Launcher: pid=93 uid=10001 gids={3003, 1015}
D/dalvikvm(   53): GC freed 1204 objects / 61224 bytes in 222ms
I/ActivityThread(   90): Publishing provider mms-sms: com.android.providers.telephony.MmsSmsProvider
W/ResourceType(   53): No package identifier when getting value for resource number 0x00000000
W/StatusBar(   53): Icon not found in <system>: 0
I/ActivityThread(   93): Publishing provider user_dictionary: com.android.providers.userdictionary.UserDictionaryProvider
I/ActivityThread(   93): Publishing provider applications: com.android.providers.applications.ApplicationsProvider
I/ActivityThread(   90): Publishing provider icc: com.android.phone.IccProvider
I/ActivityThread(   90): Publishing provider mms: com.android.providers.telephony.MmsProvider
I/ActivityThread(   90): Publishing provider telephony: com.android.providers.telephony.TelephonyProvider
I/ActivityThread(   90): Publishing provider sms: com.android.providers.telephony.SmsProvider
I/ActivityThread(   93): Publishing provider com.google.android.providers.enhancedgooglesearch: com.google.android.providers.enhancedgooglesearch.SuggestionProvider
D/StatusBar(   53): updateResources
I/WindowManager(   53): onOrientationChanged, rotation changed to 0
E/ActivityThread(   93): Failed to find provider info for com.google.settings
E/ActivityThread(   93): Failed to find provider info for com.google.settings
I/ActivityThread(   93): Publishing provider com.android.globalsearch.SuggestionProvider: com.android.globalsearch.SuggestionProvider
I/ARMAssembler(   53): generated scanline__00000077:03545404_00000A04_00000000 [ 29 ipp] (51 ins) at [0x2e9ea0:0x2e9f6c] in 8874001 ns
D/dalvikvm(   53): GC freed 3278 objects / 163608 bytes in 143ms
W/ActivityManager(   53): Unable to start service Intent { act=com.android.ussd.IExtendedNetworkService }: not found
D/PhoneApp(   90): Resetting audio state/mode: IDLE
D/AlarmManagerService(   53): Kernel timezone updated to 180 minutes west of GMT
I/ActivityThread(   93): Publishing provider com.android.globalsearch.stats: com.android.globalsearch.StatsProvider
I/ActivityThread(   93): Publishing provider contacts;call_log: com.android.providers.contacts.ContactsProvider
D/dalvikvm(   93): GC freed 4206 objects / 299240 bytes in 144ms
W/ActivityManager(   53): Unable to start service Intent { act=android.accounts.IAccountsService cmp=com.google.android.googleapps/.GoogleLoginService }: not found
W/AccountMonitor(   93): Couldn't connect to Intent { act=android.accounts.IAccountsService cmp=com.google.android.googleapps/.GoogleLoginService } (Missing service?)
I/ActivityThread(   93): Publishing provider com.android.launcher.settings: com.android.launcher.LauncherProvider
E/ApplicationContext(   53): Couldn't create directory for SharedPreferences file shared_prefs/wallpaper-hints.xml
D/dalvikvm(   93): GC freed 1454 objects / 89208 bytes in 150ms
D/dalvikvm(   93): GC freed 377 objects / 18128 bytes in 147ms
D/dalvikvm(   93): GC freed 268 objects / 12648 bytes in 133ms
D/dalvikvm(   93): GC freed 15 objects / 616 bytes in 121ms
D/HomeLoaders(   93): load applications
D/HomeLoaders(   93): loading user items
D/HomeLoaders(   93):   --> starting workspace loader
D/HomeLoaders(   93):   ----> running workspace loader (1)
D/dalvikvm(   93): GC freed 250 objects / 15536 bytes in 224ms
D/dalvikvm(   53): GREF has increased to 201
I/ActivityManager(   53): Displayed activity com.android.launcher/.Launcher: 7932 ms (total 7932 ms)
I/SurfaceFlinger(   53): Boot is finished (12788 ms)
I/WindowManager(   53): Config changed: { scale=1.0 imsi=0/0 loc=en_US touch=3 keys=2/1/2 nav=3 orien=1 layout=34}
D/dalvikvm(   53): GC freed 2784 objects / 132688 bytes in 198ms
D/vold    (   27): Accepted connection from framework
D/vold    (   27): dispatch_cmd(send_ums_status):
D/vold    (   27): dispatch_cmd(mount_volume:/sdcard):
I/vold    (   27): Evaluating dev '/devices/platform/goldfish_mmc.0/mmc_host/mmc0/mmc0:e118/block/mmcblk0' for mountable filesystems for '/sdcard'
D/MountListener(   53): handleEvent volume_unmounted:/sdcard
W/logwrapper(  132): Unable to background process (No such file or directory)
I/ActivityManager(   53): Start proc com.android.alarmclock for broadcast com.android.alarmclock/.AlarmInitReceiver: pid=133 uid=10000 gids={}
D/MountListener(   53): handleEvent ums_disabled
D/MountListener(   53): handleEvent ums_disconnected
D/MountListener(   53): handleEvent volume_checking:/sdcard
D/HomeLoaders(   93):   --> done loading workspace
D/HomeLoaders(   93):   ----> worskpace items=5
D/HomeLoaders(   93):   ----> worskpace widgets=0
D/HomeLoaders(   93):   ----> items cloned, ready to refresh UI
D/HomeLoaders(   93):   ----> onDesktopItemsLoaded()
D/Launcher(   93): ------> binding 5 items
D/Launcher(   93): ------> binding 0 widgets
D/Launcher(   93): ------> start binding items
D/HomeLoaders(   93):   ----> loading applications from workspace loader
D/HomeLoaders(   93):   --> starting applications loader unlocked
D/HomeLoaders(   93):   --> starting applications loader
D/HomeLoaders(   93):   ----> running applications loader (1)
I//system/bin/fsck_msdos(   27): ** /dev/block//vold/179:0
I//system/bin/fsck_msdos(   27): ** Phase 1 - Read and Compare FATs
I//system/bin/fsck_msdos(   27): Attempting to allocate 254 KB for FAT
I//system/bin/fsck_msdos(   27): Attempting to allocate 254 KB for FAT
I//system/bin/fsck_msdos(   27): ** Phase 2 - Check Cluster Chains
I//system/bin/fsck_msdos(   27): ** Phase 3 - Checking Directories
I//system/bin/fsck_msdos(   27): ** Phase 4 - Checking for Lost Files
I//system/bin/fsck_msdos(   27): 2 files, 32243 free (64486 clusters)
I/logwrapper(   27): /system/bin/fsck_msdos terminated by exit(0)
D/vold    (   27): Filesystem check completed OK
I/vold    (   27): Sucessfully mounted vfat filesystem 179:0 on /sdcard (safe-mode on)
D/MountListener(   53): handleEvent volume_mounted:/sdcard
D/dalvikvm(   90): GC freed 2713 objects / 192728 bytes in 108ms
I/ActivityManager(   53): Start proc android.process.media for content provider com.android.providers.media/.MediaProvider: pid=142 uid=10004 gids={1006, 1015, 2001, 3003}
I/ActivityThread(  133): Publishing provider com.android.alarmclock: com.android.alarmclock.AlarmProvider
I/ActivityThread(  142): Publishing provider downloads: com.android.providers.downloads.DownloadProvider
I/ActivityThread(  142): Publishing provider drm: com.android.providers.drm.DrmProvider
I/ActivityThread(  142): Publishing provider media: com.android.providers.media.MediaProvider
V/MediaProvider(  142): Attached volume: internal
V/MediaProvider(  142): /sdcard volume ID: 166403603
V/MediaProvider(  142): Attached volume: external
I/Resources(   90): Loaded time zone names for en_US in 6421ms.
D/SystemClock(   90): Setting time of day to sec=1320521545
W/SystemClock(   90): Unable to set rtc to 1320521545: Invalid argument
D/GpsLocationProvider(   53): state: DISCONNECTED apnName: null reason: radioTurnedOff
D/GpsLocationProvider(   53): state: DISCONNECTED apnName: null reason: gprsDetached
D/MediaPlayer(   53): Couldn't open file on client side, trying server side
D/ActivityManager(   53): checkComponentPermission() adjusting {pid,uid} to {31,1013}
I/ActivityManager(   53): Start proc com.android.mms for broadcast com.android.mms/.transaction.MmsSystemEventReceiver: pid=155 uid=10011 gids={3003, 1015}
D/ActivityManager(   53): checkComponentPermission() adjusting {pid,uid} to {31,1013}
E/ActivityThread(   90): Failed to find provider info for android.server.checkin
W/Checkin (   90): Can't update stat PHONE_GSM_REGISTERED: java.lang.IllegalArgumentException: Unknown URL content://android.server.checkin/stats
D/ActivityManager(   53): checkComponentPermission() adjusting {pid,uid} to {31,1013}
D/ActivityManager(   53): checkComponentPermission() adjusting {pid,uid} to {31,1013}
D/MediaScannerService(  142): start scanning volume internal
I/ActivityManager(   53): processNextBroadcast: waiting for ProcessRecord{43965e98 155:com.android.mms/10011}
I/ActivityManager(   53): processNextBroadcast: waiting for ProcessRecord{43965e98 155:com.android.mms/10011}
I/ActivityManager(   53): processNextBroadcast: waiting for ProcessRecord{43965e98 155:com.android.mms/10011}
D/HomeLoaders(   93):   ----> cleared application list
D/dalvikvm(   53): GC freed 8798 objects / 649328 bytes in 271ms
D/GpsLocationProvider(   53): state: DISCONNECTED apnName: null reason: null
D/ActivityManager(   53): checkComponentPermission() adjusting {pid,uid} to {31,1013}
D/ActivityManager(   53): checkComponentPermission() adjusting {pid,uid} to {31,1013}
E/MediaPlayerService(   31): Couldn't open fd for content://settings/system/notification_sound
E/MediaPlayer(   53): Unable to to create media player
W/NotificationService(   53): error loading sound for content://settings/system/notification_sound
W/NotificationService(   53): java.io.IOException: setDataSource failed.: status=0x80000000
W/NotificationService(   53): 	at android.media.MediaPlayer.setDataSource(Native Method)
W/NotificationService(   53): 	at android.media.MediaPlayer.setDataSource(MediaPlayer.java:621)
W/NotificationService(   53): 	at android.media.AsyncPlayer$Thread.run(AsyncPlayer.java:76)
W/NotificationService(   53): STOP command without a player
D/HomeLoaders(   93):   --> wait for applications loader (1)
D/StatusBar(   53): updateResources
D/TelephonyProvider(   90): Setting numeric '310260' to be the current operator
E/ActivityThread(   90): Failed to find provider info for android.server.checkin
W/Checkin (   90): Can't update stat PHONE_GPRS_ATTEMPTED: java.lang.IllegalArgumentException: Unknown URL content://android.server.checkin/stats
D/GpsLocationProvider(   53): state: CONNECTING apnName: epc.tmobile.com reason: simLoaded
E/ActivityThread(   90): Failed to find provider info for android.server.checkin
W/Checkin (   90): Can't update stat PHONE_GPRS_CONNECTED: java.lang.IllegalArgumentException: Unknown URL content://android.server.checkin/stats
D/MobileDataStateTracker(   53): CONNECTED event did not supply interface name.
D/MobileDataStateTracker(   53): DNS server addresses are not known.
D/GpsLocationProvider(   53): state: CONNECTED apnName: epc.tmobile.com reason: simLoaded
D/GpsLocationProvider(   53): updateNetworkState available
D/GpsLocationProvider(   53): NetworkThread wait for 9223372036854775807ms
I/ActivityManager(   53): Stopping service: com.android.providers.downloads/.DownloadService
D/HomeLoaders(   93):   ----> applications loader stopped (1)
D/HomeLoaders(   93): aborting loaders
D/HomeLoaders(   93): load applications
D/HomeLoaders(   93): loading user items
D/HomeLoaders(   93):   --> starting workspace loader
D/HomeLoaders(   93):   ----> running workspace loader (2)
I/ActivityManager(   53): Stopping service: com.android.mms/.transaction.TransactionService
D/dalvikvm(   93): GC freed 2189 objects / 119192 bytes in 264ms
D/HomeLoaders(   93):   --> done loading workspace
D/HomeLoaders(   93):   ----> worskpace items=5
D/HomeLoaders(   93):   ----> worskpace widgets=0
D/HomeLoaders(   93):   ----> items cloned, ready to refresh UI
D/HomeLoaders(   93):   ----> onDesktopItemsLoaded()
D/Launcher(   93): ------> binding 5 items
D/Launcher(   93): ------> binding 0 widgets
D/Launcher(   93): ------> start binding items
D/HomeLoaders(   93):   ----> loading applications from workspace loader
D/HomeLoaders(   93):   --> starting applications loader unlocked
D/HomeLoaders(   93):   --> starting applications loader
D/HomeLoaders(   93):   ----> running applications loader (2)
D/MediaScanner(  142): opendir /system/media/ failed, errno: 2
D/MediaScanner(  142):  prescan time: 1133ms
D/MediaScanner(  142):     scan time: 375ms
D/MediaScanner(  142): postscan time: 76ms
D/MediaScanner(  142):    total time: 1584ms
D/MediaScannerService(  142): done scanning volume internal
D/MediaScannerService(  142): start scanning volume external
I/ActivityManager(   53): Stopping service: com.android.providers.downloads/.DownloadService
I/ActivityManager(   53): Stopping service: com.android.mms/.transaction.SmsReceiverService
V/MediaScanner(  142): pruneDeadThumbnailFiles... android.database.sqlite.SQLiteCursor@437b8de8
V/MediaScanner(  142): /pruneDeadThumbnailFiles... android.database.sqlite.SQLiteCursor@437b8de8
D/HomeLoaders(   93):   ----> cleared application list
D/MediaScanner(  142):  prescan time: 302ms
D/MediaScanner(  142):     scan time: 2ms
D/MediaScanner(  142): postscan time: 64ms
D/MediaScanner(  142):    total time: 368ms
D/MediaScannerService(  142): done scanning volume external
I/ActivityManager(   53): Stopping service: com.android.providers.media/.MediaScannerService
D/dalvikvm(   53): GC freed 5366 objects / 265488 bytes in 102ms
D/AlarmManagerService(   53): Kernel timezone updated to 180 minutes west of GMT
D/SystemClock(   90): Setting time of day to sec=1320521573
W/SystemClock(   90): Unable to set rtc to 1320521573: Invalid argument
D/AndroidRuntime(  185): 
D/AndroidRuntime(  185): >>>>>>>>>>>>>> AndroidRuntime START <<<<<<<<<<<<<<
D/AndroidRuntime(  185): CheckJNI is ON
D/AndroidRuntime(  185): --- registering native functions ---
D/PackageParser(   53): Scanning package: /data/app/vmdl66541.tmp
D/dalvikvm(   53): GC freed 18982 objects / 954424 bytes in 213ms
I/PackageManager(   53): Removing non-system package:com.rhomobile.test_rhodes
D/PackageManager(   53): Removing package com.rhomobile.test_rhodes
D/PackageManager(   53): Unregistered content provider: com.rhomobile.test_rhodes, className = com.rhomobile.rhodes.LocalFileProvider, isSyncable = false
D/PackageManager(   53):   Providers: com.rhomobile.rhodes.LocalFileProvider
D/PackageManager(   53):   Services: com.rhomobile.rhodes.RhodesService
D/PackageManager(   53):   Activities: com.rhomobile.rhodes.RhodesActivity com.rhomobile.rhodes.alert.PopupActivity com.rhomobile.rhodes.camera.FileList com.rhomobile.rhodes.camera.ImageCapture com.rhomobile.rhodes.signature.ImageCapture com.rhomobile.rhodes.datetime.DateTimePickerScreen com.rhomobile.rhodes.mapview.MapView com.rhomobile.rhodes.mapview.GoogleMapView com.rhomobile.rhodes.bluetooth.RhoBluetoothDeviceListActivity
D/PackageManager(   53): Scanning package com.rhomobile.test_rhodes
I/PackageManager(   53): /data/app/vmdl66541.tmp changed; unpacking
D/PackageManager(   53): Caching shared lib lib/armeabi/librhodes.so
D/installd(   32): DexInv: --- BEGIN '/data/app/vmdl66541.tmp' ---
D/dalvikvm(  192): DexOpt: load 133ms, verify 620ms, opt 17ms
D/installd(   32): DexInv: --- END '/data/app/vmdl66541.tmp' (success) ---
D/PackageManager(   53): Registered content provider: com.rhomobile.test_rhodes, className = com.rhomobile.rhodes.LocalFileProvider, isSyncable = false
D/PackageManager(   53):   Providers: com.rhomobile.rhodes.LocalFileProvider
D/PackageManager(   53):   Services: com.rhomobile.rhodes.RhodesService
D/PackageManager(   53):   Activities: com.rhomobile.rhodes.RhodesActivity com.rhomobile.rhodes.alert.PopupActivity com.rhomobile.rhodes.camera.FileList com.rhomobile.rhodes.camera.ImageCapture com.rhomobile.rhodes.signature.ImageCapture com.rhomobile.rhodes.datetime.DateTimePickerScreen com.rhomobile.rhodes.mapview.MapView com.rhomobile.rhodes.mapview.GoogleMapView com.rhomobile.rhodes.bluetooth.RhoBluetoothDeviceListActivity
D/ActivityManager(   53): Uninstalling process com.rhomobile.test_rhodes
I/installd(   32): move /data/dalvik-cache/data@app@vmdl66541.tmp@classes.dex -> /data/dalvik-cache/data@app@com.rhomobile.test_rhodes.apk@classes.dex
D/PackageManager(   53): New package installed in /data/app/com.rhomobile.test_rhodes.apk
D/AndroidRuntime(  185): Shutting down VM
D/dalvikvm(  185): DestroyJavaVM waiting for non-daemon threads to exit
D/ActivityManager(   53): Uninstalling process com.rhomobile.test_rhodes
D/dalvikvm(  185): DestroyJavaVM shutting VM down
D/dalvikvm(  185): HeapWorker thread shutting down
D/dalvikvm(  185): HeapWorker thread has shut down
D/jdwp    (  185): JDWP shutting down net...
D/dalvikvm(  185): VM cleaning up
D/dalvikvm(  185): LinearAlloc 0x0 used 663068 of 4194304 (15%)
W/ResourceType(   53): No package identifier when getting value for resource number 0x7f060001
W/ResourceType(   53): No package identifier when getting value for resource number 0x7f060000
I/ActivityManager(   53): Start proc com.svox.pico for broadcast com.svox.pico/.VoiceDataInstallerReceiver: pid=197 uid=10016 gids={}
D/dalvikvm(   93): GC freed 1824 objects / 93744 bytes in 542ms
D/HomeLoaders(   93): application intent received: android.intent.action.PACKAGE_REMOVED, replacing=true
D/HomeLoaders(   93):   --> package:com.rhomobile.test_rhodes
D/HomeLoaders(   93): application intent received: android.intent.action.PACKAGE_ADDED, replacing=true
D/HomeLoaders(   93):   --> package:com.rhomobile.test_rhodes
D/HomeLoaders(   93):   --> update package com.rhomobile.test_rhodes
D/dalvikvm(   53): GC freed 11807 objects / 545920 bytes in 687ms
W/ResourceType(   53): No package identifier when getting value for resource number 0x7f060001
W/ResourceType(   53): No package identifier when getting value for resource number 0x7f060000
D/AndroidRuntime(  202): 
D/AndroidRuntime(  202): >>>>>>>>>>>>>> AndroidRuntime START <<<<<<<<<<<<<<
D/AndroidRuntime(  202): CheckJNI is ON
D/AndroidRuntime(  202): --- registering native functions ---
I/ActivityManager(   53): Starting activity: Intent { act=android.intent.action.MAIN flg=0x10000000 cmp=com.rhomobile.test_rhodes/com.rhomobile.rhodes.RhodesActivity }
D/AndroidRuntime(  202): Shutting down VM
D/dalvikvm(  202): DestroyJavaVM waiting for non-daemon threads to exit
D/dalvikvm(  202): DestroyJavaVM shutting VM down
D/dalvikvm(  202): HeapWorker thread shutting down
D/dalvikvm(  202): HeapWorker thread has shut down
D/jdwp    (  202): JDWP shutting down net...
D/dalvikvm(  202): VM cleaning up
I/ActivityManager(   53): Start proc com.rhomobile.test_rhodes for activity com.rhomobile.test_rhodes/com.rhomobile.rhodes.RhodesActivity: pid=214 uid=10024 gids={3003}
D/dalvikvm(  202): LinearAlloc 0x0 used 674660 of 4194304 (16%)
D/dalvikvm(  214): Trying to load lib /data/data/com.rhomobile.test_rhodes/lib/librhodes.so 0x4376ac70
D/dalvikvm(  214): Added shared lib /data/data/com.rhomobile.test_rhodes/lib/librhodes.so 0x4376ac70
I/ActivityThread(  214): Publishing provider com.rhomobile.test_rhodes: com.rhomobile.rhodes.LocalFileProvider
W/ServiceManager(   31): Permission failure: android.permission.CAMERA from uid=10024 pid=214
E/CameraService(   31): Permission Denial: can't use the camera pid=214, uid=10024
D/dalvikvm(  214): +++ not scanning '/system/lib/libwebcore.so' for 'E' (wrong CL)
D/dalvikvm(  214): +++ not scanning '/system/lib/libexif.so' for 'E' (wrong CL)
D/dalvikvm(  214): +++ not scanning '/system/lib/libFFTEm.so' for 'E' (wrong CL)
D/dalvikvm(  214): +++ not scanning '/system/lib/libmedia_jni.so' for 'E' (wrong CL)
D/dalvikvm(  214): +++ not scanning '/system/lib/libwebcore.so' for 'isTitleEnabled' (wrong CL)
D/dalvikvm(  214): +++ not scanning '/system/lib/libexif.so' for 'isTitleEnabled' (wrong CL)
D/dalvikvm(  214): +++ not scanning '/system/lib/libFFTEm.so' for 'isTitleEnabled' (wrong CL)
D/dalvikvm(  214): +++ not scanning '/system/lib/libmedia_jni.so' for 'isTitleEnabled' (wrong CL)
D/Camera-JNI(  214): release camera
D/dalvikvm(  214): GC freed 1677 objects / 137520 bytes in 85ms
I/RhodesActivity(  214): >>>>>>>>>>>>>>> onCreate()
D/dalvikvm(  214): +++ not scanning '/system/lib/libwebcore.so' for 'T' (wrong CL)
D/dalvikvm(  214): +++ not scanning '/system/lib/libexif.so' for 'T' (wrong CL)
D/dalvikvm(  214): +++ not scanning '/system/lib/libFFTEm.so' for 'T' (wrong CL)
D/dalvikvm(  214): +++ not scanning '/system/lib/libmedia_jni.so' for 'T' (wrong CL)
D/dalvikvm(  214): +++ not scanning '/system/lib/libwebcore.so' for 'I' (wrong CL)
D/dalvikvm(  214): +++ not scanning '/system/lib/libexif.so' for 'I' (wrong CL)
D/dalvikvm(  214): +++ not scanning '/system/lib/libFFTEm.so' for 'I' (wrong CL)
D/dalvikvm(  214): +++ not scanning '/system/lib/libmedia_jni.so' for 'I' (wrong CL)
D/RhodesActivity(  214): RhodesActivity.onStart()
D/RhodesActivity(  214): RhodesActivity.onResume()
D/dalvikvm(  214): +++ not scanning '/system/lib/libwebcore.so' for 'initClassLoader' (wrong CL)
D/dalvikvm(  214): +++ not scanning '/system/lib/libexif.so' for 'initClassLoader' (wrong CL)
D/dalvikvm(  214): +++ not scanning '/system/lib/libFFTEm.so' for 'initClassLoader' (wrong CL)
D/dalvikvm(  214): +++ not scanning '/system/lib/libmedia_jni.so' for 'initClassLoader' (wrong CL)
D/RhodesService(  214): Root path: null
D/RhoFileApi(  214): App root path: /data/data/com.rhomobile.test_rhodes/rhodata/
D/RhoFileApi(  214): Sqlite journals path: /data/data/com.rhomobile.test_rhodes/sqlite_stmt_journals/
D/dalvikvm(  214): +++ not scanning '/system/lib/libwebcore.so' for 'nativeInitPath' (wrong CL)
D/dalvikvm(  214): +++ not scanning '/system/lib/libexif.so' for 'nativeInitPath' (wrong CL)
D/dalvikvm(  214): +++ not scanning '/system/lib/libFFTEm.so' for 'nativeInitPath' (wrong CL)
D/dalvikvm(  214): +++ not scanning '/system/lib/libmedia_jni.so' for 'nativeInitPath' (wrong CL)
D/dalvikvm(  214): +++ not scanning '/system/lib/libwebcore.so' for 'nativeInit' (wrong CL)
D/dalvikvm(  214): +++ not scanning '/system/lib/libexif.so' for 'nativeInit' (wrong CL)
D/dalvikvm(  214): +++ not scanning '/system/lib/libFFTEm.so' for 'nativeInit' (wrong CL)
D/dalvikvm(  214): +++ not scanning '/system/lib/libmedia_jni.so' for 'nativeInit' (wrong CL)
I/global  (  214): Default buffer size used in BufferedReader constructor. It would be better to be explicit if an 8k-char buffer is required.
D/dalvikvm(  214): +++ not scanning '/system/lib/libwebcore.so' for 'updateStatTable' (wrong CL)
D/dalvikvm(  214): +++ not scanning '/system/lib/libexif.so' for 'updateStatTable' (wrong CL)
D/dalvikvm(  214): +++ not scanning '/system/lib/libFFTEm.so' for 'updateStatTable' (wrong CL)
D/dalvikvm(  214): +++ not scanning '/system/lib/libmedia_jni.so' for 'updateStatTable' (wrong CL)
I/RhodesService(  214): Application hash was changed
W/ActivityManager(   53): No content provider found for: 
D/RhoFileApi(  214): App root path: /data/data/com.rhomobile.test_rhodes/rhodata/
D/RhoFileApi(  214): Sqlite journals path: /data/data/com.rhomobile.test_rhodes/sqlite_stmt_journals/
I/global  (  214): Default buffer size used in BufferedReader constructor. It would be better to be explicit if an 8k-char buffer is required.
D/RhoFileApi(  214): Copy hash to FS
D/RhoFileApi(  214): File hash copied
D/dalvikvm(  214): +++ not scanning '/system/lib/libwebcore.so' for 'createRhodesApp' (wrong CL)
D/dalvikvm(  214): +++ not scanning '/system/lib/libexif.so' for 'createRhodesApp' (wrong CL)
D/dalvikvm(  214): +++ not scanning '/system/lib/libFFTEm.so' for 'createRhodesApp' (wrong CL)
D/dalvikvm(  214): +++ not scanning '/system/lib/libmedia_jni.so' for 'createRhodesApp' (wrong CL)
I/APP     (  214): I 11/05/2011 16:33:17:747 000000dd         AppCallbacks| Starting main routine...
I/APP     (  214): I 11/05/2011 16:33:17:753 000000dd         AppCallbacks| ThreadQueue blocked for 4294967295 seconds...
I/APP     (  214): I 11/05/2011 16:33:17:756 000000d6            RhodesApp| Trying to get free listening port.
I/APP     (  214): I 11/05/2011 16:33:17:758 000000d6            RhodesApp| Trying to bind of 0 port...
I/APP     (  214): I 11/05/2011 16:33:17:760 000000d6            RhodesApp| Got port to bind on: 35450
I/APP     (  214): I 11/05/2011 16:33:17:762 000000d6            RhodesApp| Free listening port: 35450
D/dalvikvm(  214): +++ not scanning '/system/lib/libwebcore.so' for 'nativeStart' (wrong CL)
D/dalvikvm(  214): +++ not scanning '/system/lib/libexif.so' for 'nativeStart' (wrong CL)
D/dalvikvm(  214): +++ not scanning '/system/lib/libFFTEm.so' for 'nativeStart' (wrong CL)
D/dalvikvm(  214): +++ not scanning '/system/lib/libmedia_jni.so' for 'nativeStart' (wrong CL)
D/dalvikvm(  214): +++ not scanning '/system/lib/libwebcore.so' for 'isExist' (wrong CL)
D/dalvikvm(  214): +++ not scanning '/system/lib/libexif.so' for 'isExist' (wrong CL)
D/dalvikvm(  214): +++ not scanning '/system/lib/libFFTEm.so' for 'isExist' (wrong CL)
D/dalvikvm(  214): +++ not scanning '/system/lib/libmedia_jni.so' for 'isExist' (wrong CL)
I/APP     (  214): I 11/05/2011 16:33:17:843 000000d6               Rhodes| Loading...
D/dalvikvm(  214): GC freed 5178 objects / 381168 bytes in 180ms
D/dalvikvm(  214): +++ not scanning '/system/lib/libwebcore.so' for 'getInt' (wrong CL)
D/dalvikvm(  214): +++ not scanning '/system/lib/libexif.so' for 'getInt' (wrong CL)
D/dalvikvm(  214): +++ not scanning '/system/lib/libFFTEm.so' for 'getInt' (wrong CL)
D/dalvikvm(  214): +++ not scanning '/system/lib/libmedia_jni.so' for 'getInt' (wrong CL)
D/dalvikvm(  214): +++ not scanning '/system/lib/libwebcore.so' for 'startRhodesApp' (wrong CL)
D/dalvikvm(  214): +++ not scanning '/system/lib/libexif.so' for 'startRhodesApp' (wrong CL)
D/dalvikvm(  214): +++ not scanning '/system/lib/libFFTEm.so' for 'startRhodesApp' (wrong CL)
D/dalvikvm(  214): +++ not scanning '/system/lib/libmedia_jni.so' for 'startRhodesApp' (wrong CL)
I/APP     (  214): I 11/05/2011 16:33:18:870 000000e2            RhodesApp| Starting RhodesApp main routine...
D/dalvikvm(  214): +++ not scanning '/system/lib/libwebcore.so' for 'callActivationCallback' (wrong CL)
D/dalvikvm(  214): +++ not scanning '/system/lib/libexif.so' for 'callActivationCallback' (wrong CL)
D/dalvikvm(  214): +++ not scanning '/system/lib/libFFTEm.so' for 'callActivationCallback' (wrong CL)
D/dalvikvm(  214): +++ not scanning '/system/lib/libmedia_jni.so' for 'callActivationCallback' (wrong CL)
I/APP     (  214): I 11/05/2011 16:33:18:887 000000d6            RhodesApp| callAppActiveCallback
I/APP     (  214): I 11/05/2011 16:33:18:889 000000d6         AppCallbacks| addCommand: APP-ACTIVATED
I/APP     (  214): I 11/05/2011 16:33:18:891 000000dd         AppCallbacks| Received command APP-ACTIVATED which is greater than expected (LOCAL-SERVER-STARTED) - postpone it
I/APP     (  214): I 11/05/2011 16:33:18:892 000000dd         AppCallbacks| ThreadQueue blocked for 4294967295 seconds...
I/APP     (  214): I 11/05/2011 16:33:18:894 000000d6         AppActivated| Cannot commit now, application will be activated when started.
I/APP     (  214): I 11/05/2011 16:33:18:896 000000d6            Undefined| Handlers have completed.
I/APP     (  214): I 11/05/2011 16:33:18:898 000000d6    RhodesApplication| New AppState: Undefined
D/dalvikvm(  214): +++ not scanning '/system/lib/libwebcore.so' for 'D' (wrong CL)
D/dalvikvm(  214): +++ not scanning '/system/lib/libexif.so' for 'D' (wrong CL)
D/dalvikvm(  214): +++ not scanning '/system/lib/libFFTEm.so' for 'D' (wrong CL)
D/dalvikvm(  214): +++ not scanning '/system/lib/libmedia_jni.so' for 'D' (wrong CL)
I/APP     (  214): I 11/05/2011 16:33:18:918 000000d6        RhodesService| handleCommand: startId=1, source=com.rhomobile.rhodes.BaseActivity
I/APP     (  214): I 11/05/2011 16:33:18:920 000000d6        RhodesService| New activity was created
D/dalvikvm(  214): +++ not scanning '/system/lib/libwebcore.so' for 'callUiCreatedCallback' (wrong CL)
D/dalvikvm(  214): +++ not scanning '/system/lib/libexif.so' for 'callUiCreatedCallback' (wrong CL)
D/dalvikvm(  214): +++ not scanning '/system/lib/libFFTEm.so' for 'callUiCreatedCallback' (wrong CL)
D/dalvikvm(  214): +++ not scanning '/system/lib/libmedia_jni.so' for 'callUiCreatedCallback' (wrong CL)
I/APP     (  214): I 11/05/2011 16:33:18:932 000000d6         AppCallbacks| addCommand: UI-CREATED
I/APP     (  214): I 11/05/2011 16:33:18:935 000000dd         AppCallbacks| Received command UI-CREATED which is greater than expected (LOCAL-SERVER-STARTED) - postpone it
I/APP     (  214): I 11/05/2011 16:33:18:935 000000dd         AppCallbacks| ThreadQueue blocked for 4294967295 seconds...
I/APP     (  214): I 11/05/2011 16:33:19:062 000000d6       RhodesActivity| onServiceConnected: {com.rhomobile.test_rhodes/com.rhomobile.rhodes.RhodesService}
D/dalvikvm(  214): +++ not scanning '/system/lib/libwebcore.so' for 'canStartApp' (wrong CL)
D/dalvikvm(  214): +++ not scanning '/system/lib/libexif.so' for 'canStartApp' (wrong CL)
D/dalvikvm(  214): +++ not scanning '/system/lib/libFFTEm.so' for 'canStartApp' (wrong CL)
D/dalvikvm(  214): +++ not scanning '/system/lib/libmedia_jni.so' for 'canStartApp' (wrong CL)
I/APP     (  214): I 11/05/2011 16:33:19:078 000000d6            RhodesApp| New start params: 
D/dalvikvm(  214): +++ not scanning '/system/lib/libwebcore.so' for 'getBool' (wrong CL)
D/dalvikvm(  214): +++ not scanning '/system/lib/libexif.so' for 'getBool' (wrong CL)
D/dalvikvm(  214): +++ not scanning '/system/lib/libFFTEm.so' for 'getBool' (wrong CL)
D/dalvikvm(  214): +++ not scanning '/system/lib/libmedia_jni.so' for 'getBool' (wrong CL)
I/ActivityManager(   53): Displayed activity com.rhomobile.test_rhodes/com.rhomobile.rhodes.RhodesActivity: 3246 ms (total 3246 ms)
I/APP     (  214): I 11/05/2011 16:33:19:527 000000e2              RhoRuby| Init_RhoBlobs: /data/data/com.rhomobile.test_rhodes/rhodata/db/db-files
I/APP     (  214): I 11/05/2011 16:33:19:635 000000e2              RhoRuby| require_compiled: rhoframework
I/APP     (  214): I 11/05/2011 16:33:19:678 000000e2              RhoRuby| require_compiled: rational
I/APP     (  214): I 11/05/2011 16:33:19:688 000000e2              RhoRuby| require_compiled: rhom/rhom_db_adapter
I/APP     (  214): I 11/05/2011 16:33:19:742 000000e2              RhoRuby| require_compiled: rhodes
I/APP     (  214): I 11/05/2011 16:33:19:763 000000e2              RhoRuby| require_compiled: rhom/rhom_object
I/APP     (  214): I 11/05/2011 16:33:19:775 000000e2              RhoRuby| require_compiled: rhofsconnector
I/APP     (  214): I 11/05/2011 16:33:19:781 000000e2              RhoRuby| require_compiled: rho/rhofsconnector
I/APP     (  214): I 11/05/2011 16:33:19:798 000000e2              RhoRuby| require_compiled: rhom/rhom_object_factory
I/APP     (  214): I 11/05/2011 16:33:20:044 000000e2              RhoRuby| require_compiled: rhom/rhom
I/APP     (  214): I 11/05/2011 16:33:20:074 000000e2              RhoRuby| require_compiled: rhom/rhom_model
I/APP     (  214): I 11/05/2011 16:33:20:105 000000e2              RhoRuby| require_compiled: rhom
I/APP     (  214): I 11/05/2011 16:33:20:110 000000e2              RhoRuby| require_compiled: rho/rhoapplication
I/APP     (  214): I 11/05/2011 16:33:20:144 000000e2              RhoRuby| require_compiled: rholang/localization_simplified
I/APP     (  214): I 11/05/2011 16:33:20:182 000000e2                  APP| Current locale: en; Country code: us
I/APP     (  214): I 11/05/2011 16:33:20:185 000000e2                  APP| file: /data/data/com.rhomobile.test_rhodes/rhodata/lib/rholang/lang_
I/APP     (  214): I 11/05/2011 16:33:20:188 000000e2              RhoRuby| require_compiled: /data/data/com.rhomobile.test_rhodes/rhodata/lib/rholang/lang_en
I/APP     (  214): I 11/05/2011 16:33:20:203 000000e2              RhoRuby| require_compiled: rho/rhomsg
I/APP     (  214): I 11/05/2011 16:33:20:210 000000e2                  APP| Current locale: en; Country code: us
I/APP     (  214): I 11/05/2011 16:33:20:211 000000e2                  APP| file: /data/data/com.rhomobile.test_rhodes/rhodata/lib/rholang/rhomsg_
I/APP     (  214): I 11/05/2011 16:33:20:214 000000e2              RhoRuby| require_compiled: /data/data/com.rhomobile.test_rhodes/rhodata/lib/rholang/rhomsg_en
I/APP     (  214): I 11/05/2011 16:33:20:222 000000e2              RhoRuby| require_compiled: rho/rhotabbar
I/APP     (  214): I 11/05/2011 16:33:20:233 000000e2              RhoRuby| require_compiled: rho/rhotoolbar
I/APP     (  214): I 11/05/2011 16:33:20:243 000000e2              RhoRuby| require_compiled: indifferent_access
I/APP     (  214): I 11/05/2011 16:33:20:272 000000e2              RhoRuby| require_compiled: rho/rhosupport
I/APP     (  214): I 11/05/2011 16:33:20:314 000000e2              RhoRuby| require_compiled: rho/rhocontroller
I/APP     (  214): I 11/05/2011 16:33:20:340 000000e2              RhoRuby| require_compiled: rho/render
I/APP     (  214): I 11/05/2011 16:33:20:399 000000e2              RhoRuby| require_compiled: rho/rho
I/APP     (  214): I 11/05/2011 16:33:20:647 000000e2              RhoRuby| require_compiled: rho/rhoerror
I/APP     (  214): I 11/05/2011 16:33:20:658 000000e2                  APP| Current locale: en; Country code: us
I/APP     (  214): I 11/05/2011 16:33:20:660 000000e2                  APP| file: /data/data/com.rhomobile.test_rhodes/rhodata/lib/rholang/rhoerror_
I/APP     (  214): I 11/05/2011 16:33:20:662 000000e2              RhoRuby| require_compiled: /data/data/com.rhomobile.test_rhodes/rhodata/lib/rholang/rhoerror_en
I/APP     (  214): I 11/05/2011 16:33:20:674 000000e2              RhoRuby| require_compiled: rhom/rhom_source
I/APP     (  214): I 11/05/2011 16:33:20:706 000000e2              RhoRuby| require_compiled: rho/rhoviewhelpers
I/APP     (  214): I 11/05/2011 16:33:20:736 000000e2              RhoRuby| require_compiled: rho
I/APP     (  214): I 11/05/2011 16:33:20:741 000000e2                  APP| RHO loaded
I/APP     (  214): I 11/05/2011 16:33:20:742 000000e2                  APP| Calling RHO.initialize
I/APP     (  214): I 11/05/2011 16:33:20:747 000000e2                   DB| Open DB: /data/data/com.rhomobile.test_rhodes/rhodata/db/syncdbuser.sqlite
I/APP     (  214): I 11/05/2011 16:33:20:862 000000e2            RhodesApp| Starting sync engine...
I/APP     (  214): I 11/05/2011 16:33:20:864 000000e2                 Sync| sync_poll_interval: 0
I/APP     (  214): I 11/05/2011 16:33:20:866 000000e2                 Sync| syncserver: 
I/APP     (  214): I 11/05/2011 16:33:20:867 000000e2                 Sync| bulksync_state: 0
I/APP     (  214): I 11/05/2011 16:33:20:868 000000e2            RhodesApp| RhoRubyInitApp...
I/APP     (  214): I 11/05/2011 16:33:20:869 000000e2                  APP| init_app
I/APP     (  214): I 11/05/2011 16:33:20:872 000000e2              RhoRuby| require_compiled: application
I/APP     (  214): I 11/05/2011 16:33:20:880 000000e2                  APP| Current locale: en; Country code: us
I/APP     (  214): I 11/05/2011 16:33:20:886 000000e2                  APP| on_reinstall_config_update: {"LogToOutput"=>["0", "1"]}
I/APP     (  214): I 11/05/2011 16:33:20:942 000000e2           HttpServer| Start HTTP server
I/APP     (  214): I 11/05/2011 16:33:20:946 000000e2           HttpServer| Listen for connections on port 35450
I/APP     (  214): I 11/05/2011 16:33:20:947 000000e2         AppCallbacks| addCommand: LOCAL-SERVER-STARTED
I/APP     (  214): I 11/05/2011 16:33:20:949 000000dd         AppCallbacks| process command: LOCAL-SERVER-STARTED
I/APP     (  214): I 11/05/2011 16:33:20:951 000000dd           AppStarted| Handlers have completed.
I/APP     (  214): I 11/05/2011 16:33:20:952 000000dd         AppActivated| Handlers have completed.
I/APP     (  214): I 11/05/2011 16:33:20:954 000000dd    RhodesApplication| New AppState: AppActivated
I/APP     (  214): I 11/05/2011 16:33:20:955 000000dd         AppCallbacks| process command: UI-CREATED
I/APP     (  214): I 11/05/2011 16:33:20:992 000000e2           HttpServer| Process URI: '/system/uicreated'
I/APP     (  214): I 11/05/2011 16:33:20:995 000000e2                  APP| on_ui_created.navigate to start url: '/app'
D/dalvikvm(  214): +++ not scanning '/system/lib/libwebcore.so' for 'howLongWaitMs' (wrong CL)
D/dalvikvm(  214): +++ not scanning '/system/lib/libexif.so' for 'howLongWaitMs' (wrong CL)
D/dalvikvm(  214): +++ not scanning '/system/lib/libFFTEm.so' for 'howLongWaitMs' (wrong CL)
D/dalvikvm(  214): +++ not scanning '/system/lib/libmedia_jni.so' for 'howLongWaitMs' (wrong CL)
V/SplashScreen(  214): ms[1320521601004] $$$$$$$$$$$$$$$$$$$$$$$     DELAY for SplashScreen = 0
I/APP     (  214): I 11/05/2011 16:33:21:041 000000dd         AppCallbacks| process command: APP-ACTIVATED
V/SimpleMainView(  214): ms[1320521601160] processForNativeView : [http://localhost:35450/app]
D/dalvikvm(  214): +++ not scanning '/system/lib/libwebcore.so' for 'getFactoryHandleByViewType' (wrong CL)
I/APP     (  214): I 11/05/2011 16:33:21:168 000000e2           HttpServer| Process URI: '/system/activateapp'
D/dalvikvm(  214): +++ not scanning '/system/lib/libexif.so' for 'getFactoryHandleByViewType' (wrong CL)
D/dalvikvm(  214): +++ not scanning '/system/lib/libFFTEm.so' for 'getFactoryHandleByViewType' (wrong CL)
D/dalvikvm(  214): +++ not scanning '/system/lib/libmedia_jni.so' for 'getFactoryHandleByViewType' (wrong CL)
I/APP     (  214): I 11/05/2011 16:33:21:210 000000dd         AppCallbacks| ThreadQueue blocked for 4294967295 seconds...
I/APP     (  214): I 11/05/2011 16:33:21:172 000000d6       SimpleMainView| Cleared URL: http://localhost:35450/app
V/SimpleMainView.View(  214): ms[1320521601266]  Main Window :: onSizeChanged() old [ 480 x 762 ]  new [ 0 x 0 ]
I/APP     (  214): I 11/05/2011 16:33:21:527 000000e2           HttpServer| Process URI: '/app'
I/APP     (  214): I 11/05/2011 16:33:21:655 000000d6     RhoWebViewClient| Loading URL: http://localhost:35450/app/index_erb.iseq
