I/vold    (   27): Android Volume Daemon version 2.0
I/DEBUG   (   28): debuggerd: Nov 24 2009 14:48:45
I/vold    (   27): New MMC card 'SU02G' (serial 1012966) added @ /devices/platform/goldfish_mmc.0/mmc_host/mmc0/mmc0:e118
I/vold    (   27): Disk (blkdev 179:0), 65536 secs (32 MB) 0 partitions
I/vold    (   27): New blkdev 179.0 on media SU02G, media path /devices/platform/goldfish_mmc.0/mmc_host/mmc0/mmc0:e118, Dpp 0
I/vold    (   27): Evaluating dev '/devices/platform/goldfish_mmc.0/mmc_host/mmc0/mmc0:e118/block/mmcblk0' for mountable filesystems for '/sdcard'
I/vold    (   27): Aborting start of /sdcard (bootstrap = 1)
I/vold    (   27): Volmgr not ready to handle device
E/vold    (   27): Error opening switch name path '/sys/class/switch/test2' (No such file or directory)
E/vold    (   27): Error bootstrapping switch '/sys/class/switch/test2' (No such file or directory)
E/vold    (   27): Error opening switch name path '/sys/class/switch/test' (No such file or directory)
E/vold    (   27): Error bootstrapping switch '/sys/class/switch/test' (No such file or directory)
D/vold    (   27): Bootstrapping complete
D/qemud   (   35): entering main loop
D/qemud   (   35): fdhandler_accept_event: accepting on fd 10
D/qemud   (   35): created client 0xe078 listening on fd 8
D/qemud   (   35): client_fd_receive: attempting registration for service 'boot-properties'
D/qemud   (   35): client_fd_receive:    -> received channel id 1
D/qemud   (   35): client_registration: registration succeeded for client 1
I/qemu-props(   45): connected to 'boot-properties' qemud service.
I/qemu-props(   45): received: dalvik.vm.heapsize=24m
I/qemu-props(   45): received: qemu.sf.lcd_density=240
I/qemu-props(   45): received: 
I/qemu-props(   45): invalid format, ignored.
D/qemud   (   35): fdhandler_accept_event: accepting on fd 10
D/qemud   (   35): created client 0xe078 listening on fd 11
D/qemud   (   35): fdhandler_event: disconnect on fd 11
D/qemud   (   35): fdhandler_accept_event: accepting on fd 10
D/qemud   (   35): created client 0xe078 listening on fd 11
D/qemud   (   35): client_fd_receive: attempting registration for service 'gsm'
D/qemud   (   35): client_fd_receive:    -> received channel id 2
D/qemud   (   35): client_registration: registration succeeded for client 2
D/AndroidRuntime(   30): 
D/AndroidRuntime(   30): >>>>>>>>>>>>>> AndroidRuntime START <<<<<<<<<<<<<<
D/AndroidRuntime(   30): CheckJNI is ON
I/        (   31): ServiceManager: 0xac38
I/AudioFlinger(   31): AudioFlinger's thread ready to run for output 0
I/CameraService(   31): CameraService started: pid=31
D/AndroidRuntime(   30): --- registering native functions ---
I/Zygote  (   30): Preloading classes...
D/dalvikvm(   30): GC freed 800 objects / 44048 bytes in 9ms
D/dalvikvm(   30): GC freed 240 objects / 13920 bytes in 5ms
D/dalvikvm(   30): GC freed 228 objects / 14376 bytes in 5ms
D/dalvikvm(   30): GC freed 505 objects / 31896 bytes in 8ms
D/dalvikvm(   30): Trying to load lib /system/lib/libexif.so 0x0
D/dalvikvm(   30): Added shared lib /system/lib/libexif.so 0x0
D/dalvikvm(   30): Trying to load lib /system/lib/libFFTEm.so 0x0
D/dalvikvm(   30): Added shared lib /system/lib/libFFTEm.so 0x0
D/dalvikvm(   30): Trying to load lib /system/lib/libmedia_jni.so 0x0
D/dalvikvm(   30): Added shared lib /system/lib/libmedia_jni.so 0x0
D/dalvikvm(   30): Trying to load lib /system/lib/libmedia_jni.so 0x0
D/dalvikvm(   30): Shared lib '/system/lib/libmedia_jni.so' already loaded in same CL 0x0
I/dalvikvm(   30): threadid=3: recursive native library load attempt (/system/lib/libmedia_jni.so)
D/dalvikvm(   30): Trying to load lib /system/lib/libmedia_jni.so 0x0
D/dalvikvm(   30): Shared lib '/system/lib/libmedia_jni.so' already loaded in same CL 0x0
I/dalvikvm(   30): threadid=3: recursive native library load attempt (/system/lib/libmedia_jni.so)
D/dalvikvm(   30): Trying to load lib /system/lib/libmedia_jni.so 0x0
D/dalvikvm(   30): Shared lib '/system/lib/libmedia_jni.so' already loaded in same CL 0x0
I/dalvikvm(   30): threadid=3: recursive native library load attempt (/system/lib/libmedia_jni.so)
D/dalvikvm(   30): GC freed 323 objects / 20144 bytes in 8ms
D/dalvikvm(   30): GC freed 3536 objects / 168944 bytes in 21ms
D/dalvikvm(   30): GC freed 133 objects / 8640 bytes in 15ms
D/dalvikvm(   30): GC freed 518 objects / 31496 bytes in 15ms
D/dalvikvm(   30): GC freed 175 objects / 9416 bytes in 15ms
D/dalvikvm(   30): GC freed 222 objects / 12424 bytes in 18ms
D/dalvikvm(   30): Trying to load lib /system/lib/libsrec_jni.so 0x0
D/dalvikvm(   30): Added shared lib /system/lib/libsrec_jni.so 0x0
D/dalvikvm(   30): Trying to load lib /system/lib/libsrec_jni.so 0x0
D/dalvikvm(   30): Shared lib '/system/lib/libsrec_jni.so' already loaded in same CL 0x0
D/dalvikvm(   30): GC freed 235 objects / 32016 bytes in 18ms
D/dalvikvm(   30): GC freed 764 objects / 46992 bytes in 29ms
D/dalvikvm(   30): GC freed 311 objects / 20096 bytes in 27ms
D/dalvikvm(   30): Trying to load lib /system/lib/libwebcore.so 0x0
D/dalvikvm(   30): Added shared lib /system/lib/libwebcore.so 0x0
D/dalvikvm(   30): GC freed 421 objects / 22568 bytes in 29ms
D/dalvikvm(   30): GC freed 441 objects / 29944 bytes in 30ms
D/dalvikvm(   30): GC freed 280 objects / 17680 bytes in 30ms
D/dalvikvm(   30): GC freed 467 objects / 27024 bytes in 32ms
D/dalvikvm(   30): GC freed 585 objects / 31576 bytes in 32ms
D/dalvikvm(   30): GC freed 1860 objects / 97424 bytes in 35ms
D/dalvikvm(   30): GC freed 656 objects / 49216 bytes in 34ms
D/dalvikvm(   30): GC freed 13146 objects / 470872 bytes in 62ms
D/dalvikvm(   30): GC freed 10431 objects / 443592 bytes in 60ms
D/dalvikvm(   30): GC freed 10061 objects / 466464 bytes in 62ms
D/dalvikvm(   30): GC freed 8004 objects / 463416 bytes in 59ms
D/dalvikvm(   30): GC freed 8150 objects / 459216 bytes in 60ms
D/dalvikvm(   30): GC freed 7940 objects / 455808 bytes in 62ms
D/dalvikvm(   30): GC freed 3223 objects / 189176 bytes in 53ms
D/dalvikvm(   30): GC freed 776 objects / 44376 bytes in 48ms
D/dalvikvm(   30): GC freed 527 objects / 34640 bytes in 48ms
D/dalvikvm(   30): GC freed 376 objects / 23416 bytes in 48ms
I/Zygote  (   30): ...preloaded 1355 classes in 7052ms.
D/dalvikvm(   30): GC freed 160 objects / 18288 bytes in 48ms
I/Zygote  (   30): Preloading resources...
D/dalvikvm(   30): GC freed 52 objects / 2512 bytes in 46ms
D/dalvikvm(   30): GC freed 253 objects / 11024 bytes in 49ms
D/dalvikvm(   30): GC freed 183 objects / 7320 bytes in 51ms
D/dalvikvm(   30): GC freed 392 objects / 18096 bytes in 50ms
D/dalvikvm(   30): GC freed 198 objects / 8816 bytes in 51ms
I/Zygote  (   30): ...preloaded 48 resources in 1143ms.
I/Zygote  (   30): ...preloaded 15 resources in 23ms.
D/dalvikvm(   30): GC freed 384 objects / 20096 bytes in 49ms
D/dalvikvm(   30): GC freed 136 objects / 5344 bytes in 50ms
D/dalvikvm(   30): GC freed 2 objects / 48 bytes in 49ms
I/dalvikvm(   30): Splitting out new zygote heap
I/dalvikvm(   30): System server process 52 has been created
I/Zygote  (   30): Accepting command socket connections
D/dalvikvm(   52): Trying to load lib /system/lib/libandroid_servers.so 0x0
D/dalvikvm(   52): Added shared lib /system/lib/libandroid_servers.so 0x0
I/sysproc (   52): Entered system_init()
I/sysproc (   52): ServiceManager: 0x2123a8
I/SurfaceFlinger(   52): SurfaceFlinger is starting
I/SurfaceFlinger(   52): SurfaceFlinger's main thread ready to run. Initializing graphics H/W...
E/MemoryHeapBase(   52): error opening /dev/pmem: No such file or directory
E/SurfaceFlinger(   52): Couldn't open /sys/power/wait_for_fb_sleep or /sys/power/wait_for_fb_wake
E/libEGL  (   52): couldn't load <libhgl.so> library (Cannot load library: load_library[984]: Library 'libhgl.so' not found)
I/SurfaceFlinger(   52): EGL informations:
I/SurfaceFlinger(   52): # of configs : 6
I/SurfaceFlinger(   52): vendor    : Android
I/SurfaceFlinger(   52): version   : 1.31 Android META-EGL
I/SurfaceFlinger(   52): extensions: 
I/SurfaceFlinger(   52): Client API: OpenGL ES
I/EGLDisplaySurface(   52): using (fd=21)
I/EGLDisplaySurface(   52): id           = 
I/EGLDisplaySurface(   52): xres         = 480 px
I/EGLDisplaySurface(   52): yres         = 800 px
I/EGLDisplaySurface(   52): xres_virtual = 480 px
I/EGLDisplaySurface(   52): yres_virtual = 1600 px
I/EGLDisplaySurface(   52): bpp          = 16
I/EGLDisplaySurface(   52): r            = 11:5
I/EGLDisplaySurface(   52): g            =  5:6
I/EGLDisplaySurface(   52): b            =  0:5
I/EGLDisplaySurface(   52): width        = 74 mm (164.756760 dpi)
I/EGLDisplaySurface(   52): height       = 123 mm (165.203247 dpi)
I/EGLDisplaySurface(   52): refresh rate = 60.00 Hz
W/HAL     (   52): load: module=/system/lib/hw/copybit.goldfish.so error=Cannot load library: load_library[984]: Library '/system/lib/hw/copybit.goldfish.so' not found
W/HAL     (   52): load: module=/system/lib/hw/copybit.default.so error=Cannot load library: load_library[984]: Library '/system/lib/hw/copybit.default.so' not found
I/SurfaceFlinger(   52): OpenGL informations:
I/SurfaceFlinger(   52): vendor    : Android
I/SurfaceFlinger(   52): renderer  : Android PixelFlinger 1.0
I/SurfaceFlinger(   52): version   : OpenGL ES-CM 1.0
I/SurfaceFlinger(   52): extensions: GL_OES_byte_coordinates GL_OES_fixed_point GL_OES_single_precision GL_OES_read_format GL_OES_compressed_paletted_texture GL_OES_draw_texture GL_OES_matrix_get GL_OES_query_matrix GL_ARB_texture_compression GL_ARB_texture_non_power_of_two GL_ANDROID_direct_texture GL_ANDROID_user_clip_plane GL_ANDROID_vertex_buffer_object GL_ANDROID_generate_mipmap 
W/HAL     (   52): load: module=/system/lib/hw/copybit.goldfish.so error=Cannot load library: load_library[984]: Library '/system/lib/hw/copybit.goldfish.so' not found
W/HAL     (   52): load: module=/system/lib/hw/copybit.default.so error=Cannot load library: load_library[984]: Library '/system/lib/hw/copybit.default.so' not found
W/HAL     (   52): load: module=/system/lib/hw/overlay.goldfish.so error=Cannot load library: load_library[984]: Library '/system/lib/hw/overlay.goldfish.so' not found
W/HAL     (   52): load: module=/system/lib/hw/overlay.default.so error=Cannot load library: load_library[984]: Library '/system/lib/hw/overlay.default.so' not found
I/sysproc (   52): System server: starting Android runtime.
I/sysproc (   52): System server: starting Android services.
I/SystemServer(   52): Entered the Android system server!
I/sysproc (   52): System server: entering thread pool.
I/SystemServer(   52): Starting Entropy Service.
V/RandomBlock(   52): reading from file /data/system/entropy.dat
V/RandomBlock(   52): writing to file /dev/urandom
V/RandomBlock(   52): reading from file /dev/urandom
V/RandomBlock(   52): writing to file /data/system/entropy.dat
I/SystemServer(   52): Starting Power Manager.
I/SystemServer(   52): Starting Activity Manager.
I/BootAnimation(   62): boot animation disabled
I/SystemServer(   52): Starting telephony registry
I/SystemServer(   52): Starting Package Manager.
I/Installer(   52): connecting...
I/installd(   32): new connection
I/PackageManager(   52): Got library android.test.runner in /system/framework/android.test.runner.jar
I/PackageManager(   52): Got library com.android.im.plugin in /system/framework/com.android.im.plugin.jar
W/PackageManager(   52): Running ENG build: no pre-dexopt!
D/dalvikvm(   52): GC freed 6336 objects / 285600 bytes in 111ms
D/PackageManager(   52): Scanning app dir /system/framework
V/PackageParser(   52): android:backupAgent = com.android.internal.backup.SystemBackupAgent from android+com.android.internal.backup.SystemBackupAgent
D/PackageManager(   52): Scanning app dir /system/app
W/PackageParser(   52): Intent filter for activity ActivityIntentInfo{4377c0a8 com.android.camera.ReviewImage} defines no actions
V/PackageParser(   52): android:backupAgent = com.android.inputmethod.latin.LatinIMEBackupAgent from com.android.inputmethod.latin+LatinIMEBackupAgent
D/dalvikvm(   52): GC freed 3839 objects / 222008 bytes in 90ms
V/PackageParser(   52): android:backupAgent = com.android.providers.settings.SettingsBackupAgent from com.android.providers.settings+SettingsBackupAgent
D/PackageManager(   52): Scanning app dir /data/app
D/dalvikvm(   52): GC freed 5056 objects / 272432 bytes in 97ms
W/PackageParser(   52): Intent filter for activity ActivityIntentInfo{43811fd0 com.example.android.apis.media.MediaPlayerDemo_Audio} defines no actions
W/PackageParser(   52): Intent filter for activity ActivityIntentInfo{43809a48 com.example.android.apis.media.MediaPlayerDemo_Video} defines no actions
D/PackageManager(   52): Scanning app dir /data/app-private
I/PackageManager(   52): Time to scan packages: 2.112 seconds
W/PackageManager(   52): Unknown permission android.permission.ADD_SYSTEM_SERVICE in package com.android.phone
W/PackageManager(   52): Unknown permission com.google.android.googleapps.permission.GOOGLE_AUTH in package com.android.providers.contacts
W/PackageManager(   52): Unknown permission com.google.android.googleapps.permission.GOOGLE_AUTH.cp in package com.android.providers.contacts
W/PackageManager(   52): Unknown permission com.google.android.providers.gmail.permission.WRITE_GMAIL in package com.android.settings
W/PackageManager(   52): Unknown permission com.google.android.providers.gmail.permission.READ_GMAIL in package com.android.settings
W/PackageManager(   52): Unknown permission com.google.android.googleapps.permission.GOOGLE_AUTH in package com.android.settings
W/PackageManager(   52): Unknown permission com.google.android.googleapps.permission.GOOGLE_AUTH in package com.android.development
W/PackageManager(   52): Unknown permission com.google.android.googleapps.permission.GOOGLE_AUTH.ALL_SERVICES in package com.android.development
W/PackageManager(   52): Unknown permission com.google.android.googleapps.permission.GOOGLE_AUTH.YouTubeUser in package com.android.development
W/PackageManager(   52): Unknown permission com.google.android.googleapps.permission.ACCESS_GOOGLE_PASSWORD in package com.android.development
W/PackageManager(   52): Unknown permission com.google.android.googleapps.permission.GOOGLE_AUTH in package com.google.android.providers.enhancedgooglesearch
W/PackageManager(   52): Unknown permission com.google.android.googleapps.permission.GOOGLE_AUTH.OTHER_SERVICES in package com.google.android.providers.enhancedgooglesearch
W/PackageManager(   52): Unknown permission com.google.android.googleapps.permission.GOOGLE_AUTH in package com.android.browser
W/PackageManager(   52): Unknown permission com.google.android.googleapps.permission.GOOGLE_AUTH.mail in package com.android.contacts
D/dalvikvm(   52): GC freed 3562 objects / 233608 bytes in 96ms
I/SystemServer(   52): Starting Content Manager.
I/SyncManager(   52): No initial accounts
I/SyncManager(   52): No initial status
I/SyncManager(   52): No initial pending operations
I/SyncManager(   52): No initial statistics
W/ActivityManager(   52): Unable to start service Intent { act=android.accounts.IAccountsService cmp=com.google.android.googleapps/.GoogleLoginService }: not found
W/AccountMonitor(   52): Couldn't connect to Intent { act=android.accounts.IAccountsService cmp=com.google.android.googleapps/.GoogleLoginService } (Missing service?)
I/SystemServer(   52): Starting System Content Providers.
I/ActivityThread(   52): Publishing provider settings: com.android.providers.settings.SettingsProvider
I/SystemServer(   52): Starting Battery Service.
E/BatteryService(   52): Could not open '/sys/class/power_supply/usb/online'
E/BatteryService(   52): Could not open '/sys/class/power_supply/battery/batt_vol'
E/BatteryService(   52): Could not open '/sys/class/power_supply/battery/batt_temp'
I/SystemServer(   52): Starting Hardware Service.
D/qemud   (   35): fdhandler_accept_event: accepting on fd 10
D/qemud   (   35): created client 0x11008 listening on fd 12
D/qemud   (   35): client_fd_receive: attempting registration for service 'hw-control'
D/qemud   (   35): client_fd_receive:    -> received channel id 3
D/qemud   (   35): client_registration: registration succeeded for client 3
W/HAL     (   52): load: module=/system/lib/hw/lights.goldfish.so error=Cannot load library: load_library[984]: Library '/system/lib/hw/lights.goldfish.so' not found
W/HAL     (   52): load: module=/system/lib/hw/lights.default.so error=Cannot load library: load_library[984]: Library '/system/lib/hw/lights.default.so' not found
I/SystemServer(   52): Starting Alarm Manager.
I/SystemServer(   52): Starting Sensor Service.
D/qemud   (   35): fdhandler_accept_event: accepting on fd 10
D/qemud   (   35): created client 0xc038 listening on fd 13
D/qemud   (   35): client_fd_receive: attempting registration for service 'sensors'
D/qemud   (   35): client_fd_receive:    -> received channel id 4
D/qemud   (   35): client_registration: registration succeeded for client 4
D/qemud   (   35): fdhandler_event: disconnect on fd 13
I/SystemServer(   52): Starting Window Manager.
I/EventHub(   52): New device: path=/dev/input/event0 name=qwerty2 id=0x10000 (of 0x1) index=1 fd=40 classes=0xf
I/EventHub(   52): New keyboard: publicID=65536 device->id=65536 devname='qwerty2' propName='hw.keyboards.65536.devname' keylayout='/system/usr/keylayout/qwerty.kl'
E/EventHub(   52): could not get driver version for /dev/input/mouse0, Not a typewriter
E/EventHub(   52): could not get driver version for /dev/input/mice, Not a typewriter
I/KeyInputQueue(   52): Device added: id=0x0, name=qwerty2, classes=f
I/KeyInputQueue(   52):   X: unknown values
I/KeyInputQueue(   52):   Y: unknown values
I/KeyInputQueue(   52):   Pressure: unknown values
I/KeyInputQueue(   52):   Size: unknown values
D/qemud   (   35): fdhandler_accept_event: accepting on fd 10
D/qemud   (   35): created client 0xc038 listening on fd 13
D/qemud   (   35): client_fd_receive: attempting registration for service 'sensors'
D/qemud   (   35): client_fd_receive:    -> received channel id 5
D/qemud   (   35): client_registration: registration succeeded for client 5
D/qemud   (   35): fdhandler_event: disconnect on fd 13
D/SensorManager(   52): found sensor: Goldfish 3-axis Accelerometer, handle=0
I/SystemServer(   52): Registering null Bluetooth Service (emulator)
E/System  (   52): Failure starting core service
E/System  (   52): java.lang.SecurityException
E/System  (   52): 	at android.os.BinderProxy.transact(Native Method)
E/System  (   52): 	at android.os.ServiceManagerProxy.addService(ServiceManagerNative.java:146)
E/System  (   52): 	at android.os.ServiceManager.addService(ServiceManager.java:72)
E/System  (   52): 	at com.android.server.ServerThread.run(SystemServer.java:162)
E/AndroidRuntime(   52): Crash logging skipped, no checkin service
I/SystemServer(   52): Starting Status Bar Service.
D/dalvikvm(   52): GC freed 2185 objects / 125864 bytes in 98ms
I/SystemServer(   52): Starting Clipboard Service.
I/SystemServer(   52): Starting Input Method Service.
W/ResourceType(   52): No package identifier when getting value for resource number 0x7f060001
W/ResourceType(   52): No package identifier when getting value for resource number 0x7f060000
I/InputManagerService(   52): Enabled input methods: com.android.inputmethod.latin/.LatinIME:jp.co.omronsoft.openwnn/.OpenWnnJAJP:com.android.inputmethod.pinyin/.PinyinIME:com.example.android.softkeyboard/.SoftKeyboard
I/SystemServer(   52): Starting NetStat Service.
I/SystemServer(   52): Starting Connectivity Service.
I/WifiService(   52): WifiService starting up with Wi-Fi disabled
I/SystemServer(   52): Starting Accessibility Manager.
I/SystemServer(   52): Starting Notification Manager.
I/SystemServer(   52): Starting Mount Service.
I/SystemServer(   52): Starting DeviceStorageMonitor service
I/SystemServer(   52): Starting Location Manager.
D/libhardware_legacy(   52): using QEMU GPS Hardware emulation
I/SystemServer(   52): Starting Search Service.
I/SystemServer(   52): Starting Checkin Service.
W/ActivityManager(   52): Unable to start service Intent { cmp=com.google.android.server.checkin/.CheckinService }: not found
W/SystemServer(   52): Using fallback Checkin Service.
I/SystemServer(   52): Starting Wallpaper Service
D/WallpaperService(   52): WallpaperService startup
I/SystemServer(   52): Starting Audio Service
W/GpsLocationProvider(   52): Could not open GPS configuration file /etc/gps.conf
D/dalvikvm(   52): Trying to load lib /system/lib/libsoundpool.so 0x0
D/dalvikvm(   52): Added shared lib /system/lib/libsoundpool.so 0x0
D/SoundPool(   52): error loading /system/media/audio/ui/Effect_Tick.ogg
W/AudioService(   52): Soundpool could not load file: /system/media/audio/ui/Effect_Tick.ogg
D/SoundPool(   52): error loading /system/media/audio/ui/KeypressStandard.ogg
W/AudioService(   52): Soundpool could not load file: /system/media/audio/ui/KeypressStandard.ogg
D/SoundPool(   52): error loading /system/media/audio/ui/KeypressSpacebar.ogg
W/AudioService(   52): Soundpool could not load file: /system/media/audio/ui/KeypressSpacebar.ogg
D/SoundPool(   52): error loading /system/media/audio/ui/KeypressDelete.ogg
W/AudioService(   52): Soundpool could not load file: /system/media/audio/ui/KeypressDelete.ogg
D/SoundPool(   52): error loading /system/media/audio/ui/KeypressReturn.ogg
W/AudioService(   52): Soundpool could not load file: /system/media/audio/ui/KeypressReturn.ogg
I/SystemServer(   52): Starting HeadsetObserver
W/HeadsetObserver(   52): This kernel does not have wired headset support
I/SystemServer(   52): Starting AppWidget Service
D/GpsLocationProvider(   52): enable
D/qemud   (   35): fdhandler_accept_event: accepting on fd 10
D/qemud   (   35): created client 0xc038 listening on fd 13
D/qemud   (   35): client_fd_receive: attempting registration for service 'gps'
D/qemud   (   35): client_fd_receive:    -> received channel id 6
D/qemud   (   35): client_registration: registration succeeded for client 6
I/WindowManager(   52): Menu key state: 0 safeMode=false
I/WindowManager(   52): Config changed: { scale=1.0 imsi=0/0 loc=en_US touch=3 keys=2/1/2 nav=3 orien=1 layout=34}
D/PowerManagerService(   52): system ready!
D/qemud   (   35): fdhandler_accept_event: accepting on fd 10
D/qemud   (   35): created client 0xc088 listening on fd 14
D/qemud   (   35): client_fd_receive: attempting registration for service 'sensors'
D/qemud   (   35): client_fd_receive:    -> received channel id 7
D/qemud   (   35): client_registration: registration succeeded for client 7
D/GpsLocationProvider(   52): GpsEventThread starting
W/ActivityManager(   52): Unable to start service Intent { act=android.accounts.IAccountsService cmp=com.google.android.googleapps/.GoogleLoginService }: not found
E/LockPatternKeyguardView(   52): Failed to bind to GLS while checking for account
W/ResourceType(   52): No package identifier when getting value for resource number 0x7f030003
D/dalvikvm(   52): GC freed 3039 objects / 137712 bytes in 134ms
D/GpsLocationProvider(   52): NetworkThread starting
D/GpsLocationProvider(   52): NetworkThread wait for network
I/ActivityManager(   52): Starting activity: Intent { act=android.intent.action.MAIN cat=[android.intent.category.HOME] flg=0x10000000 cmp=com.android.launcher/.Launcher }
D/dalvikvm(   52): GC freed 1017 objects / 45952 bytes in 92ms
W/ResourceType(   52): No package identifier when getting value for resource number 0x7f03000e
W/ResourceType(   52): No package identifier when getting value for resource number 0x7f030000
W/ResourceType(   52): No package identifier when getting value for resource number 0x7f03002f
W/ResourceType(   52): No package identifier when getting value for resource number 0x7f030009
D/ActivityManager(   52): Start running!
I/Zygote  (   52): Process: zygote socket opened
I/ActivityManager(   52): Start proc com.android.phone for added application com.android.phone: pid=88 uid=1001 gids={3002, 3001, 3003}
I/ActivityManager(   52): Start proc android.process.acore for activity com.android.launcher/.Launcher: pid=91 uid=10001 gids={3003, 1015}
W/ResourceType(   52): No package identifier when getting value for resource number 0x00000000
W/StatusBar(   52): Icon not found in <system>: 0
D/StatusBar(   52): updateResources
I/WindowManager(   52): onOrientationChanged, rotation changed to 0
I/ActivityThread(   88): Publishing provider mms-sms: com.android.providers.telephony.MmsSmsProvider
I/ARMAssembler(   52): generated scanline__00000077:03545404_00000A04_00000000 [ 29 ipp] (51 ins) at [0x2ee600:0x2ee6cc] in 6514001 ns
I/ActivityThread(   91): Publishing provider user_dictionary: com.android.providers.userdictionary.UserDictionaryProvider
I/ActivityThread(   88): Publishing provider icc: com.android.phone.IccProvider
I/ActivityThread(   88): Publishing provider mms: com.android.providers.telephony.MmsProvider
I/ActivityThread(   88): Publishing provider telephony: com.android.providers.telephony.TelephonyProvider
I/ActivityThread(   88): Publishing provider sms: com.android.providers.telephony.SmsProvider
D/dalvikvm(   52): GC freed 3094 objects / 155400 bytes in 193ms
I/ActivityThread(   91): Publishing provider applications: com.android.providers.applications.ApplicationsProvider
I/ActivityThread(   91): Publishing provider com.google.android.providers.enhancedgooglesearch: com.google.android.providers.enhancedgooglesearch.SuggestionProvider
E/ActivityThread(   91): Failed to find provider info for com.google.settings
E/ActivityThread(   91): Failed to find provider info for com.google.settings
I/ActivityThread(   91): Publishing provider com.android.globalsearch.SuggestionProvider: com.android.globalsearch.SuggestionProvider
W/ActivityManager(   52): Unable to start service Intent { act=com.android.ussd.IExtendedNetworkService }: not found
D/PhoneApp(   88): Resetting audio state/mode: IDLE
I/ActivityManager(   52): Start proc com.android.mms for broadcast com.android.mms/.transaction.SmsReceiver: pid=115 uid=10011 gids={3003, 1015}
D/AlarmManagerService(   52): Kernel timezone updated to 180 minutes west of GMT
I/ActivityThread(   91): Publishing provider com.android.globalsearch.stats: com.android.globalsearch.StatsProvider
I/ActivityThread(   91): Publishing provider contacts;call_log: com.android.providers.contacts.ContactsProvider
W/ActivityManager(   52): Unable to start service Intent { act=android.accounts.IAccountsService cmp=com.google.android.googleapps/.GoogleLoginService }: not found
W/AccountMonitor(   91): Couldn't connect to Intent { act=android.accounts.IAccountsService cmp=com.google.android.googleapps/.GoogleLoginService } (Missing service?)
I/ActivityThread(   91): Publishing provider com.android.launcher.settings: com.android.launcher.LauncherProvider
D/dalvikvm(   52): GREF has increased to 201
D/dalvikvm(   91): GC freed 3737 objects / 274992 bytes in 394ms
E/ApplicationContext(   52): Couldn't create directory for SharedPreferences file shared_prefs/wallpaper-hints.xml
I/ActivityManager(   52): Stopping service: com.android.mms/.transaction.SmsReceiverService
D/dalvikvm(   88): GC freed 2794 objects / 199776 bytes in 148ms
D/dalvikvm(   91): GC freed 1359 objects / 82640 bytes in 320ms
D/dalvikvm(   91): GC freed 576 objects / 27176 bytes in 145ms
D/dalvikvm(   91): GC freed 265 objects / 13880 bytes in 132ms
I/Resources(   88): Loaded time zone names for en_US in 4389ms.
D/SystemClock(   88): Setting time of day to sec=1320503022
W/SystemClock(   88): Unable to set rtc to 1320503022: Invalid argument
I/ActivityManager(   52): Start proc com.android.alarmclock for broadcast com.android.alarmclock/.AlarmInitReceiver: pid=133 uid=10000 gids={}
I/ActivityManager(   52): processNextBroadcast: waiting for ProcessRecord{438ee410 133:com.android.alarmclock/10000}
D/GpsLocationProvider(   52): state: DISCONNECTED apnName: null reason: radioTurnedOff
I/ActivityManager(   52): processNextBroadcast: waiting for ProcessRecord{438ee410 133:com.android.alarmclock/10000}
D/GpsLocationProvider(   52): state: DISCONNECTED apnName: null reason: gprsDetached
I/ActivityManager(   52): processNextBroadcast: waiting for ProcessRecord{438ee410 133:com.android.alarmclock/10000}
D/dalvikvm(   91): GC freed 432 objects / 24248 bytes in 418ms
I/ActivityManager(   52): processNextBroadcast: waiting for ProcessRecord{438ee410 133:com.android.alarmclock/10000}
E/ActivityThread(   88): Failed to find provider info for android.server.checkin
W/Checkin (   88): Can't update stat PHONE_GSM_REGISTERED: java.lang.IllegalArgumentException: Unknown URL content://android.server.checkin/stats
I/ActivityManager(   52): processNextBroadcast: waiting for ProcessRecord{438ee410 133:com.android.alarmclock/10000}
I/ActivityManager(   52): processNextBroadcast: waiting for ProcessRecord{438ee410 133:com.android.alarmclock/10000}
I/ActivityManager(   52): processNextBroadcast: waiting for ProcessRecord{438ee410 133:com.android.alarmclock/10000}
D/dalvikvm(   52): GC freed 5437 objects / 259888 bytes in 129ms
D/GpsLocationProvider(   52): state: DISCONNECTED apnName: null reason: null
D/HomeLoaders(   91): load applications
D/HomeLoaders(   91): loading user items
D/StatusBar(   52): updateResources
D/HomeLoaders(   91):   --> starting workspace loader
D/HomeLoaders(   91):   ----> running workspace loader (1)
I/ActivityThread(  133): Publishing provider com.android.alarmclock: com.android.alarmclock.AlarmProvider
D/HomeLoaders(   91): aborting loaders
D/HomeLoaders(   91):   --> aborting workspace loader
D/HomeLoaders(   91):   ----> worskpace loader was stopped
D/TelephonyProvider(   88): Setting numeric '310260' to be the current operator
E/ActivityThread(   88): Failed to find provider info for android.server.checkin
W/Checkin (   88): Can't update stat PHONE_GPRS_ATTEMPTED: java.lang.IllegalArgumentException: Unknown URL content://android.server.checkin/stats
D/GpsLocationProvider(   52): state: CONNECTING apnName: epc.tmobile.com reason: simLoaded
E/ActivityThread(   88): Failed to find provider info for android.server.checkin
W/Checkin (   88): Can't update stat PHONE_GPRS_CONNECTED: java.lang.IllegalArgumentException: Unknown URL content://android.server.checkin/stats
D/MobileDataStateTracker(   52): CONNECTED event did not supply interface name.
D/MobileDataStateTracker(   52): DNS server addresses are not known.
D/GpsLocationProvider(   52): state: CONNECTED apnName: epc.tmobile.com reason: simLoaded
D/GpsLocationProvider(   52): updateNetworkState available
D/GpsLocationProvider(   52): NetworkThread wait for 9223372036854775807ms
I/ActivityManager(   52): Start proc android.process.media for broadcast com.android.providers.downloads/.DownloadReceiver: pid=144 uid=10004 gids={1006, 1015, 2001, 3003}
I/ActivityManager(   52): processNextBroadcast: waiting for ProcessRecord{438bf028 144:android.process.media/10004}
D/HomeLoaders(   91): load applications
I/ActivityManager(   52): Stopping service: com.android.mms/.transaction.TransactionService
D/HomeLoaders(   91): loading user items
D/HomeLoaders(   91):   --> starting workspace loader
D/HomeLoaders(   91):   ----> running workspace loader (2)
I/ActivityManager(   52): Stopping service: com.android.mms/.transaction.SmsReceiverService
D/dalvikvm(   91): GC freed 1074 objects / 59040 bytes in 219ms
I/ActivityThread(  144): Publishing provider downloads: com.android.providers.downloads.DownloadProvider
I/ActivityThread(  144): Publishing provider drm: com.android.providers.drm.DrmProvider
I/ActivityManager(   52): Displayed activity com.android.launcher/.Launcher: 11944 ms (total 11944 ms)
I/SurfaceFlinger(   52): Boot is finished (16787 ms)
I/WindowManager(   52): Config changed: { scale=1.0 imsi=0/0 loc=en_US touch=3 keys=2/1/2 nav=3 orien=1 layout=34}
I/ActivityThread(  144): Publishing provider media: com.android.providers.media.MediaProvider
D/dalvikvm(   52): GC freed 3626 objects / 214024 bytes in 153ms
D/vold    (   27): Accepted connection from framework
D/vold    (   27): dispatch_cmd(send_ums_status):
D/vold    (   27): dispatch_cmd(mount_volume:/sdcard):
I/vold    (   27): Evaluating dev '/devices/platform/goldfish_mmc.0/mmc_host/mmc0/mmc0:e118/block/mmcblk0' for mountable filesystems for '/sdcard'
D/MountListener(   52): handleEvent volume_unmounted:/sdcard
D/MountListener(   52): handleEvent ums_disabled
D/HomeLoaders(   91):   --> done loading workspace
D/MountListener(   52): handleEvent ums_disconnected
W/logwrapper(  156): Unable to background process (No such file or directory)
D/MountListener(   52): handleEvent volume_checking:/sdcard
D/HomeLoaders(   91):   ----> worskpace items=5
D/HomeLoaders(   91):   ----> worskpace widgets=0
D/HomeLoaders(   91):   ----> items cloned, ready to refresh UI
D/HomeLoaders(   91):   ----> onDesktopItemsLoaded()
D/Launcher(   91): ------> binding 5 items
D/Launcher(   91): ------> binding 0 widgets
D/Launcher(   91): ------> start binding items
D/HomeLoaders(   91):   ----> loading applications from workspace loader
D/HomeLoaders(   91):   --> starting applications loader unlocked
D/HomeLoaders(   91):   --> starting applications loader
I//system/bin/fsck_msdos(   27): ** /dev/block//vold/179:0
I//system/bin/fsck_msdos(   27): ** Phase 1 - Read and Compare FATs
D/HomeLoaders(   91):   ----> running applications loader (1)
I//system/bin/fsck_msdos(   27): Attempting to allocate 254 KB for FAT
V/MediaProvider(  144): Attached volume: internal
I//system/bin/fsck_msdos(   27): Attempting to allocate 254 KB for FAT
I//system/bin/fsck_msdos(   27): ** Phase 2 - Check Cluster Chains
I//system/bin/fsck_msdos(   27): ** Phase 3 - Checking Directories
I//system/bin/fsck_msdos(   27): ** Phase 4 - Checking for Lost Files
I//system/bin/fsck_msdos(   27): Next free cluster in FSInfo block (4) not free
I//system/bin/fsck_msdos(   27): FIXED
I//system/bin/fsck_msdos(   27): 2 files, 32243 free (64486 clusters)
I/logwrapper(   27): /system/bin/fsck_msdos terminated by exit(0)
D/vold    (   27): Filesystem check completed OK
I/vold    (   27): Sucessfully mounted vfat filesystem 179:0 on /sdcard (safe-mode on)
D/MountListener(   52): handleEvent volume_mounted:/sdcard
V/MediaProvider(  144): /sdcard volume ID: 166403603
V/MediaProvider(  144): Attached volume: external
D/MediaPlayer(   52): Couldn't open file on client side, trying server side
D/ActivityManager(   52): checkComponentPermission() adjusting {pid,uid} to {31,1013}
D/ActivityManager(   52): checkComponentPermission() adjusting {pid,uid} to {31,1013}
D/ActivityManager(   52): checkComponentPermission() adjusting {pid,uid} to {31,1013}
D/MediaScannerService(  144): start scanning volume internal
D/ActivityManager(   52): checkComponentPermission() adjusting {pid,uid} to {31,1013}
D/ActivityManager(   52): checkComponentPermission() adjusting {pid,uid} to {31,1013}
D/ActivityManager(   52): checkComponentPermission() adjusting {pid,uid} to {31,1013}
E/MediaPlayerService(   31): Couldn't open fd for content://settings/system/notification_sound
E/MediaPlayer(   52): Unable to to create media player
W/NotificationService(   52): error loading sound for content://settings/system/notification_sound
W/NotificationService(   52): java.io.IOException: setDataSource failed.: status=0x80000000
W/NotificationService(   52): 	at android.media.MediaPlayer.setDataSource(Native Method)
W/NotificationService(   52): 	at android.media.MediaPlayer.setDataSource(MediaPlayer.java:621)
W/NotificationService(   52): 	at android.media.AsyncPlayer$Thread.run(AsyncPlayer.java:76)
W/NotificationService(   52): STOP command without a player
D/HomeLoaders(   91):   ----> cleared application list
D/AndroidRuntime(  172): 
D/AndroidRuntime(  172): >>>>>>>>>>>>>> AndroidRuntime START <<<<<<<<<<<<<<
D/AndroidRuntime(  172): CheckJNI is ON
I/ActivityManager(   52): Stopping service: com.android.mms/.transaction.SmsReceiverService
D/AndroidRuntime(  172): --- registering native functions ---
D/MediaScanner(  144): opendir /system/media/ failed, errno: 2
D/MediaScanner(  144):  prescan time: 1081ms
D/MediaScanner(  144):     scan time: 101ms
D/MediaScanner(  144): postscan time: 1ms
D/MediaScanner(  144):    total time: 1183ms
D/MediaScannerService(  144): done scanning volume internal
D/MediaScannerService(  144): start scanning volume external
I/ActivityManager(   52): Stopping service: com.android.providers.downloads/.DownloadService
V/MediaScanner(  144): pruneDeadThumbnailFiles... android.database.sqlite.SQLiteCursor@437b5a18
V/MediaScanner(  144): /pruneDeadThumbnailFiles... android.database.sqlite.SQLiteCursor@437b5a18
D/MediaScanner(  144):  prescan time: 526ms
D/MediaScanner(  144):     scan time: 3ms
D/MediaScanner(  144): postscan time: 267ms
D/MediaScanner(  144):    total time: 796ms
D/MediaScannerService(  144): done scanning volume external
I/ActivityManager(   52): Stopping service: com.android.providers.media/.MediaScannerService
D/PackageParser(   52): Scanning package: /data/app/vmdl28938.tmp
D/dalvikvm(   52): GC freed 10469 objects / 862568 bytes in 195ms
I/PackageManager(   52): Removing non-system package:com.rhomobile.test_rhodes
D/PackageManager(   52): Removing package com.rhomobile.test_rhodes
D/PackageManager(   52): Unregistered content provider: com.rhomobile.test_rhodes, className = com.rhomobile.rhodes.LocalFileProvider, isSyncable = false
D/PackageManager(   52):   Providers: com.rhomobile.rhodes.LocalFileProvider
D/PackageManager(   52):   Services: com.rhomobile.rhodes.RhodesService
D/PackageManager(   52):   Activities: com.rhomobile.rhodes.RhodesActivity com.rhomobile.rhodes.alert.PopupActivity com.rhomobile.rhodes.camera.FileList com.rhomobile.rhodes.camera.ImageCapture com.rhomobile.rhodes.signature.ImageCapture com.rhomobile.rhodes.datetime.DateTimePickerScreen com.rhomobile.rhodes.mapview.MapView com.rhomobile.rhodes.mapview.GoogleMapView com.rhomobile.rhodes.bluetooth.RhoBluetoothDeviceListActivity
D/PackageManager(   52): Scanning package com.rhomobile.test_rhodes
I/PackageManager(   52): /data/app/vmdl28938.tmp changed; unpacking
D/PackageManager(   52): Caching shared lib lib/armeabi/librhodes.so
D/installd(   32): DexInv: --- BEGIN '/data/app/vmdl28938.tmp' ---
D/dalvikvm(  180): DexOpt: load 135ms, verify 622ms, opt 21ms
D/installd(   32): DexInv: --- END '/data/app/vmdl28938.tmp' (success) ---
D/PackageManager(   52): Registered content provider: com.rhomobile.test_rhodes, className = com.rhomobile.rhodes.LocalFileProvider, isSyncable = false
D/PackageManager(   52):   Providers: com.rhomobile.rhodes.LocalFileProvider
D/PackageManager(   52):   Services: com.rhomobile.rhodes.RhodesService
D/PackageManager(   52):   Activities: com.rhomobile.rhodes.RhodesActivity com.rhomobile.rhodes.alert.PopupActivity com.rhomobile.rhodes.camera.FileList com.rhomobile.rhodes.camera.ImageCapture com.rhomobile.rhodes.signature.ImageCapture com.rhomobile.rhodes.datetime.DateTimePickerScreen com.rhomobile.rhodes.mapview.MapView com.rhomobile.rhodes.mapview.GoogleMapView com.rhomobile.rhodes.bluetooth.RhoBluetoothDeviceListActivity
D/ActivityManager(   52): Uninstalling process com.rhomobile.test_rhodes
I/installd(   32): move /data/dalvik-cache/data@app@vmdl28938.tmp@classes.dex -> /data/dalvik-cache/data@app@com.rhomobile.test_rhodes.apk@classes.dex
D/PackageManager(   52): New package installed in /data/app/com.rhomobile.test_rhodes.apk
D/AndroidRuntime(  172): Shutting down VM
D/dalvikvm(  172): DestroyJavaVM waiting for non-daemon threads to exit
D/ActivityManager(   52): Uninstalling process com.rhomobile.test_rhodes
D/dalvikvm(  172): DestroyJavaVM shutting VM down
D/dalvikvm(  172): HeapWorker thread shutting down
D/dalvikvm(  172): HeapWorker thread has shut down
D/jdwp    (  172): JDWP shutting down net...
D/dalvikvm(  172): VM cleaning up
D/dalvikvm(  172): LinearAlloc 0x0 used 663068 of 4194304 (15%)
W/ResourceType(   52): No package identifier when getting value for resource number 0x7f060001
W/ResourceType(   52): No package identifier when getting value for resource number 0x7f060000
I/ActivityManager(   52): Start proc com.svox.pico for broadcast com.svox.pico/.VoiceDataInstallerReceiver: pid=186 uid=10016 gids={}
D/dalvikvm(   91): GC freed 2035 objects / 109456 bytes in 512ms
D/HomeLoaders(   91): application intent received: android.intent.action.PACKAGE_REMOVED, replacing=true
D/HomeLoaders(   91):   --> package:com.rhomobile.test_rhodes
D/HomeLoaders(   91): application intent received: android.intent.action.PACKAGE_ADDED, replacing=true
D/HomeLoaders(   91):   --> package:com.rhomobile.test_rhodes
D/HomeLoaders(   91):   --> update package com.rhomobile.test_rhodes
D/dalvikvm(   52): GC freed 26075 objects / 1126944 bytes in 740ms
D/AlarmManagerService(   52): Kernel timezone updated to 180 minutes west of GMT
W/ResourceType(   52): No package identifier when getting value for resource number 0x7f060001
W/ResourceType(   52): No package identifier when getting value for resource number 0x7f060000
D/SystemClock(   88): Setting time of day to sec=1320503047
W/SystemClock(   88): Unable to set rtc to 1320503047: Invalid argument
D/AndroidRuntime(  191): 
D/AndroidRuntime(  191): >>>>>>>>>>>>>> AndroidRuntime START <<<<<<<<<<<<<<
D/AndroidRuntime(  191): CheckJNI is ON
D/AndroidRuntime(  191): --- registering native functions ---
I/ActivityManager(   52): Starting activity: Intent { act=android.intent.action.MAIN flg=0x10000000 cmp=com.rhomobile.test_rhodes/com.rhomobile.rhodes.RhodesActivity }
D/AndroidRuntime(  191): Shutting down VM
D/dalvikvm(  191): DestroyJavaVM waiting for non-daemon threads to exit
I/ActivityManager(   52): Start proc com.rhomobile.test_rhodes for activity com.rhomobile.test_rhodes/com.rhomobile.rhodes.RhodesActivity: pid=202 uid=10024 gids={3003}
D/dalvikvm(  191): DestroyJavaVM shutting VM down
D/dalvikvm(  191): HeapWorker thread shutting down
D/dalvikvm(  191): HeapWorker thread has shut down
D/jdwp    (  191): JDWP shutting down net...
D/dalvikvm(  191): VM cleaning up
D/dalvikvm(  191): LinearAlloc 0x0 used 674660 of 4194304 (16%)
D/dalvikvm(  202): Trying to load lib /data/data/com.rhomobile.test_rhodes/lib/librhodes.so 0x4376ac70
D/dalvikvm(  202): Added shared lib /data/data/com.rhomobile.test_rhodes/lib/librhodes.so 0x4376ac70
I/ActivityThread(  202): Publishing provider com.rhomobile.test_rhodes: com.rhomobile.rhodes.LocalFileProvider
W/ServiceManager(   31): Permission failure: android.permission.CAMERA from uid=10024 pid=202
E/CameraService(   31): Permission Denial: can't use the camera pid=202, uid=10024
D/dalvikvm(  202): +++ not scanning '/system/lib/libwebcore.so' for 'E' (wrong CL)
D/dalvikvm(  202): +++ not scanning '/system/lib/libexif.so' for 'E' (wrong CL)
D/dalvikvm(  202): +++ not scanning '/system/lib/libFFTEm.so' for 'E' (wrong CL)
D/dalvikvm(  202): +++ not scanning '/system/lib/libmedia_jni.so' for 'E' (wrong CL)
D/dalvikvm(  202): +++ not scanning '/system/lib/libwebcore.so' for 'isTitleEnabled' (wrong CL)
D/dalvikvm(  202): +++ not scanning '/system/lib/libexif.so' for 'isTitleEnabled' (wrong CL)
D/dalvikvm(  202): +++ not scanning '/system/lib/libFFTEm.so' for 'isTitleEnabled' (wrong CL)
D/dalvikvm(  202): +++ not scanning '/system/lib/libmedia_jni.so' for 'isTitleEnabled' (wrong CL)
D/Camera-JNI(  202): release camera
D/dalvikvm(  202): GC freed 1677 objects / 137520 bytes in 84ms
I/RhodesActivity(  202): >>>>>>>>>>>>>>> onCreate()
D/dalvikvm(  202): +++ not scanning '/system/lib/libwebcore.so' for 'T' (wrong CL)
D/dalvikvm(  202): +++ not scanning '/system/lib/libexif.so' for 'T' (wrong CL)
D/dalvikvm(  202): +++ not scanning '/system/lib/libFFTEm.so' for 'T' (wrong CL)
D/dalvikvm(  202): +++ not scanning '/system/lib/libmedia_jni.so' for 'T' (wrong CL)
D/dalvikvm(  202): +++ not scanning '/system/lib/libwebcore.so' for 'I' (wrong CL)
D/dalvikvm(  202): +++ not scanning '/system/lib/libexif.so' for 'I' (wrong CL)
D/dalvikvm(  202): +++ not scanning '/system/lib/libFFTEm.so' for 'I' (wrong CL)
D/dalvikvm(  202): +++ not scanning '/system/lib/libmedia_jni.so' for 'I' (wrong CL)
D/RhodesActivity(  202): RhodesActivity.onStart()
D/RhodesActivity(  202): RhodesActivity.onResume()
D/dalvikvm(  202): +++ not scanning '/system/lib/libwebcore.so' for 'initClassLoader' (wrong CL)
D/dalvikvm(  202): +++ not scanning '/system/lib/libexif.so' for 'initClassLoader' (wrong CL)
D/dalvikvm(  202): +++ not scanning '/system/lib/libFFTEm.so' for 'initClassLoader' (wrong CL)
D/dalvikvm(  202): +++ not scanning '/system/lib/libmedia_jni.so' for 'initClassLoader' (wrong CL)
D/RhodesService(  202): Root path: null
D/RhoFileApi(  202): App root path: /data/data/com.rhomobile.test_rhodes/rhodata/
D/RhoFileApi(  202): Sqlite journals path: /data/data/com.rhomobile.test_rhodes/sqlite_stmt_journals/
D/dalvikvm(  202): +++ not scanning '/system/lib/libwebcore.so' for 'nativeInitPath' (wrong CL)
D/dalvikvm(  202): +++ not scanning '/system/lib/libexif.so' for 'nativeInitPath' (wrong CL)
D/dalvikvm(  202): +++ not scanning '/system/lib/libFFTEm.so' for 'nativeInitPath' (wrong CL)
D/dalvikvm(  202): +++ not scanning '/system/lib/libmedia_jni.so' for 'nativeInitPath' (wrong CL)
D/dalvikvm(  202): +++ not scanning '/system/lib/libwebcore.so' for 'nativeInit' (wrong CL)
D/dalvikvm(  202): +++ not scanning '/system/lib/libexif.so' for 'nativeInit' (wrong CL)
D/dalvikvm(  202): +++ not scanning '/system/lib/libFFTEm.so' for 'nativeInit' (wrong CL)
D/dalvikvm(  202): +++ not scanning '/system/lib/libmedia_jni.so' for 'nativeInit' (wrong CL)
I/global  (  202): Default buffer size used in BufferedReader constructor. It would be better to be explicit if an 8k-char buffer is required.
D/dalvikvm(  202): +++ not scanning '/system/lib/libwebcore.so' for 'updateStatTable' (wrong CL)
D/dalvikvm(  202): +++ not scanning '/system/lib/libexif.so' for 'updateStatTable' (wrong CL)
D/dalvikvm(  202): +++ not scanning '/system/lib/libFFTEm.so' for 'updateStatTable' (wrong CL)
D/dalvikvm(  202): +++ not scanning '/system/lib/libmedia_jni.so' for 'updateStatTable' (wrong CL)
I/RhodesService(  202): Application hash was changed
W/ActivityManager(   52): No content provider found for: 
D/RhoFileApi(  202): App root path: /data/data/com.rhomobile.test_rhodes/rhodata/
D/RhoFileApi(  202): Sqlite journals path: /data/data/com.rhomobile.test_rhodes/sqlite_stmt_journals/
I/global  (  202): Default buffer size used in BufferedReader constructor. It would be better to be explicit if an 8k-char buffer is required.
D/RhoFileApi(  202): Copy hash to FS
D/RhoFileApi(  202): File hash copied
D/dalvikvm(  202): +++ not scanning '/system/lib/libwebcore.so' for 'createRhodesApp' (wrong CL)
D/dalvikvm(  202): +++ not scanning '/system/lib/libexif.so' for 'createRhodesApp' (wrong CL)
D/dalvikvm(  202): +++ not scanning '/system/lib/libFFTEm.so' for 'createRhodesApp' (wrong CL)
D/dalvikvm(  202): +++ not scanning '/system/lib/libmedia_jni.so' for 'createRhodesApp' (wrong CL)
I/APP     (  202): I 11/05/2011 11:24:10:583 000000d2         AppCallbacks| Starting main routine...
I/APP     (  202): I 11/05/2011 11:24:10:590 000000d2         AppCallbacks| ThreadQueue blocked for 4294967295 seconds...
I/APP     (  202): I 11/05/2011 11:24:10:588 000000ca            RhodesApp| Trying to get free listening port.
I/APP     (  202): I 11/05/2011 11:24:10:594 000000ca            RhodesApp| Trying to bind of 0 port...
I/APP     (  202): I 11/05/2011 11:24:10:596 000000ca            RhodesApp| Got port to bind on: 56353
I/APP     (  202): I 11/05/2011 11:24:10:598 000000ca            RhodesApp| Free listening port: 56353
D/dalvikvm(  202): +++ not scanning '/system/lib/libwebcore.so' for 'nativeStart' (wrong CL)
D/dalvikvm(  202): +++ not scanning '/system/lib/libexif.so' for 'nativeStart' (wrong CL)
D/dalvikvm(  202): +++ not scanning '/system/lib/libFFTEm.so' for 'nativeStart' (wrong CL)
D/dalvikvm(  202): +++ not scanning '/system/lib/libmedia_jni.so' for 'nativeStart' (wrong CL)
D/dalvikvm(  202): +++ not scanning '/system/lib/libwebcore.so' for 'isExist' (wrong CL)
D/dalvikvm(  202): +++ not scanning '/system/lib/libexif.so' for 'isExist' (wrong CL)
D/dalvikvm(  202): +++ not scanning '/system/lib/libFFTEm.so' for 'isExist' (wrong CL)
D/dalvikvm(  202): +++ not scanning '/system/lib/libmedia_jni.so' for 'isExist' (wrong CL)
I/APP     (  202): I 11/05/2011 11:24:10:681 000000ca               Rhodes| Loading...
D/dalvikvm(  202): GC freed 5178 objects / 381168 bytes in 163ms
D/dalvikvm(  202): +++ not scanning '/system/lib/libwebcore.so' for 'getInt' (wrong CL)
D/dalvikvm(  202): +++ not scanning '/system/lib/libexif.so' for 'getInt' (wrong CL)
D/dalvikvm(  202): +++ not scanning '/system/lib/libFFTEm.so' for 'getInt' (wrong CL)
D/dalvikvm(  202): +++ not scanning '/system/lib/libmedia_jni.so' for 'getInt' (wrong CL)
D/dalvikvm(  202): +++ not scanning '/system/lib/libwebcore.so' for 'startRhodesApp' (wrong CL)
D/dalvikvm(  202): +++ not scanning '/system/lib/libexif.so' for 'startRhodesApp' (wrong CL)
D/dalvikvm(  202): +++ not scanning '/system/lib/libFFTEm.so' for 'startRhodesApp' (wrong CL)
D/dalvikvm(  202): +++ not scanning '/system/lib/libmedia_jni.so' for 'startRhodesApp' (wrong CL)
I/APP     (  202): I 11/05/2011 11:24:11:418 000000d7            RhodesApp| Starting RhodesApp main routine...
D/dalvikvm(  202): +++ not scanning '/system/lib/libwebcore.so' for 'callActivationCallback' (wrong CL)
D/dalvikvm(  202): +++ not scanning '/system/lib/libexif.so' for 'callActivationCallback' (wrong CL)
D/dalvikvm(  202): +++ not scanning '/system/lib/libFFTEm.so' for 'callActivationCallback' (wrong CL)
D/dalvikvm(  202): +++ not scanning '/system/lib/libmedia_jni.so' for 'callActivationCallback' (wrong CL)
I/APP     (  202): I 11/05/2011 11:24:11:446 000000ca            RhodesApp| callAppActiveCallback
