D/dalvikvm(  252): +++ not scanning '/system/lib/libFFTEm.so' for 'nativeInitPath' (wrong CL)
D/dalvikvm(  252): +++ not scanning '/system/lib/libmedia_jni.so' for 'nativeInitPath' (wrong CL)
D/dalvikvm(  252): +++ not scanning '/system/lib/libwebcore.so' for 'nativeInit' (wrong CL)
D/dalvikvm(  252): +++ not scanning '/system/lib/libexif.so' for 'nativeInit' (wrong CL)
D/dalvikvm(  252): +++ not scanning '/system/lib/libFFTEm.so' for 'nativeInit' (wrong CL)
D/dalvikvm(  252): +++ not scanning '/system/lib/libmedia_jni.so' for 'nativeInit' (wrong CL)
I/global  (  252): Default buffer size used in BufferedReader constructor. It would be better to be explicit if an 8k-char buffer is required.
D/dalvikvm(  252): +++ not scanning '/system/lib/libwebcore.so' for 'updateStatTable' (wrong CL)
D/dalvikvm(  252): +++ not scanning '/system/lib/libexif.so' for 'updateStatTable' (wrong CL)
D/dalvikvm(  252): +++ not scanning '/system/lib/libFFTEm.so' for 'updateStatTable' (wrong CL)
D/dalvikvm(  252): +++ not scanning '/system/lib/libmedia_jni.so' for 'updateStatTable' (wrong CL)
I/RhodesService(  252): Application hash was changed
W/ActivityManager(   52): No content provider found for: 
D/RhoFileApi(  252): App root path: /data/data/com.rhomobile.test_rhodes/rhodata/
D/RhoFileApi(  252): Sqlite journals path: /data/data/com.rhomobile.test_rhodes/sqlite_stmt_journals/
I/global  (  252): Default buffer size used in BufferedReader constructor. It would be better to be explicit if an 8k-char buffer is required.
D/RhoFileApi(  252): Copy hash to FS
D/RhoFileApi(  252): File hash copied
D/dalvikvm(  252): +++ not scanning '/system/lib/libwebcore.so' for 'createRhodesApp' (wrong CL)
D/dalvikvm(  252): +++ not scanning '/system/lib/libexif.so' for 'createRhodesApp' (wrong CL)
D/dalvikvm(  252): +++ not scanning '/system/lib/libFFTEm.so' for 'createRhodesApp' (wrong CL)
D/dalvikvm(  252): +++ not scanning '/system/lib/libmedia_jni.so' for 'createRhodesApp' (wrong CL)
I/APP     (  252): I 11/05/2011 11:25:32:866 00000103         AppCallbacks| Starting main routine...
I/APP     (  252): I 11/05/2011 11:25:32:870 00000103         AppCallbacks| ThreadQueue blocked for 4294967295 seconds...
I/APP     (  252): I 11/05/2011 11:25:32:873 000000fc            RhodesApp| Trying to get free listening port.
I/APP     (  252): I 11/05/2011 11:25:32:876 000000fc            RhodesApp| Trying to bind of 0 port...
I/APP     (  252): I 11/05/2011 11:25:32:878 000000fc            RhodesApp| Got port to bind on: 35948
I/APP     (  252): I 11/05/2011 11:25:32:879 000000fc            RhodesApp| Free listening port: 35948
D/dalvikvm(  252): +++ not scanning '/system/lib/libwebcore.so' for 'nativeStart' (wrong CL)
D/dalvikvm(  252): +++ not scanning '/system/lib/libexif.so' for 'nativeStart' (wrong CL)
D/dalvikvm(  252): +++ not scanning '/system/lib/libFFTEm.so' for 'nativeStart' (wrong CL)
D/dalvikvm(  252): +++ not scanning '/system/lib/libmedia_jni.so' for 'nativeStart' (wrong CL)
D/dalvikvm(  252): +++ not scanning '/system/lib/libwebcore.so' for 'isExist' (wrong CL)
D/dalvikvm(  252): +++ not scanning '/system/lib/libexif.so' for 'isExist' (wrong CL)
D/dalvikvm(  252): +++ not scanning '/system/lib/libFFTEm.so' for 'isExist' (wrong CL)
D/dalvikvm(  252): +++ not scanning '/system/lib/libmedia_jni.so' for 'isExist' (wrong CL)
I/APP     (  252): I 11/05/2011 11:25:32:959 000000fc               Rhodes| Loading...
D/dalvikvm(  252): GC freed 5182 objects / 381328 bytes in 88ms
D/dalvikvm(  252): +++ not scanning '/system/lib/libwebcore.so' for 'getInt' (wrong CL)
D/dalvikvm(  252): +++ not scanning '/system/lib/libexif.so' for 'getInt' (wrong CL)
D/dalvikvm(  252): +++ not scanning '/system/lib/libFFTEm.so' for 'getInt' (wrong CL)
D/dalvikvm(  252): +++ not scanning '/system/lib/libmedia_jni.so' for 'getInt' (wrong CL)
D/dalvikvm(  252): +++ not scanning '/system/lib/libwebcore.so' for 'startRhodesApp' (wrong CL)
D/dalvikvm(  252): +++ not scanning '/system/lib/libexif.so' for 'startRhodesApp' (wrong CL)
D/dalvikvm(  252): +++ not scanning '/system/lib/libFFTEm.so' for 'startRhodesApp' (wrong CL)
D/dalvikvm(  252): +++ not scanning '/system/lib/libmedia_jni.so' for 'startRhodesApp' (wrong CL)
I/APP     (  252): I 11/05/2011 11:25:33:560 00000108            RhodesApp| Starting RhodesApp main routine...
D/dalvikvm(  252): +++ not scanning '/system/lib/libwebcore.so' for 'callActivationCallback' (wrong CL)
D/dalvikvm(  252): +++ not scanning '/system/lib/libexif.so' for 'callActivationCallback' (wrong CL)
D/dalvikvm(  252): +++ not scanning '/system/lib/libFFTEm.so' for 'callActivationCallback' (wrong CL)
D/dalvikvm(  252): +++ not scanning '/system/lib/libmedia_jni.so' for 'callActivationCallback' (wrong CL)
I/APP     (  252): I 11/05/2011 11:25:33:579 000000fc            RhodesApp| callAppActiveCallback
I/APP     (  252): I 11/05/2011 11:25:33:580 000000fc         AppCallbacks| addCommand: APP-ACTIVATED
I/APP     (  252): I 11/05/2011 11:25:33:582 00000103         AppCallbacks| Received command APP-ACTIVATED which is greater than expected (LOCAL-SERVER-STARTED) - postpone it
I/APP     (  252): I 11/05/2011 11:25:33:584 00000103         AppCallbacks| ThreadQueue blocked for 4294967295 seconds...
I/APP     (  252): I 11/05/2011 11:25:33:587 000000fc         AppActivated| Cannot commit now, application will be activated when started.
I/APP     (  252): I 11/05/2011 11:25:33:589 000000fc            Undefined| Handlers have completed.
I/APP     (  252): I 11/05/2011 11:25:33:590 000000fc    RhodesApplication| New AppState: Undefined
D/dalvikvm(  252): +++ not scanning '/system/lib/libwebcore.so' for 'D' (wrong CL)
D/dalvikvm(  252): +++ not scanning '/system/lib/libexif.so' for 'D' (wrong CL)
D/dalvikvm(  252): +++ not scanning '/system/lib/libFFTEm.so' for 'D' (wrong CL)
D/dalvikvm(  252): +++ not scanning '/system/lib/libmedia_jni.so' for 'D' (wrong CL)
I/APP     (  252): I 11/05/2011 11:25:33:606 000000fc        RhodesService| handleCommand: startId=1, source=com.rhomobile.rhodes.BaseActivity
I/APP     (  252): I 11/05/2011 11:25:33:607 000000fc        RhodesService| New activity was created
D/dalvikvm(  252): +++ not scanning '/system/lib/libwebcore.so' for 'callUiCreatedCallback' (wrong CL)
D/dalvikvm(  252): +++ not scanning '/system/lib/libexif.so' for 'callUiCreatedCallback' (wrong CL)
D/dalvikvm(  252): +++ not scanning '/system/lib/libFFTEm.so' for 'callUiCreatedCallback' (wrong CL)
D/dalvikvm(  252): +++ not scanning '/system/lib/libmedia_jni.so' for 'callUiCreatedCallback' (wrong CL)
I/APP     (  252): I 11/05/2011 11:25:33:618 000000fc         AppCallbacks| addCommand: UI-CREATED
I/APP     (  252): I 11/05/2011 11:25:33:621 00000103         AppCallbacks| Received command UI-CREATED which is greater than expected (LOCAL-SERVER-STARTED) - postpone it
I/APP     (  252): I 11/05/2011 11:25:33:622 00000103         AppCallbacks| ThreadQueue blocked for 4294967295 seconds...
I/APP     (  252): I 11/05/2011 11:25:33:762 000000fc       RhodesActivity| onServiceConnected: {com.rhomobile.test_rhodes/com.rhomobile.rhodes.RhodesService}
D/dalvikvm(  252): +++ not scanning '/system/lib/libwebcore.so' for 'canStartApp' (wrong CL)
D/dalvikvm(  252): +++ not scanning '/system/lib/libexif.so' for 'canStartApp' (wrong CL)
D/dalvikvm(  252): +++ not scanning '/system/lib/libFFTEm.so' for 'canStartApp' (wrong CL)
D/dalvikvm(  252): +++ not scanning '/system/lib/libmedia_jni.so' for 'canStartApp' (wrong CL)
I/APP     (  252): I 11/05/2011 11:25:33:777 000000fc            RhodesApp| New start params: 
D/dalvikvm(  252): +++ not scanning '/system/lib/libwebcore.so' for 'getBool' (wrong CL)
D/dalvikvm(  252): +++ not scanning '/system/lib/libexif.so' for 'getBool' (wrong CL)
D/dalvikvm(  252): +++ not scanning '/system/lib/libFFTEm.so' for 'getBool' (wrong CL)
D/dalvikvm(  252): +++ not scanning '/system/lib/libmedia_jni.so' for 'getBool' (wrong CL)
I/ActivityManager(   52): Displayed activity com.rhomobile.test_rhodes/com.rhomobile.rhodes.RhodesActivity: 2743 ms (total 2743 ms)
I/APP     (  252): I 11/05/2011 11:25:34:165 00000108              RhoRuby| Init_RhoBlobs: /data/data/com.rhomobile.test_rhodes/rhodata/db/db-files
I/APP     (  252): I 11/05/2011 11:25:34:307 00000108              RhoRuby| require_compiled: rhoframework
I/APP     (  252): I 11/05/2011 11:25:34:386 00000108              RhoRuby| require_compiled: rational
I/APP     (  252): I 11/05/2011 11:25:34:405 00000108              RhoRuby| require_compiled: rhom/rhom_db_adapter
I/APP     (  252): I 11/05/2011 11:25:34:458 00000108              RhoRuby| require_compiled: rhodes
I/APP     (  252): I 11/05/2011 11:25:34:498 00000108              RhoRuby| require_compiled: rhom/rhom_object
I/APP     (  252): I 11/05/2011 11:25:34:533 00000108              RhoRuby| require_compiled: rhofsconnector
I/APP     (  252): I 11/05/2011 11:25:34:539 00000108              RhoRuby| require_compiled: rho/rhofsconnector
I/APP     (  252): I 11/05/2011 11:25:34:566 00000108              RhoRuby| require_compiled: rhom/rhom_object_factory
I/APP     (  252): I 11/05/2011 11:25:34:843 00000108              RhoRuby| require_compiled: rhom/rhom
I/APP     (  252): I 11/05/2011 11:25:34:876 00000108              RhoRuby| require_compiled: rhom/rhom_model
I/APP     (  252): I 11/05/2011 11:25:34:915 00000108              RhoRuby| require_compiled: rhom
I/APP     (  252): I 11/05/2011 11:25:34:921 00000108              RhoRuby| require_compiled: rho/rhoapplication
I/APP     (  252): I 11/05/2011 11:25:34:958 00000108              RhoRuby| require_compiled: rholang/localization_simplified
I/APP     (  252): I 11/05/2011 11:25:35:001 00000108                  APP| Current locale: en; Country code: us
I/APP     (  252): I 11/05/2011 11:25:35:004 00000108                  APP| file: /data/data/com.rhomobile.test_rhodes/rhodata/lib/rholang/lang_
I/APP     (  252): I 11/05/2011 11:25:35:007 00000108              RhoRuby| require_compiled: /data/data/com.rhomobile.test_rhodes/rhodata/lib/rholang/lang_en
I/APP     (  252): I 11/05/2011 11:25:35:026 00000108              RhoRuby| require_compiled: rho/rhomsg
I/APP     (  252): I 11/05/2011 11:25:35:036 00000108                  APP| Current locale: en; Country code: us
I/APP     (  252): I 11/05/2011 11:25:35:038 00000108                  APP| file: /data/data/com.rhomobile.test_rhodes/rhodata/lib/rholang/rhomsg_
I/APP     (  252): I 11/05/2011 11:25:35:041 00000108              RhoRuby| require_compiled: /data/data/com.rhomobile.test_rhodes/rhodata/lib/rholang/rhomsg_en
I/APP     (  252): I 11/05/2011 11:25:35:051 00000108              RhoRuby| require_compiled: rho/rhotabbar
I/APP     (  252): I 11/05/2011 11:25:35:066 00000108              RhoRuby| require_compiled: rho/rhotoolbar
I/APP     (  252): I 11/05/2011 11:25:35:078 00000108              RhoRuby| require_compiled: indifferent_access
I/APP     (  252): I 11/05/2011 11:25:35:110 00000108              RhoRuby| require_compiled: rho/rhosupport
I/APP     (  252): I 11/05/2011 11:25:35:157 00000108              RhoRuby| require_compiled: rho/rhocontroller
I/APP     (  252): I 11/05/2011 11:25:35:190 00000108              RhoRuby| require_compiled: rho/render
I/APP     (  252): I 11/05/2011 11:25:35:252 00000108              RhoRuby| require_compiled: rho/rho
I/APP     (  252): I 11/05/2011 11:25:35:487 00000108              RhoRuby| require_compiled: rho/rhoerror
I/APP     (  252): I 11/05/2011 11:25:35:501 00000108                  APP| Current locale: en; Country code: us
I/APP     (  252): I 11/05/2011 11:25:35:504 00000108                  APP| file: /data/data/com.rhomobile.test_rhodes/rhodata/lib/rholang/rhoerror_
I/APP     (  252): I 11/05/2011 11:25:35:507 00000108              RhoRuby| require_compiled: /data/data/com.rhomobile.test_rhodes/rhodata/lib/rholang/rhoerror_en
I/APP     (  252): I 11/05/2011 11:25:35:521 00000108              RhoRuby| require_compiled: rhom/rhom_source
I/APP     (  252): I 11/05/2011 11:25:35:556 00000108              RhoRuby| require_compiled: rho/rhoviewhelpers
I/APP     (  252): I 11/05/2011 11:25:35:589 00000108              RhoRuby| require_compiled: rho
I/APP     (  252): I 11/05/2011 11:25:35:597 00000108                  APP| RHO loaded
I/APP     (  252): I 11/05/2011 11:25:35:599 00000108                  APP| Calling RHO.initialize
I/APP     (  252): I 11/05/2011 11:25:35:605 00000108                   DB| Open DB: /data/data/com.rhomobile.test_rhodes/rhodata/db/syncdbuser.sqlite
I/APP     (  252): I 11/05/2011 11:25:35:667 00000108            RhodesApp| Starting sync engine...
I/APP     (  252): I 11/05/2011 11:25:35:669 00000108                 Sync| sync_poll_interval: 0
I/APP     (  252): I 11/05/2011 11:25:35:671 00000108                 Sync| syncserver: 
I/APP     (  252): I 11/05/2011 11:25:35:673 00000108                 Sync| bulksync_state: 0
I/APP     (  252): I 11/05/2011 11:25:35:674 00000108            RhodesApp| RhoRubyInitApp...
I/APP     (  252): I 11/05/2011 11:25:35:676 00000108                  APP| init_app
I/APP     (  252): I 11/05/2011 11:25:35:680 00000108              RhoRuby| require_compiled: application
I/APP     (  252): I 11/05/2011 11:25:35:689 00000108                  APP| Current locale: en; Country code: us
I/APP     (  252): I 11/05/2011 11:25:35:697 00000108                  APP| on_reinstall_config_update: {"LogToOutput"=>["0", "1"]}
I/APP     (  252): I 11/05/2011 11:25:35:705 00000108           HttpServer| Start HTTP server
I/APP     (  252): I 11/05/2011 11:25:35:708 00000108           HttpServer| Listen for connections on port 35948
I/APP     (  252): I 11/05/2011 11:25:35:710 00000108         AppCallbacks| addCommand: LOCAL-SERVER-STARTED
I/APP     (  252): I 11/05/2011 11:25:35:712 00000103         AppCallbacks| process command: LOCAL-SERVER-STARTED
I/APP     (  252): I 11/05/2011 11:25:35:715 00000103           AppStarted| Handlers have completed.
I/APP     (  252): I 11/05/2011 11:25:35:718 00000103         AppActivated| Handlers have completed.
I/APP     (  252): I 11/05/2011 11:25:35:720 00000103    RhodesApplication| New AppState: AppActivated
I/APP     (  252): I 11/05/2011 11:25:35:721 00000103         AppCallbacks| process command: UI-CREATED
I/APP     (  252): I 11/05/2011 11:25:35:758 00000108           HttpServer| Process URI: '/system/uicreated'
I/APP     (  252): I 11/05/2011 11:25:35:761 00000108                  APP| on_ui_created.navigate to start url: '/app'
D/dalvikvm(  252): +++ not scanning '/system/lib/libwebcore.so' for 'howLongWaitMs' (wrong CL)
D/dalvikvm(  252): +++ not scanning '/system/lib/libexif.so' for 'howLongWaitMs' (wrong CL)
D/dalvikvm(  252): +++ not scanning '/system/lib/libFFTEm.so' for 'howLongWaitMs' (wrong CL)
D/dalvikvm(  252): +++ not scanning '/system/lib/libmedia_jni.so' for 'howLongWaitMs' (wrong CL)
V/SplashScreen(  252): ms[1320503135769] $$$$$$$$$$$$$$$$$$$$$$$     DELAY for SplashScreen = 0
I/APP     (  252): I 11/05/2011 11:25:35:852 00000103         AppCallbacks| process command: APP-ACTIVATED
V/SimpleMainView(  252): ms[1320503135980] processForNativeView : [http://localhost:35948/app]
D/dalvikvm(  252): +++ not scanning '/system/lib/libwebcore.so' for 'getFactoryHandleByViewType' (wrong CL)
D/dalvikvm(  252): +++ not scanning '/system/lib/libexif.so' for 'getFactoryHandleByViewType' (wrong CL)
I/APP     (  252): I 11/05/2011 11:25:36:019 00000108           HttpServer| Process URI: '/system/activateapp'
D/dalvikvm(  252): +++ not scanning '/system/lib/libFFTEm.so' for 'getFactoryHandleByViewType' (wrong CL)
D/dalvikvm(  252): +++ not scanning '/system/lib/libmedia_jni.so' for 'getFactoryHandleByViewType' (wrong CL)
I/APP     (  252): I 11/05/2011 11:25:36:022 000000fc       SimpleMainView| Cleared URL: http://localhost:35948/app
I/APP     (  252): I 11/05/2011 11:25:36:043 00000103         AppCallbacks| ThreadQueue blocked for 4294967295 seconds...
V/SimpleMainView.View(  252): ms[1320503136098]  Main Window :: onSizeChanged() old [ 480 x 762 ]  new [ 0 x 0 ]
I/APP     (  252): I 11/05/2011 11:25:36:289 00000108           HttpServer| Process URI: '/app'
I/APP     (  252): I 11/05/2011 11:25:36:419 000000fc     RhoWebViewClient| Loading URL: http://localhost:35948/app/index_erb.iseq
I/APP     (  252): I 11/05/2011 11:25:36:449 00000108           HttpServer| Process URI: '/app/index_erb.iseq'
I/APP     (  252): I 11/05/2011 11:25:36:461 00000108                  APP| RHO serve_index: /app/index_erb.iseq
I/APP     (  252): I 11/05/2011 11:25:36:467 00000108 RHO Rho::RhoController| inst_render_index
I/APP     (  252): I 11/05/2011 11:25:36:511 00000108 RHO Rho::RhoController| index layout
I/APP     (  252): I 11/05/2011 11:25:36:895 00000108           HttpServer| Process URI: '/public/jquery/jquery-1.6.2.min.js'
I/APP     (  252): I 11/05/2011 11:25:37:028 00000108           HttpServer| Process URI: '/public/jqmobile/jquery.mobile-1.0b2.min.css'
D/dalvikvm(  252): GC freed 2924 objects / 646920 bytes in 108ms
D/webviewglue(  252): nativeDestroy view: 0x3260b8
I/APP     (  252): I 11/05/2011 11:25:37:280 00000108           HttpServer| Process URI: '/public/css/jqmobile-patch.css'
I/APP     (  252): I 11/05/2011 11:25:37:354 00000108           HttpServer| Process URI: '/public/jqmobile/jquery.mobile-1.0b2.min.js'
I/APP     (  252): I 11/05/2011 11:25:37:484 00000108           HttpServer| Process URI: '/public/js/jqmobile-patch.js'
I/APP     (  252): I 11/05/2011 11:25:37:540 00000108           HttpServer| Process URI: '/public/css/android.css'
D/dalvikvm(   91): GC freed 3092 objects / 173176 bytes in 190ms
W/KeyCharacterMap(   52): No keyboard for id 0
W/KeyCharacterMap(   52): Using default keymap: /system/usr/keychars/qwerty.kcm.bin
D/KeyguardViewMediator(   52): pokeWakelock(5000)
D/KeyguardViewMediator(   52): pokeWakelock(5000)
I/ActivityManager(   52): Start proc com.android.inputmethod.latin for service com.android.inputmethod.latin/.LatinIME: pid=271 uid=10001 gids={3003, 1015}
D/dalvikvm(   30): GC freed 277 objects / 10552 bytes in 350ms
D/dalvikvm(   30): GC freed 45 objects / 1952 bytes in 173ms
D/dalvikvm(   30): GC freed 2 objects / 48 bytes in 206ms
D/dalvikvm(  271): Trying to load lib /system/lib/libjni_latinime.so 0x4376a890
D/dalvikvm(  271): Added shared lib /system/lib/libjni_latinime.so 0x4376a890
D/dalvikvm(  186): GC freed 667 objects / 62000 bytes in 305ms
I/APP     (  252): I 11/05/2011 11:25:47:217 00000108           HttpServer| Process URI: '/public/jqmobile/images/icons-18-white.png'
I/APP     (  252): I 11/05/2011 11:25:52:696 00000108           HttpServer| Process URI: '/app/Settings/login'
I/APP     (  252): I 11/05/2011 11:25:52:711 00000108                  APP| RHO serve: /app/Settings/login
I/APP     (  252): I 11/05/2011 11:25:52:780 00000108              RhoRuby| require_compiled: Settings/controller
I/APP     (  252): I 11/05/2011 11:25:52:861 00000108              RhoRuby| require_compiled: helpers/browser_helper
W/KeyCharacterMap(  252): No keyboard for id 0
W/KeyCharacterMap(  252): Using default keymap: /system/usr/keychars/qwerty.kcm.bin
D/dalvikvm(  252): +++ not scanning '/system/lib/libwebcore.so' for 'navigateBack' (wrong CL)
D/dalvikvm(  252): +++ not scanning '/system/lib/libexif.so' for 'navigateBack' (wrong CL)
D/dalvikvm(  252): +++ not scanning '/system/lib/libFFTEm.so' for 'navigateBack' (wrong CL)
D/dalvikvm(  252): +++ not scanning '/system/lib/libmedia_jni.so' for 'navigateBack' (wrong CL)
V/SimpleMainView(  252): ms[1320503277421] processForNativeView : [http://localhost:35948/app]
I/APP     (  252): I 11/05/2011 11:27:57:427 000000fc       SimpleMainView| Cleared URL: http://localhost:35948/app
I/APP     (  252): I 11/05/2011 11:27:57:585 00000108           HttpServer| Process URI: '/app/index_erb.iseq'
I/APP     (  252): I 11/05/2011 11:27:57:592 00000108                  APP| RHO serve_index: /app/index_erb.iseq
I/APP     (  252): I 11/05/2011 11:27:57:595 00000108 RHO Rho::RhoController| inst_render_index
I/APP     (  252): I 11/05/2011 11:27:57:630 00000108 RHO Rho::RhoController| index layout
D/dalvikvm(  252): +++ not scanning '/system/lib/libwebcore.so' for 'isOnStartPage' (wrong CL)
D/dalvikvm(  252): +++ not scanning '/system/lib/libexif.so' for 'isOnStartPage' (wrong CL)
D/dalvikvm(  252): +++ not scanning '/system/lib/libFFTEm.so' for 'isOnStartPage' (wrong CL)
D/dalvikvm(  252): +++ not scanning '/system/lib/libmedia_jni.so' for 'isOnStartPage' (wrong CL)
I/ActivityManager(   52): moveTaskToBack: 4
D/PhoneWindow(  252): couldn't save which view has focus because the focused view android.widget.ImageButton@43833d70 has no id.
I/APP     (  252): I 11/05/2011 11:27:59:126 000000fc         AppActivated| Handlers have completed.
I/APP     (  252): I 11/05/2011 11:27:59:128 000000fc    RhodesApplication| New UiState: MainActivityPaused
D/RhodesActivity(  252): RhodesActivity.onPause()
D/dalvikvm(  252): +++ not scanning '/system/lib/libwebcore.so' for 'callUiDestroyedCallback' (wrong CL)
D/dalvikvm(  252): +++ not scanning '/system/lib/libexif.so' for 'callUiDestroyedCallback' (wrong CL)
D/dalvikvm(  252): +++ not scanning '/system/lib/libFFTEm.so' for 'callUiDestroyedCallback' (wrong CL)
D/dalvikvm(  252): +++ not scanning '/system/lib/libmedia_jni.so' for 'callUiDestroyedCallback' (wrong CL)
I/APP     (  252): I 11/05/2011 11:27:59:183 00000108           HttpServer| Process URI: '/system/uidestroyed'
I/APP     (  252): I 11/05/2011 11:27:59:915 000000fc       AppDeactivated| Handlers have completed.
I/APP     (  252): I 11/05/2011 11:27:59:932 000000fc    RhodesApplication| New AppState: AppDeactivated
I/APP     (  252): I 11/05/2011 11:27:59:933 000000fc        RhodesService| activityStopped() temporary release wakeLock object
I/APP     (  252): I 11/05/2011 11:27:59:936 000000fc            RhodesApp| callAppActiveCallback
I/APP     (  252): I 11/05/2011 11:27:59:937 000000fc         AppCallbacks| addCommand: APP-DEACTIVATED
I/APP     (  252): I 11/05/2011 11:27:59:955 00000103         AppCallbacks| process command: APP-DEACTIVATED
I/APP     (  252): I 11/05/2011 11:27:59:956 00000103         AppCallbacks| ThreadQueue blocked for 4294967295 seconds...
W/KeyCharacterMap(   91): No keyboard for id 0
W/KeyCharacterMap(   91): Using default keymap: /system/usr/keychars/qwerty.kcm.bin
I/APP     (  252): I 11/05/2011 11:28:00:128 00000108           HttpServer| Process URI: '/system/deactivateapp'
D/RhodesActivity(  252): RhodesActivity.onStop()
I/ARMAssembler(   52): generated scanline__00000177:03515104_00001A01_00000000 [ 64 ipp] (89 ins) at [0x362cf0:0x362e54] in 7301001 ns
I/ARMAssembler(   52): generated scanline__00000177:03515104_00000A01_00000000 [ 46 ipp] (70 ins) at [0x362e58:0x362f70] in 555000 ns
I/ActivityManager(   52): Start proc com.android.settings for broadcast com.android.settings/.widget.SettingsAppWidgetProvider: pid=279 uid=1000 gids={3002, 3001, 3003}
I/ActivityManager(   52): Starting activity: Intent { act=android.intent.action.MAIN cat=[android.intent.category.HOME] flg=0x10200000 cmp=com.android.launcher/.Launcher }
W/InputManagerService(   52): Window already focused, ignoring focus gain of: com.android.internal.view.IInputMethodClient$Stub$Proxy@439c23e8
D/installd(   32): DexInv: --- BEGIN '/system/app/Settings.apk' ---
D/dalvikvm(  286): DexOpt: load 510ms, verify 2832ms, opt 110ms
D/installd(   32): DexInv: --- END '/system/app/Settings.apk' (success) ---
D/dalvikvm(   52): GREF has increased to 301
D/dalvikvm(  252): GC freed 8965 objects / 1104136 bytes in 232ms
D/AndroidRuntime(  294): 
D/AndroidRuntime(  294): >>>>>>>>>>>>>> AndroidRuntime START <<<<<<<<<<<<<<
D/AndroidRuntime(  294): CheckJNI is ON
D/AndroidRuntime(  294): --- registering native functions ---
D/PackageParser(   52): Scanning package: /data/app/vmdl28942.tmp
D/dalvikvm(   52): GC freed 25241 objects / 1327544 bytes in 230ms
I/PackageManager(   52): Removing non-system package:com.rhomobile.test_rhodes
D/PackageManager(   52): Removing package com.rhomobile.test_rhodes
D/PackageManager(   52): Unregistered content provider: com.rhomobile.test_rhodes, className = com.rhomobile.rhodes.LocalFileProvider, isSyncable = false
D/PackageManager(   52):   Providers: com.rhomobile.rhodes.LocalFileProvider
D/PackageManager(   52):   Services: com.rhomobile.rhodes.RhodesService
D/PackageManager(   52):   Activities: com.rhomobile.rhodes.RhodesActivity com.rhomobile.rhodes.alert.PopupActivity com.rhomobile.rhodes.camera.FileList com.rhomobile.rhodes.camera.ImageCapture com.rhomobile.rhodes.signature.ImageCapture com.rhomobile.rhodes.datetime.DateTimePickerScreen com.rhomobile.rhodes.mapview.MapView com.rhomobile.rhodes.mapview.GoogleMapView com.rhomobile.rhodes.bluetooth.RhoBluetoothDeviceListActivity
D/PackageManager(   52): Scanning package com.rhomobile.test_rhodes
I/PackageManager(   52): /data/app/vmdl28942.tmp changed; unpacking
D/PackageManager(   52): Caching shared lib lib/armeabi/librhodes.so
D/installd(   32): DexInv: --- BEGIN '/data/app/vmdl28942.tmp' ---
D/dalvikvm(  301): DexOpt: load 188ms, verify 822ms, opt 23ms
D/installd(   32): DexInv: --- END '/data/app/vmdl28942.tmp' (success) ---
D/PackageManager(   52): Registered content provider: com.rhomobile.test_rhodes, className = com.rhomobile.rhodes.LocalFileProvider, isSyncable = false
D/PackageManager(   52):   Providers: com.rhomobile.rhodes.LocalFileProvider
D/PackageManager(   52):   Services: com.rhomobile.rhodes.RhodesService
D/PackageManager(   52):   Activities: com.rhomobile.rhodes.RhodesActivity com.rhomobile.rhodes.alert.PopupActivity com.rhomobile.rhodes.camera.FileList com.rhomobile.rhodes.camera.ImageCapture com.rhomobile.rhodes.signature.ImageCapture com.rhomobile.rhodes.datetime.DateTimePickerScreen com.rhomobile.rhodes.mapview.MapView com.rhomobile.rhodes.mapview.GoogleMapView com.rhomobile.rhodes.bluetooth.RhoBluetoothDeviceListActivity
D/ActivityManager(   52): Uninstalling process com.rhomobile.test_rhodes
D/ActivityManager(   52): Force removing process ProcessRecord{43a36590 252:com.rhomobile.test_rhodes/10024} (com.rhomobile.test_rhodes/10024)
W/ActivityManager(   52): Scheduling restart of crashed service com.rhomobile.test_rhodes/com.rhomobile.rhodes.RhodesService in 5000ms
I/Process (   52): Sending signal. PID: 252 SIG: 9
D/ActivityManager(   52):   Force finishing activity com.rhomobile.test_rhodes/com.rhomobile.rhodes.RhodesActivity
W/ActivityManager(   52): Activity HistoryRecord{43880cc0 com.rhomobile.test_rhodes/com.rhomobile.rhodes.RhodesActivity} being finished, but not in LRU list
I/WindowManager(   52): WIN DEATH: Window{438997a8 com.rhomobile.test_rhodes/com.rhomobile.rhodes.RhodesActivity paused=true}
D/ActivityManager(   52): Received spurious death notification for thread android.os.BinderProxy@4393c768
E/ActivityThread(   52): Failed to find provider info for android.server.checkin
W/Checkin (   52): Can't log event SYSTEM_SERVICE_LOOPING: java.lang.IllegalArgumentException: Unknown URL content://android.server.checkin/events
I/installd(   32): move /data/dalvik-cache/data@app@vmdl28942.tmp@classes.dex -> /data/dalvik-cache/data@app@com.rhomobile.test_rhodes.apk@classes.dex
D/PackageManager(   52): New package installed in /data/app/com.rhomobile.test_rhodes.apk
D/AndroidRuntime(  294): Shutting down VM
D/dalvikvm(  294): DestroyJavaVM waiting for non-daemon threads to exit
D/ActivityManager(   52): Uninstalling process com.rhomobile.test_rhodes
D/dalvikvm(  294): DestroyJavaVM shutting VM down
D/dalvikvm(  294): HeapWorker thread shutting down
D/dalvikvm(  294): HeapWorker thread has shut down
D/jdwp    (  294): JDWP shutting down net...
D/dalvikvm(  294): VM cleaning up
D/dalvikvm(  294): LinearAlloc 0x0 used 663068 of 4194304 (15%)
W/ResourceType(   52): No package identifier when getting value for resource number 0x7f060001
W/ResourceType(   52): No package identifier when getting value for resource number 0x7f060000
D/dalvikvm(   91): GC freed 422 objects / 22288 bytes in 486ms
D/HomeLoaders(   91): application intent received: android.intent.action.PACKAGE_REMOVED, replacing=true
D/HomeLoaders(   91):   --> package:com.rhomobile.test_rhodes
D/HomeLoaders(   91): application intent received: android.intent.action.PACKAGE_ADDED, replacing=true
D/HomeLoaders(   91):   --> package:com.rhomobile.test_rhodes
D/HomeLoaders(   91):   --> update package com.rhomobile.test_rhodes
D/dalvikvm(   52): GC freed 18835 objects / 846488 bytes in 470ms
W/ResourceType(   52): No package identifier when getting value for resource number 0x7f060001
W/ResourceType(   52): No package identifier when getting value for resource number 0x7f060000
D/AndroidRuntime(  308): 
D/AndroidRuntime(  308): >>>>>>>>>>>>>> AndroidRuntime START <<<<<<<<<<<<<<
D/AndroidRuntime(  308): CheckJNI is ON
D/AndroidRuntime(  308): --- registering native functions ---
I/ActivityManager(   52): Starting activity: Intent { act=android.intent.action.MAIN flg=0x10000000 cmp=com.rhomobile.test_rhodes/com.rhomobile.rhodes.RhodesActivity }
D/AndroidRuntime(  308): Shutting down VM
D/dalvikvm(  308): DestroyJavaVM waiting for non-daemon threads to exit
D/dalvikvm(  308): DestroyJavaVM shutting VM down
D/dalvikvm(  308): HeapWorker thread shutting down
D/dalvikvm(  308): HeapWorker thread has shut down
D/jdwp    (  308): JDWP shutting down net...
D/dalvikvm(  308): VM cleaning up
I/ActivityManager(   52): Start proc com.rhomobile.test_rhodes for activity com.rhomobile.test_rhodes/com.rhomobile.rhodes.RhodesActivity: pid=316 uid=10024 gids={3003}
D/dalvikvm(  308): LinearAlloc 0x0 used 674660 of 4194304 (16%)
D/dalvikvm(  316): Trying to load lib /data/data/com.rhomobile.test_rhodes/lib/librhodes.so 0x43954c70
D/dalvikvm(  316): Added shared lib /data/data/com.rhomobile.test_rhodes/lib/librhodes.so 0x43954c70
I/ActivityThread(  316): Publishing provider com.rhomobile.test_rhodes: com.rhomobile.rhodes.LocalFileProvider
W/ServiceManager(   31): Permission failure: android.permission.CAMERA from uid=10024 pid=316
E/CameraService(   31): Permission Denial: can't use the camera pid=316, uid=10024
D/dalvikvm(  316): +++ not scanning '/system/lib/libwebcore.so' for 'E' (wrong CL)
D/dalvikvm(  316): +++ not scanning '/system/lib/libexif.so' for 'E' (wrong CL)
D/dalvikvm(  316): +++ not scanning '/system/lib/libFFTEm.so' for 'E' (wrong CL)
D/dalvikvm(  316): +++ not scanning '/system/lib/libmedia_jni.so' for 'E' (wrong CL)
D/dalvikvm(  316): +++ not scanning '/system/lib/libwebcore.so' for 'isTitleEnabled' (wrong CL)
D/dalvikvm(  316): +++ not scanning '/system/lib/libexif.so' for 'isTitleEnabled' (wrong CL)
D/dalvikvm(  316): +++ not scanning '/system/lib/libFFTEm.so' for 'isTitleEnabled' (wrong CL)
D/dalvikvm(  316): +++ not scanning '/system/lib/libmedia_jni.so' for 'isTitleEnabled' (wrong CL)
D/Camera-JNI(  316): release camera
D/dalvikvm(  316): GC freed 1511 objects / 131216 bytes in 95ms
I/RhodesActivity(  316): >>>>>>>>>>>>>>> onCreate()
D/dalvikvm(  316): +++ not scanning '/system/lib/libwebcore.so' for 'T' (wrong CL)
D/dalvikvm(  316): +++ not scanning '/system/lib/libexif.so' for 'T' (wrong CL)
D/dalvikvm(  316): +++ not scanning '/system/lib/libFFTEm.so' for 'T' (wrong CL)
D/dalvikvm(  316): +++ not scanning '/system/lib/libmedia_jni.so' for 'T' (wrong CL)
D/dalvikvm(  316): +++ not scanning '/system/lib/libwebcore.so' for 'I' (wrong CL)
D/dalvikvm(  316): +++ not scanning '/system/lib/libexif.so' for 'I' (wrong CL)
D/dalvikvm(  316): +++ not scanning '/system/lib/libFFTEm.so' for 'I' (wrong CL)
D/dalvikvm(  316): +++ not scanning '/system/lib/libmedia_jni.so' for 'I' (wrong CL)
D/RhodesActivity(  316): RhodesActivity.onStart()
D/RhodesActivity(  316): RhodesActivity.onResume()
D/dalvikvm(  316): +++ not scanning '/system/lib/libwebcore.so' for 'initClassLoader' (wrong CL)
D/dalvikvm(  316): +++ not scanning '/system/lib/libexif.so' for 'initClassLoader' (wrong CL)
D/dalvikvm(  316): +++ not scanning '/system/lib/libFFTEm.so' for 'initClassLoader' (wrong CL)
D/dalvikvm(  316): +++ not scanning '/system/lib/libmedia_jni.so' for 'initClassLoader' (wrong CL)
D/RhodesService(  316): Root path: null
D/RhoFileApi(  316): App root path: /data/data/com.rhomobile.test_rhodes/rhodata/
D/RhoFileApi(  316): Sqlite journals path: /data/data/com.rhomobile.test_rhodes/sqlite_stmt_journals/
D/dalvikvm(  316): +++ not scanning '/system/lib/libwebcore.so' for 'nativeInitPath' (wrong CL)
D/dalvikvm(  316): +++ not scanning '/system/lib/libexif.so' for 'nativeInitPath' (wrong CL)
D/dalvikvm(  316): +++ not scanning '/system/lib/libFFTEm.so' for 'nativeInitPath' (wrong CL)
D/dalvikvm(  316): +++ not scanning '/system/lib/libmedia_jni.so' for 'nativeInitPath' (wrong CL)
D/dalvikvm(  316): +++ not scanning '/system/lib/libwebcore.so' for 'nativeInit' (wrong CL)
D/dalvikvm(  316): +++ not scanning '/system/lib/libexif.so' for 'nativeInit' (wrong CL)
D/dalvikvm(  316): +++ not scanning '/system/lib/libFFTEm.so' for 'nativeInit' (wrong CL)
D/dalvikvm(  316): +++ not scanning '/system/lib/libmedia_jni.so' for 'nativeInit' (wrong CL)
I/global  (  316): Default buffer size used in BufferedReader constructor. It would be better to be explicit if an 8k-char buffer is required.
D/dalvikvm(  316): +++ not scanning '/system/lib/libwebcore.so' for 'updateStatTable' (wrong CL)
D/dalvikvm(  316): +++ not scanning '/system/lib/libexif.so' for 'updateStatTable' (wrong CL)
D/dalvikvm(  316): +++ not scanning '/system/lib/libFFTEm.so' for 'updateStatTable' (wrong CL)
D/dalvikvm(  316): +++ not scanning '/system/lib/libmedia_jni.so' for 'updateStatTable' (wrong CL)
I/RhodesService(  316): Application hash was changed
W/ActivityManager(   52): No content provider found for: 
D/RhoFileApi(  316): App root path: /data/data/com.rhomobile.test_rhodes/rhodata/
D/RhoFileApi(  316): Sqlite journals path: /data/data/com.rhomobile.test_rhodes/sqlite_stmt_journals/
I/global  (  316): Default buffer size used in BufferedReader constructor. It would be better to be explicit if an 8k-char buffer is required.
D/RhoFileApi(  316): Copy hash to FS
D/RhoFileApi(  316): File hash copied
D/dalvikvm(  316): +++ not scanning '/system/lib/libwebcore.so' for 'createRhodesApp' (wrong CL)
D/dalvikvm(  316): +++ not scanning '/system/lib/libexif.so' for 'createRhodesApp' (wrong CL)
D/dalvikvm(  316): +++ not scanning '/system/lib/libFFTEm.so' for 'createRhodesApp' (wrong CL)
D/dalvikvm(  316): +++ not scanning '/system/lib/libmedia_jni.so' for 'createRhodesApp' (wrong CL)
I/APP     (  316): I 11/05/2011 11:29:04:611 00000144         AppCallbacks| Starting main routine...
I/APP     (  316): I 11/05/2011 11:29:04:615 00000144         AppCallbacks| ThreadQueue blocked for 4294967295 seconds...
I/APP     (  316): I 11/05/2011 11:29:04:616 0000013c            RhodesApp| Trying to get free listening port.
I/APP     (  316): I 11/05/2011 11:29:04:618 0000013c            RhodesApp| Trying to bind of 0 port...
I/APP     (  316): I 11/05/2011 11:29:04:620 0000013c            RhodesApp| Got port to bind on: 58227
I/APP     (  316): I 11/05/2011 11:29:04:623 0000013c            RhodesApp| Free listening port: 58227
D/dalvikvm(  316): +++ not scanning '/system/lib/libwebcore.so' for 'nativeStart' (wrong CL)
D/dalvikvm(  316): +++ not scanning '/system/lib/libexif.so' for 'nativeStart' (wrong CL)
D/dalvikvm(  316): +++ not scanning '/system/lib/libFFTEm.so' for 'nativeStart' (wrong CL)
D/dalvikvm(  316): +++ not scanning '/system/lib/libmedia_jni.so' for 'nativeStart' (wrong CL)
D/dalvikvm(  316): +++ not scanning '/system/lib/libwebcore.so' for 'isExist' (wrong CL)
D/dalvikvm(  316): +++ not scanning '/system/lib/libexif.so' for 'isExist' (wrong CL)
D/dalvikvm(  316): +++ not scanning '/system/lib/libFFTEm.so' for 'isExist' (wrong CL)
D/dalvikvm(  316): +++ not scanning '/system/lib/libmedia_jni.so' for 'isExist' (wrong CL)
I/APP     (  316): I 11/05/2011 11:29:04:700 0000013c               Rhodes| Loading...
D/dalvikvm(  316): GC freed 5155 objects / 380160 bytes in 89ms
D/dalvikvm(  316): +++ not scanning '/system/lib/libwebcore.so' for 'getInt' (wrong CL)
D/dalvikvm(  316): +++ not scanning '/system/lib/libexif.so' for 'getInt' (wrong CL)
D/dalvikvm(  316): +++ not scanning '/system/lib/libFFTEm.so' for 'getInt' (wrong CL)
D/dalvikvm(  316): +++ not scanning '/system/lib/libmedia_jni.so' for 'getInt' (wrong CL)
D/dalvikvm(  316): +++ not scanning '/system/lib/libwebcore.so' for 'startRhodesApp' (wrong CL)
D/dalvikvm(  316): +++ not scanning '/system/lib/libexif.so' for 'startRhodesApp' (wrong CL)
D/dalvikvm(  316): +++ not scanning '/system/lib/libFFTEm.so' for 'startRhodesApp' (wrong CL)
D/dalvikvm(  316): +++ not scanning '/system/lib/libmedia_jni.so' for 'startRhodesApp' (wrong CL)
I/APP     (  316): I 11/05/2011 11:29:05:365 00000149            RhodesApp| Starting RhodesApp main routine...
D/dalvikvm(  316): +++ not scanning '/system/lib/libwebcore.so' for 'callActivationCallback' (wrong CL)
D/dalvikvm(  316): +++ not scanning '/system/lib/libexif.so' for 'callActivationCallback' (wrong CL)
D/dalvikvm(  316): +++ not scanning '/system/lib/libFFTEm.so' for 'callActivationCallback' (wrong CL)
D/dalvikvm(  316): +++ not scanning '/system/lib/libmedia_jni.so' for 'callActivationCallback' (wrong CL)
I/APP     (  316): I 11/05/2011 11:29:05:376 0000013c            RhodesApp| callAppActiveCallback
I/APP     (  316): I 11/05/2011 11:29:05:377 0000013c         AppCallbacks| addCommand: APP-ACTIVATED
I/APP     (  316): I 11/05/2011 11:29:05:379 00000144         AppCallbacks| Received command APP-ACTIVATED which is greater than expected (LOCAL-SERVER-STARTED) - postpone it
I/APP     (  316): I 11/05/2011 11:29:05:380 00000144         AppCallbacks| ThreadQueue blocked for 4294967295 seconds...
I/APP     (  316): I 11/05/2011 11:29:05:382 0000013c         AppActivated| Cannot commit now, application will be activated when started.
I/APP     (  316): I 11/05/2011 11:29:05:404 0000013c            Undefined| Handlers have completed.
I/APP     (  316): I 11/05/2011 11:29:05:406 0000013c    RhodesApplication| New AppState: Undefined
D/dalvikvm(  316): +++ not scanning '/system/lib/libwebcore.so' for 'D' (wrong CL)
D/dalvikvm(  316): +++ not scanning '/system/lib/libexif.so' for 'D' (wrong CL)
D/dalvikvm(  316): +++ not scanning '/system/lib/libFFTEm.so' for 'D' (wrong CL)
D/dalvikvm(  316): +++ not scanning '/system/lib/libmedia_jni.so' for 'D' (wrong CL)
I/APP     (  316): I 11/05/2011 11:29:05:417 0000013c        RhodesService| handleCommand: startId=1, source=com.rhomobile.rhodes.BaseActivity
I/APP     (  316): I 11/05/2011 11:29:05:418 0000013c        RhodesService| New activity was created
D/dalvikvm(  316): +++ not scanning '/system/lib/libwebcore.so' for 'callUiCreatedCallback' (wrong CL)
D/dalvikvm(  316): +++ not scanning '/system/lib/libexif.so' for 'callUiCreatedCallback' (wrong CL)
D/dalvikvm(  316): +++ not scanning '/system/lib/libFFTEm.so' for 'callUiCreatedCallback' (wrong CL)
D/dalvikvm(  316): +++ not scanning '/system/lib/libmedia_jni.so' for 'callUiCreatedCallback' (wrong CL)
I/APP     (  316): I 11/05/2011 11:29:05:504 0000013c         AppCallbacks| addCommand: UI-CREATED
I/APP     (  316): I 11/05/2011 11:29:05:514 00000144         AppCallbacks| Received command UI-CREATED which is greater than expected (LOCAL-SERVER-STARTED) - postpone it
I/APP     (  316): I 11/05/2011 11:29:05:515 00000144         AppCallbacks| ThreadQueue blocked for 4294967295 seconds...
I/APP     (  316): I 11/05/2011 11:29:05:639 0000013c       RhodesActivity| onServiceConnected: {com.rhomobile.test_rhodes/com.rhomobile.rhodes.RhodesService}
D/dalvikvm(  316): +++ not scanning '/system/lib/libwebcore.so' for 'canStartApp' (wrong CL)
D/dalvikvm(  316): +++ not scanning '/system/lib/libexif.so' for 'canStartApp' (wrong CL)
D/dalvikvm(  316): +++ not scanning '/system/lib/libFFTEm.so' for 'canStartApp' (wrong CL)
D/dalvikvm(  316): +++ not scanning '/system/lib/libmedia_jni.so' for 'canStartApp' (wrong CL)
I/APP     (  316): I 11/05/2011 11:29:05:656 0000013c            RhodesApp| New start params: 
D/dalvikvm(  316): +++ not scanning '/system/lib/libwebcore.so' for 'getBool' (wrong CL)
D/dalvikvm(  316): +++ not scanning '/system/lib/libexif.so' for 'getBool' (wrong CL)
D/dalvikvm(  316): +++ not scanning '/system/lib/libFFTEm.so' for 'getBool' (wrong CL)
D/dalvikvm(  316): +++ not scanning '/system/lib/libmedia_jni.so' for 'getBool' (wrong CL)
W/InputManagerService(   52): Starting input on non-focused client com.android.internal.view.IInputMethodClient$Stub$Proxy@43829678 (uid=10001 pid=91)
I/APP     (  316): I 11/05/2011 11:29:05:935 00000149              RhoRuby| Init_RhoBlobs: /data/data/com.rhomobile.test_rhodes/rhodata/db/db-files
I/ActivityManager(   52): Displayed activity com.rhomobile.test_rhodes/com.rhomobile.rhodes.RhodesActivity: 3121 ms (total 3121 ms)
I/APP     (  316): I 11/05/2011 11:29:06:092 00000149              RhoRuby| require_compiled: rhoframework
I/APP     (  316): I 11/05/2011 11:29:06:291 00000149              RhoRuby| require_compiled: rational
I/APP     (  316): I 11/05/2011 11:29:06:327 00000149              RhoRuby| require_compiled: rhom/rhom_db_adapter
I/APP     (  316): I 11/05/2011 11:29:06:390 00000149              RhoRuby| require_compiled: rhodes
I/APP     (  316): I 11/05/2011 11:29:06:403 00000149              RhoRuby| require_compiled: rhom/rhom_object
I/APP     (  316): I 11/05/2011 11:29:06:418 00000149              RhoRuby| require_compiled: rhofsconnector
I/APP     (  316): I 11/05/2011 11:29:06:425 00000149              RhoRuby| require_compiled: rho/rhofsconnector
I/APP     (  316): I 11/05/2011 11:29:06:444 00000149              RhoRuby| require_compiled: rhom/rhom_object_factory
I/APP     (  316): I 11/05/2011 11:29:06:720 00000149              RhoRuby| require_compiled: rhom/rhom
I/APP     (  316): I 11/05/2011 11:29:06:756 00000149              RhoRuby| require_compiled: rhom/rhom_model
I/APP     (  316): I 11/05/2011 11:29:06:796 00000149              RhoRuby| require_compiled: rhom
I/APP     (  316): I 11/05/2011 11:29:06:805 00000149              RhoRuby| require_compiled: rho/rhoapplication
I/APP     (  316): I 11/05/2011 11:29:06:845 00000149              RhoRuby| require_compiled: rholang/localization_simplified
I/APP     (  316): I 11/05/2011 11:29:06:890 00000149                  APP| Current locale: en; Country code: us
I/APP     (  316): I 11/05/2011 11:29:06:893 00000149                  APP| file: /data/data/com.rhomobile.test_rhodes/rhodata/lib/rholang/lang_
I/APP     (  316): I 11/05/2011 11:29:06:897 00000149              RhoRuby| require_compiled: /data/data/com.rhomobile.test_rhodes/rhodata/lib/rholang/lang_en
I/APP     (  316): I 11/05/2011 11:29:06:916 00000149              RhoRuby| require_compiled: rho/rhomsg
I/APP     (  316): I 11/05/2011 11:29:06:929 00000149                  APP| Current locale: en; Country code: us
I/APP     (  316): I 11/05/2011 11:29:06:931 00000149                  APP| file: /data/data/com.rhomobile.test_rhodes/rhodata/lib/rholang/rhomsg_
I/APP     (  316): I 11/05/2011 11:29:06:933 00000149              RhoRuby| require_compiled: /data/data/com.rhomobile.test_rhodes/rhodata/lib/rholang/rhomsg_en
I/APP     (  316): I 11/05/2011 11:29:06:943 00000149              RhoRuby| require_compiled: rho/rhotabbar
I/APP     (  316): I 11/05/2011 11:29:06:957 00000149              RhoRuby| require_compiled: rho/rhotoolbar
I/APP     (  316): I 11/05/2011 11:29:06:970 00000149              RhoRuby| require_compiled: indifferent_access
I/APP     (  316): I 11/05/2011 11:29:07:002 00000149              RhoRuby| require_compiled: rho/rhosupport
I/APP     (  316): I 11/05/2011 11:29:07:050 00000149              RhoRuby| require_compiled: rho/rhocontroller
I/APP     (  316): I 11/05/2011 11:29:07:082 00000149              RhoRuby| require_compiled: rho/render
I/APP     (  316): I 11/05/2011 11:29:07:152 00000149              RhoRuby| require_compiled: rho/rho
I/APP     (  316): I 11/05/2011 11:29:07:508 00000149              RhoRuby| require_compiled: rho/rhoerror
I/APP     (  316): I 11/05/2011 11:29:07:523 00000149                  APP| Current locale: en; Country code: us
I/APP     (  316): I 11/05/2011 11:29:07:525 00000149                  APP| file: /data/data/com.rhomobile.test_rhodes/rhodata/lib/rholang/rhoerror_
I/APP     (  316): I 11/05/2011 11:29:07:529 00000149              RhoRuby| require_compiled: /data/data/com.rhomobile.test_rhodes/rhodata/lib/rholang/rhoerror_en
I/APP     (  316): I 11/05/2011 11:29:07:547 00000149              RhoRuby| require_compiled: rhom/rhom_source
I/APP     (  316): I 11/05/2011 11:29:07:585 00000149              RhoRuby| require_compiled: rho/rhoviewhelpers
I/APP     (  316): I 11/05/2011 11:29:07:614 00000149              RhoRuby| require_compiled: rho
I/APP     (  316): I 11/05/2011 11:29:07:620 00000149                  APP| RHO loaded
I/APP     (  316): I 11/05/2011 11:29:07:622 00000149                  APP| Calling RHO.initialize
I/APP     (  316): I 11/05/2011 11:29:07:629 00000149                   DB| Open DB: /data/data/com.rhomobile.test_rhodes/rhodata/db/syncdbuser.sqlite
I/APP     (  316): I 11/05/2011 11:29:07:688 00000149            RhodesApp| Starting sync engine...
I/APP     (  316): I 11/05/2011 11:29:07:691 00000149                 Sync| sync_poll_interval: 0
I/APP     (  316): I 11/05/2011 11:29:07:692 00000149                 Sync| syncserver: 
I/APP     (  316): I 11/05/2011 11:29:07:694 00000149                 Sync| bulksync_state: 0
I/APP     (  316): I 11/05/2011 11:29:07:695 00000149            RhodesApp| RhoRubyInitApp...
I/APP     (  316): I 11/05/2011 11:29:07:698 00000149                  APP| init_app
I/APP     (  316): I 11/05/2011 11:29:07:702 00000149              RhoRuby| require_compiled: application
I/APP     (  316): I 11/05/2011 11:29:07:711 00000149                  APP| Current locale: en; Country code: us
I/APP     (  316): I 11/05/2011 11:29:07:719 00000149                  APP| on_reinstall_config_update: {"LogToOutput"=>["0", "1"]}
I/APP     (  316): I 11/05/2011 11:29:07:727 00000149           HttpServer| Start HTTP server
I/APP     (  316): I 11/05/2011 11:29:07:729 00000149           HttpServer| Listen for connections on port 58227
I/APP     (  316): I 11/05/2011 11:29:07:732 00000149         AppCallbacks| addCommand: LOCAL-SERVER-STARTED
I/APP     (  316): I 11/05/2011 11:29:07:736 00000144         AppCallbacks| process command: LOCAL-SERVER-STARTED
I/APP     (  316): I 11/05/2011 11:29:07:738 00000144           AppStarted| Handlers have completed.
I/APP     (  316): I 11/05/2011 11:29:07:741 00000144         AppActivated| Handlers have completed.
I/APP     (  316): I 11/05/2011 11:29:07:742 00000144    RhodesApplication| New AppState: AppActivated
I/APP     (  316): I 11/05/2011 11:29:07:743 00000144         AppCallbacks| process command: UI-CREATED
I/APP     (  316): I 11/05/2011 11:29:07:785 00000149           HttpServer| Process URI: '/system/uicreated'
I/APP     (  316): I 11/05/2011 11:29:07:811 00000149                  APP| on_ui_created.navigate to start url: '/app'
D/dalvikvm(  316): +++ not scanning '/system/lib/libwebcore.so' for 'howLongWaitMs' (wrong CL)
D/dalvikvm(  316): +++ not scanning '/system/lib/libexif.so' for 'howLongWaitMs' (wrong CL)
D/dalvikvm(  316): +++ not scanning '/system/lib/libFFTEm.so' for 'howLongWaitMs' (wrong CL)
D/dalvikvm(  316): +++ not scanning '/system/lib/libmedia_jni.so' for 'howLongWaitMs' (wrong CL)
V/SplashScreen(  316): ms[1320503347838] $$$$$$$$$$$$$$$$$$$$$$$     DELAY for SplashScreen = 0
I/APP     (  316): I 11/05/2011 11:29:07:887 00000144         AppCallbacks| process command: APP-ACTIVATED
V/SimpleMainView(  316): ms[1320503347966] processForNativeView : [http://localhost:58227/app]
D/dalvikvm(  316): +++ not scanning '/system/lib/libwebcore.so' for 'getFactoryHandleByViewType' (wrong CL)
D/dalvikvm(  316): +++ not scanning '/system/lib/libexif.so' for 'getFactoryHandleByViewType' (wrong CL)
D/dalvikvm(  316): +++ not scanning '/system/lib/libFFTEm.so' for 'getFactoryHandleByViewType' (wrong CL)
D/dalvikvm(  316): +++ not scanning '/system/lib/libmedia_jni.so' for 'getFactoryHandleByViewType' (wrong CL)
I/APP     (  316): I 11/05/2011 11:29:07:988 0000013c       SimpleMainView| Cleared URL: http://localhost:58227/app
I/APP     (  316): I 11/05/2011 11:29:08:047 00000149           HttpServer| Process URI: '/system/activateapp'
I/APP     (  316): I 11/05/2011 11:29:08:055 00000144         AppCallbacks| ThreadQueue blocked for 4294967295 seconds...
V/SimpleMainView.View(  316): ms[1320503348043]  Main Window :: onSizeChanged() old [ 480 x 762 ]  new [ 0 x 0 ]
I/APP     (  316): I 11/05/2011 11:29:08:412 00000149           HttpServer| Process URI: '/app'
I/APP     (  316): I 11/05/2011 11:29:08:562 0000013c     RhoWebViewClient| Loading URL: http://localhost:58227/app/index_erb.iseq
I/APP     (  316): I 11/05/2011 11:29:08:605 00000149           HttpServer| Process URI: '/app/index_erb.iseq'
I/APP     (  316): I 11/05/2011 11:29:08:618 00000149                  APP| RHO serve_index: /app/index_erb.iseq
I/APP     (  316): I 11/05/2011 11:29:08:628 00000149 RHO Rho::RhoController| inst_render_index
I/APP     (  316): I 11/05/2011 11:29:08:657 00000149 RHO Rho::RhoController| index layout
I/APP     (  316): I 11/05/2011 11:29:09:725 00000149           HttpServer| Process URI: '/public/jquery/jquery-1.6.2.min.js'
I/APP     (  316): I 11/05/2011 11:29:10:059 00000149           HttpServer| Process URI: '/public/jqmobile/jquery.mobile-1.0b2.min.css'
D/dalvikvm(  316): GC freed 3129 objects / 687984 bytes in 128ms
D/webviewglue(  316): nativeDestroy view: 0x32eec0
I/APP     (  316): I 11/05/2011 11:29:10:374 00000149           HttpServer| Process URI: '/public/css/jqmobile-patch.css'
