I/APP     (  252): I 11/05/2011 11:25:52:861 00000108              RhoRuby| require_compiled: helpers/browser_helper
W/KeyCharacterMap(  252): No keyboard for id 0
W/KeyCharacterMap(  252): Using default keymap: /system/usr/keychars/qwerty.kcm.bin
D/dalvikvm(  252): +++ not scanning '/system/lib/libwebcore.so' for 'navigateBack' (wrong CL)
D/dalvikvm(  252): +++ not scanning '/system/lib/libexif.so' for 'navigateBack' (wrong CL)
D/dalvikvm(  252): +++ not scanning '/system/lib/libFFTEm.so' for 'navigateBack' (wrong CL)
D/dalvikvm(  252): +++ not scanning '/system/lib/libmedia_jni.so' for 'navigateBack' (wrong CL)
V/SimpleMainView(  252): ms[1320503277421] processForNativeView : [http://localhost:35948/app]
I/APP     (  252): I 11/05/2011 11:27:57:427 000000fc       SimpleMainView| Cleared URL: http://localhost:35948/app
I/APP     (  252): I 11/05/2011 11:27:57:585 00000108           HttpServer| Process URI: '/app/index_erb.iseq'
I/APP     (  252): I 11/05/2011 11:27:57:592 00000108                  APP| RHO serve_index: /app/index_erb.iseq
I/APP     (  252): I 11/05/2011 11:27:57:595 00000108 RHO Rho::RhoController| inst_render_index
I/APP     (  252): I 11/05/2011 11:27:57:630 00000108 RHO Rho::RhoController| index layout
D/dalvikvm(  252): +++ not scanning '/system/lib/libwebcore.so' for 'isOnStartPage' (wrong CL)
D/dalvikvm(  252): +++ not scanning '/system/lib/libexif.so' for 'isOnStartPage' (wrong CL)
D/dalvikvm(  252): +++ not scanning '/system/lib/libFFTEm.so' for 'isOnStartPage' (wrong CL)
D/dalvikvm(  252): +++ not scanning '/system/lib/libmedia_jni.so' for 'isOnStartPage' (wrong CL)
I/ActivityManager(   52): moveTaskToBack: 4
D/PhoneWindow(  252): couldn't save which view has focus because the focused view android.widget.ImageButton@43833d70 has no id.
I/APP     (  252): I 11/05/2011 11:27:59:126 000000fc         AppActivated| Handlers have completed.
I/APP     (  252): I 11/05/2011 11:27:59:128 000000fc    RhodesApplication| New UiState: MainActivityPaused
D/RhodesActivity(  252): RhodesActivity.onPause()
D/dalvikvm(  252): +++ not scanning '/system/lib/libwebcore.so' for 'callUiDestroyedCallback' (wrong CL)
D/dalvikvm(  252): +++ not scanning '/system/lib/libexif.so' for 'callUiDestroyedCallback' (wrong CL)
D/dalvikvm(  252): +++ not scanning '/system/lib/libFFTEm.so' for 'callUiDestroyedCallback' (wrong CL)
D/dalvikvm(  252): +++ not scanning '/system/lib/libmedia_jni.so' for 'callUiDestroyedCallback' (wrong CL)
I/APP     (  252): I 11/05/2011 11:27:59:183 00000108           HttpServer| Process URI: '/system/uidestroyed'
I/APP     (  252): I 11/05/2011 11:27:59:915 000000fc       AppDeactivated| Handlers have completed.
I/APP     (  252): I 11/05/2011 11:27:59:932 000000fc    RhodesApplication| New AppState: AppDeactivated
I/APP     (  252): I 11/05/2011 11:27:59:933 000000fc        RhodesService| activityStopped() temporary release wakeLock object
I/APP     (  252): I 11/05/2011 11:27:59:936 000000fc            RhodesApp| callAppActiveCallback
I/APP     (  252): I 11/05/2011 11:27:59:937 000000fc         AppCallbacks| addCommand: APP-DEACTIVATED
I/APP     (  252): I 11/05/2011 11:27:59:955 00000103         AppCallbacks| process command: APP-DEACTIVATED
I/APP     (  252): I 11/05/2011 11:27:59:956 00000103         AppCallbacks| ThreadQueue blocked for 4294967295 seconds...
W/KeyCharacterMap(   91): No keyboard for id 0
W/KeyCharacterMap(   91): Using default keymap: /system/usr/keychars/qwerty.kcm.bin
I/APP     (  252): I 11/05/2011 11:28:00:128 00000108           HttpServer| Process URI: '/system/deactivateapp'
D/RhodesActivity(  252): RhodesActivity.onStop()
I/ARMAssembler(   52): generated scanline__00000177:03515104_00001A01_00000000 [ 64 ipp] (89 ins) at [0x362cf0:0x362e54] in 7301001 ns
I/ARMAssembler(   52): generated scanline__00000177:03515104_00000A01_00000000 [ 46 ipp] (70 ins) at [0x362e58:0x362f70] in 555000 ns
I/ActivityManager(   52): Start proc com.android.settings for broadcast com.android.settings/.widget.SettingsAppWidgetProvider: pid=279 uid=1000 gids={3002, 3001, 3003}
I/ActivityManager(   52): Starting activity: Intent { act=android.intent.action.MAIN cat=[android.intent.category.HOME] flg=0x10200000 cmp=com.android.launcher/.Launcher }
W/InputManagerService(   52): Window already focused, ignoring focus gain of: com.android.internal.view.IInputMethodClient$Stub$Proxy@439c23e8
D/installd(   32): DexInv: --- BEGIN '/system/app/Settings.apk' ---
D/dalvikvm(  286): DexOpt: load 510ms, verify 2832ms, opt 110ms
D/installd(   32): DexInv: --- END '/system/app/Settings.apk' (success) ---
D/dalvikvm(   52): GREF has increased to 301
D/dalvikvm(  252): GC freed 8965 objects / 1104136 bytes in 232ms
D/MediaScanner(  144):  prescan time: 1081ms
D/MediaScanner(  144):     scan time: 101ms
D/MediaScanner(  144): postscan time: 1ms
D/MediaScanner(  144):    total time: 1183ms
D/MediaScannerService(  144): done scanning volume internal
D/MediaScannerService(  144): start scanning volume external
I/ActivityManager(   52): Stopping service: com.android.providers.downloads/.DownloadService
V/MediaScanner(  144): pruneDeadThumbnailFiles... android.database.sqlite.SQLiteCursor@437b5a18
V/MediaScanner(  144): /pruneDeadThumbnailFiles... android.database.sqlite.SQLiteCursor@437b5a18
D/MediaScanner(  144):  prescan time: 526ms
D/MediaScanner(  144):     scan time: 3ms
D/MediaScanner(  144): postscan time: 267ms
D/MediaScanner(  144):    total time: 796ms
D/MediaScannerService(  144): done scanning volume external
I/ActivityManager(   52): Stopping service: com.android.providers.media/.MediaScannerService
D/PackageParser(   52): Scanning package: /data/app/vmdl28938.tmp
D/dalvikvm(   52): GC freed 10469 objects / 862568 bytes in 195ms
I/PackageManager(   52): Removing non-system package:com.rhomobile.test_rhodes
D/PackageManager(   52): Removing package com.rhomobile.test_rhodes
D/PackageManager(   52): Unregistered content provider: com.rhomobile.test_rhodes, className = com.rhomobile.rhodes.LocalFileProvider, isSyncable = false
D/PackageManager(   52):   Providers: com.rhomobile.rhodes.LocalFileProvider
D/PackageManager(   52):   Services: com.rhomobile.rhodes.RhodesService
D/PackageManager(   52):   Activities: com.rhomobile.rhodes.RhodesActivity com.rhomobile.rhodes.alert.PopupActivity com.rhomobile.rhodes.camera.FileList com.rhomobile.rhodes.camera.ImageCapture com.rhomobile.rhodes.signature.ImageCapture com.rhomobile.rhodes.datetime.DateTimePickerScreen com.rhomobile.rhodes.mapview.MapView com.rhomobile.rhodes.mapview.GoogleMapView com.rhomobile.rhodes.bluetooth.RhoBluetoothDeviceListActivity
D/PackageManager(   52): Scanning package com.rhomobile.test_rhodes
I/PackageManager(   52): /data/app/vmdl28938.tmp changed; unpacking
D/PackageManager(   52): Caching shared lib lib/armeabi/librhodes.so
D/installd(   32): DexInv: --- BEGIN '/data/app/vmdl28938.tmp' ---
D/dalvikvm(  180): DexOpt: load 135ms, verify 622ms, opt 21ms
D/installd(   32): DexInv: --- END '/data/app/vmdl28938.tmp' (success) ---
D/PackageManager(   52): Registered content provider: com.rhomobile.test_rhodes, className = com.rhomobile.rhodes.LocalFileProvider, isSyncable = false
D/PackageManager(   52):   Providers: com.rhomobile.rhodes.LocalFileProvider
D/PackageManager(   52):   Services: com.rhomobile.rhodes.RhodesService
D/PackageManager(   52):   Activities: com.rhomobile.rhodes.RhodesActivity com.rhomobile.rhodes.alert.PopupActivity com.rhomobile.rhodes.camera.FileList com.rhomobile.rhodes.camera.ImageCapture com.rhomobile.rhodes.signature.ImageCapture com.rhomobile.rhodes.datetime.DateTimePickerScreen com.rhomobile.rhodes.mapview.MapView com.rhomobile.rhodes.mapview.GoogleMapView com.rhomobile.rhodes.bluetooth.RhoBluetoothDeviceListActivity
D/ActivityManager(   52): Uninstalling process com.rhomobile.test_rhodes
I/installd(   32): move /data/dalvik-cache/data@app@vmdl28938.tmp@classes.dex -> /data/dalvik-cache/data@app@com.rhomobile.test_rhodes.apk@classes.dex
D/PackageManager(   52): New package installed in /data/app/com.rhomobile.test_rhodes.apk
D/AndroidRuntime(  172): Shutting down VM
D/dalvikvm(  172): DestroyJavaVM waiting for non-daemon threads to exit
D/ActivityManager(   52): Uninstalling process com.rhomobile.test_rhodes
D/dalvikvm(  172): DestroyJavaVM shutting VM down
D/dalvikvm(  172): HeapWorker thread shutting down
D/dalvikvm(  172): HeapWorker thread has shut down
D/jdwp    (  172): JDWP shutting down net...
D/dalvikvm(  172): VM cleaning up
D/dalvikvm(  172): LinearAlloc 0x0 used 663068 of 4194304 (15%)
W/ResourceType(   52): No package identifier when getting value for resource number 0x7f060001
W/ResourceType(   52): No package identifier when getting value for resource number 0x7f060000
I/ActivityManager(   52): Start proc com.svox.pico for broadcast com.svox.pico/.VoiceDataInstallerReceiver: pid=186 uid=10016 gids={}
D/dalvikvm(   91): GC freed 2035 objects / 109456 bytes in 512ms
D/HomeLoaders(   91): application intent received: android.intent.action.PACKAGE_REMOVED, replacing=true
D/HomeLoaders(   91):   --> package:com.rhomobile.test_rhodes
D/HomeLoaders(   91): application intent received: android.intent.action.PACKAGE_ADDED, replacing=true
D/HomeLoaders(   91):   --> package:com.rhomobile.test_rhodes
D/HomeLoaders(   91):   --> update package com.rhomobile.test_rhodes
D/dalvikvm(   52): GC freed 26075 objects / 1126944 bytes in 740ms
D/AlarmManagerService(   52): Kernel timezone updated to 180 minutes west of GMT
W/ResourceType(   52): No package identifier when getting value for resource number 0x7f060001
W/ResourceType(   52): No package identifier when getting value for resource number 0x7f060000
D/SystemClock(   88): Setting time of day to sec=1320503047
W/SystemClock(   88): Unable to set rtc to 1320503047: Invalid argument
D/AndroidRuntime(  191): 
D/AndroidRuntime(  191): >>>>>>>>>>>>>> AndroidRuntime START <<<<<<<<<<<<<<
D/AndroidRuntime(  191): CheckJNI is ON
D/AndroidRuntime(  191): --- registering native functions ---
I/ActivityManager(   52): Starting activity: Intent { act=android.intent.action.MAIN flg=0x10000000 cmp=com.rhomobile.test_rhodes/com.rhomobile.rhodes.RhodesActivity }
D/AndroidRuntime(  191): Shutting down VM
D/dalvikvm(  191): DestroyJavaVM waiting for non-daemon threads to exit
I/ActivityManager(   52): Start proc com.rhomobile.test_rhodes for activity com.rhomobile.test_rhodes/com.rhomobile.rhodes.RhodesActivity: pid=202 uid=10024 gids={3003}
D/dalvikvm(  191): DestroyJavaVM shutting VM down
D/dalvikvm(  191): HeapWorker thread shutting down
D/dalvikvm(  191): HeapWorker thread has shut down
D/jdwp    (  191): JDWP shutting down net...
D/dalvikvm(  191): VM cleaning up
D/dalvikvm(  191): LinearAlloc 0x0 used 674660 of 4194304 (16%)
D/dalvikvm(  202): Trying to load lib /data/data/com.rhomobile.test_rhodes/lib/librhodes.so 0x4376ac70
D/dalvikvm(  202): Added shared lib /data/data/com.rhomobile.test_rhodes/lib/librhodes.so 0x4376ac70
I/ActivityThread(  202): Publishing provider com.rhomobile.test_rhodes: com.rhomobile.rhodes.LocalFileProvider
W/ServiceManager(   31): Permission failure: android.permission.CAMERA from uid=10024 pid=202
E/CameraService(   31): Permission Denial: can't use the camera pid=202, uid=10024
D/dalvikvm(  202): +++ not scanning '/system/lib/libwebcore.so' for 'E' (wrong CL)
D/dalvikvm(  202): +++ not scanning '/system/lib/libexif.so' for 'E' (wrong CL)
D/dalvikvm(  202): +++ not scanning '/system/lib/libFFTEm.so' for 'E' (wrong CL)
D/dalvikvm(  202): +++ not scanning '/system/lib/libmedia_jni.so' for 'E' (wrong CL)
D/dalvikvm(  202): +++ not scanning '/system/lib/libwebcore.so' for 'isTitleEnabled' (wrong CL)
D/dalvikvm(  202): +++ not scanning '/system/lib/libexif.so' for 'isTitleEnabled' (wrong CL)
D/dalvikvm(  202): +++ not scanning '/system/lib/libFFTEm.so' for 'isTitleEnabled' (wrong CL)
D/dalvikvm(  202): +++ not scanning '/system/lib/libmedia_jni.so' for 'isTitleEnabled' (wrong CL)
D/Camera-JNI(  202): release camera
D/dalvikvm(  202): GC freed 1677 objects / 137520 bytes in 84ms
I/RhodesActivity(  202): >>>>>>>>>>>>>>> onCreate()
D/dalvikvm(  202): +++ not scanning '/system/lib/libwebcore.so' for 'T' (wrong CL)
D/dalvikvm(  202): +++ not scanning '/system/lib/libexif.so' for 'T' (wrong CL)
D/dalvikvm(  202): +++ not scanning '/system/lib/libFFTEm.so' for 'T' (wrong CL)
D/dalvikvm(  202): +++ not scanning '/system/lib/libmedia_jni.so' for 'T' (wrong CL)
D/dalvikvm(  202): +++ not scanning '/system/lib/libwebcore.so' for 'I' (wrong CL)
D/dalvikvm(  202): +++ not scanning '/system/lib/libexif.so' for 'I' (wrong CL)
D/dalvikvm(  202): +++ not scanning '/system/lib/libFFTEm.so' for 'I' (wrong CL)
D/dalvikvm(  202): +++ not scanning '/system/lib/libmedia_jni.so' for 'I' (wrong CL)
D/RhodesActivity(  202): RhodesActivity.onStart()
D/RhodesActivity(  202): RhodesActivity.onResume()
D/dalvikvm(  202): +++ not scanning '/system/lib/libwebcore.so' for 'initClassLoader' (wrong CL)
D/dalvikvm(  202): +++ not scanning '/system/lib/libexif.so' for 'initClassLoader' (wrong CL)
D/dalvikvm(  202): +++ not scanning '/system/lib/libFFTEm.so' for 'initClassLoader' (wrong CL)
D/dalvikvm(  202): +++ not scanning '/system/lib/libmedia_jni.so' for 'initClassLoader' (wrong CL)
D/RhodesService(  202): Root path: null
D/RhoFileApi(  202): App root path: /data/data/com.rhomobile.test_rhodes/rhodata/
D/RhoFileApi(  202): Sqlite journals path: /data/data/com.rhomobile.test_rhodes/sqlite_stmt_journals/
D/dalvikvm(  202): +++ not scanning '/system/lib/libwebcore.so' for 'nativeInitPath' (wrong CL)
D/dalvikvm(  202): +++ not scanning '/system/lib/libexif.so' for 'nativeInitPath' (wrong CL)
D/dalvikvm(  202): +++ not scanning '/system/lib/libFFTEm.so' for 'nativeInitPath' (wrong CL)
D/dalvikvm(  202): +++ not scanning '/system/lib/libmedia_jni.so' for 'nativeInitPath' (wrong CL)
D/dalvikvm(  202): +++ not scanning '/system/lib/libwebcore.so' for 'nativeInit' (wrong CL)
D/dalvikvm(  202): +++ not scanning '/system/lib/libexif.so' for 'nativeInit' (wrong CL)
D/dalvikvm(  202): +++ not scanning '/system/lib/libFFTEm.so' for 'nativeInit' (wrong CL)
D/dalvikvm(  202): +++ not scanning '/system/lib/libmedia_jni.so' for 'nativeInit' (wrong CL)
I/global  (  202): Default buffer size used in BufferedReader constructor. It would be better to be explicit if an 8k-char buffer is required.
D/dalvikvm(  202): +++ not scanning '/system/lib/libwebcore.so' for 'updateStatTable' (wrong CL)
D/dalvikvm(  202): +++ not scanning '/system/lib/libexif.so' for 'updateStatTable' (wrong CL)
D/dalvikvm(  202): +++ not scanning '/system/lib/libFFTEm.so' for 'updateStatTable' (wrong CL)
D/dalvikvm(  202): +++ not scanning '/system/lib/libmedia_jni.so' for 'updateStatTable' (wrong CL)
I/RhodesService(  202): Application hash was changed
W/ActivityManager(   52): No content provider found for: 
D/RhoFileApi(  202): App root path: /data/data/com.rhomobile.test_rhodes/rhodata/
D/RhoFileApi(  202): Sqlite journals path: /data/data/com.rhomobile.test_rhodes/sqlite_stmt_journals/
I/global  (  202): Default buffer size used in BufferedReader constructor. It would be better to be explicit if an 8k-char buffer is required.
D/RhoFileApi(  202): Copy hash to FS
D/RhoFileApi(  202): File hash copied
D/dalvikvm(  202): +++ not scanning '/system/lib/libwebcore.so' for 'createRhodesApp' (wrong CL)
D/dalvikvm(  202): +++ not scanning '/system/lib/libexif.so' for 'createRhodesApp' (wrong CL)
D/dalvikvm(  202): +++ not scanning '/system/lib/libFFTEm.so' for 'createRhodesApp' (wrong CL)
D/dalvikvm(  202): +++ not scanning '/system/lib/libmedia_jni.so' for 'createRhodesApp' (wrong CL)
I/APP     (  202): I 11/05/2011 11:24:10:583 000000d2         AppCallbacks| Starting main routine...
I/APP     (  202): I 11/05/2011 11:24:10:590 000000d2         AppCallbacks| ThreadQueue blocked for 4294967295 seconds...
I/APP     (  202): I 11/05/2011 11:24:10:588 000000ca            RhodesApp| Trying to get free listening port.
I/APP     (  202): I 11/05/2011 11:24:10:594 000000ca            RhodesApp| Trying to bind of 0 port...
I/APP     (  202): I 11/05/2011 11:24:10:596 000000ca            RhodesApp| Got port to bind on: 56353
I/APP     (  202): I 11/05/2011 11:24:10:598 000000ca            RhodesApp| Free listening port: 56353
D/dalvikvm(  202): +++ not scanning '/system/lib/libwebcore.so' for 'nativeStart' (wrong CL)
D/dalvikvm(  202): +++ not scanning '/system/lib/libexif.so' for 'nativeStart' (wrong CL)
D/dalvikvm(  202): +++ not scanning '/system/lib/libFFTEm.so' for 'nativeStart' (wrong CL)
D/dalvikvm(  202): +++ not scanning '/system/lib/libmedia_jni.so' for 'nativeStart' (wrong CL)
D/dalvikvm(  202): +++ not scanning '/system/lib/libwebcore.so' for 'isExist' (wrong CL)
D/dalvikvm(  202): +++ not scanning '/system/lib/libexif.so' for 'isExist' (wrong CL)
D/dalvikvm(  202): +++ not scanning '/system/lib/libFFTEm.so' for 'isExist' (wrong CL)
D/dalvikvm(  202): +++ not scanning '/system/lib/libmedia_jni.so' for 'isExist' (wrong CL)
I/APP     (  202): I 11/05/2011 11:24:10:681 000000ca               Rhodes| Loading...
D/dalvikvm(  202): GC freed 5178 objects / 381168 bytes in 163ms
D/dalvikvm(  202): +++ not scanning '/system/lib/libwebcore.so' for 'getInt' (wrong CL)
D/dalvikvm(  202): +++ not scanning '/system/lib/libexif.so' for 'getInt' (wrong CL)
D/dalvikvm(  202): +++ not scanning '/system/lib/libFFTEm.so' for 'getInt' (wrong CL)
D/dalvikvm(  202): +++ not scanning '/system/lib/libmedia_jni.so' for 'getInt' (wrong CL)
D/dalvikvm(  202): +++ not scanning '/system/lib/libwebcore.so' for 'startRhodesApp' (wrong CL)
D/dalvikvm(  202): +++ not scanning '/system/lib/libexif.so' for 'startRhodesApp' (wrong CL)
D/dalvikvm(  202): +++ not scanning '/system/lib/libFFTEm.so' for 'startRhodesApp' (wrong CL)
D/dalvikvm(  202): +++ not scanning '/system/lib/libmedia_jni.so' for 'startRhodesApp' (wrong CL)
I/APP     (  202): I 11/05/2011 11:24:11:418 000000d7            RhodesApp| Starting RhodesApp main routine...
D/dalvikvm(  202): +++ not scanning '/system/lib/libwebcore.so' for 'callActivationCallback' (wrong CL)
D/dalvikvm(  202): +++ not scanning '/system/lib/libexif.so' for 'callActivationCallback' (wrong CL)
D/dalvikvm(  202): +++ not scanning '/system/lib/libFFTEm.so' for 'callActivationCallback' (wrong CL)
D/dalvikvm(  202): +++ not scanning '/system/lib/libmedia_jni.so' for 'callActivationCallback' (wrong CL)
I/APP     (  202): I 11/05/2011 11:24:11:446 000000ca            RhodesApp| callAppActiveCallback
I/APP     (  202): I 11/05/2011 11:24:11:457 000000ca         AppCallbacks| addCommand: APP-ACTIVATED
I/APP     (  202): I 11/05/2011 11:24:11:459 000000d2         AppCallbacks| Received command APP-ACTIVATED which is greater than expected (LOCAL-SERVER-STARTED) - postpone it
I/APP     (  202): I 11/05/2011 11:24:11:460 000000d2         AppCallbacks| ThreadQueue blocked for 4294967295 seconds...
I/APP     (  202): I 11/05/2011 11:24:11:462 000000ca         AppActivated| Cannot commit now, application will be activated when started.
I/APP     (  202): I 11/05/2011 11:24:11:474 000000ca            Undefined| Handlers have completed.
I/APP     (  202): I 11/05/2011 11:24:11:485 000000ca    RhodesApplication| New AppState: Undefined
D/dalvikvm(  202): +++ not scanning '/system/lib/libwebcore.so' for 'D' (wrong CL)
D/dalvikvm(  202): +++ not scanning '/system/lib/libexif.so' for 'D' (wrong CL)
D/dalvikvm(  202): +++ not scanning '/system/lib/libFFTEm.so' for 'D' (wrong CL)
D/dalvikvm(  202): +++ not scanning '/system/lib/libmedia_jni.so' for 'D' (wrong CL)
I/APP     (  202): I 11/05/2011 11:24:11:493 000000ca        RhodesService| handleCommand: startId=1, source=com.rhomobile.rhodes.BaseActivity
I/APP     (  202): I 11/05/2011 11:24:11:495 000000ca        RhodesService| New activity was created
D/dalvikvm(  202): +++ not scanning '/system/lib/libwebcore.so' for 'callUiCreatedCallback' (wrong CL)
D/dalvikvm(  202): +++ not scanning '/system/lib/libexif.so' for 'callUiCreatedCallback' (wrong CL)
D/dalvikvm(  202): +++ not scanning '/system/lib/libFFTEm.so' for 'callUiCreatedCallback' (wrong CL)
D/dalvikvm(  202): +++ not scanning '/system/lib/libmedia_jni.so' for 'callUiCreatedCallback' (wrong CL)
I/APP     (  202): I 11/05/2011 11:24:11:542 000000ca         AppCallbacks| addCommand: UI-CREATED
I/APP     (  202): I 11/05/2011 11:24:11:556 000000d2         AppCallbacks| Received command UI-CREATED which is greater than expected (LOCAL-SERVER-STARTED) - postpone it
I/APP     (  202): I 11/05/2011 11:24:11:557 000000d2         AppCallbacks| ThreadQueue blocked for 4294967295 seconds...
I/APP     (  202): I 11/05/2011 11:24:11:685 000000ca       RhodesActivity| onServiceConnected: {com.rhomobile.test_rhodes/com.rhomobile.rhodes.RhodesService}
D/dalvikvm(  202): +++ not scanning '/system/lib/libwebcore.so' for 'canStartApp' (wrong CL)
D/dalvikvm(  202): +++ not scanning '/system/lib/libexif.so' for 'canStartApp' (wrong CL)
D/dalvikvm(  202): +++ not scanning '/system/lib/libFFTEm.so' for 'canStartApp' (wrong CL)
D/dalvikvm(  202): +++ not scanning '/system/lib/libmedia_jni.so' for 'canStartApp' (wrong CL)
I/APP     (  202): I 11/05/2011 11:24:11:692 000000ca            RhodesApp| New start params: 
D/dalvikvm(  202): +++ not scanning '/system/lib/libwebcore.so' for 'getBool' (wrong CL)
D/dalvikvm(  202): +++ not scanning '/system/lib/libexif.so' for 'getBool' (wrong CL)
D/dalvikvm(  202): +++ not scanning '/system/lib/libFFTEm.so' for 'getBool' (wrong CL)
D/dalvikvm(  202): +++ not scanning '/system/lib/libmedia_jni.so' for 'getBool' (wrong CL)
I/ActivityManager(   52): Displayed activity com.rhomobile.test_rhodes/com.rhomobile.rhodes.RhodesActivity: 2999 ms (total 2999 ms)
I/APP     (  202): I 11/05/2011 11:24:12:071 000000d7              RhoRuby| Init_RhoBlobs: /data/data/com.rhomobile.test_rhodes/rhodata/db/db-files
I/APP     (  202): I 11/05/2011 11:24:12:129 000000d7              RhoRuby| require_compiled: rhoframework
I/APP     (  202): I 11/05/2011 11:24:12:282 000000d7              RhoRuby| require_compiled: rational
I/APP     (  202): I 11/05/2011 11:24:12:292 000000d7              RhoRuby| require_compiled: rhom/rhom_db_adapter
I/APP     (  202): I 11/05/2011 11:24:12:342 000000d7              RhoRuby| require_compiled: rhodes
I/APP     (  202): I 11/05/2011 11:24:12:352 000000d7              RhoRuby| require_compiled: rhom/rhom_object
I/APP     (  202): I 11/05/2011 11:24:12:366 000000d7              RhoRuby| require_compiled: rhofsconnector
I/APP     (  202): I 11/05/2011 11:24:12:371 000000d7              RhoRuby| require_compiled: rho/rhofsconnector
I/APP     (  202): I 11/05/2011 11:24:12:388 000000d7              RhoRuby| require_compiled: rhom/rhom_object_factory
I/APP     (  202): I 11/05/2011 11:24:12:650 000000d7              RhoRuby| require_compiled: rhom/rhom
I/APP     (  202): I 11/05/2011 11:24:12:681 000000d7              RhoRuby| require_compiled: rhom/rhom_model
I/APP     (  202): I 11/05/2011 11:24:12:714 000000d7              RhoRuby| require_compiled: rhom
I/APP     (  202): I 11/05/2011 11:24:12:719 000000d7              RhoRuby| require_compiled: rho/rhoapplication
I/APP     (  202): I 11/05/2011 11:24:12:755 000000d7              RhoRuby| require_compiled: rholang/localization_simplified
I/APP     (  202): I 11/05/2011 11:24:12:792 000000d7                  APP| Current locale: en; Country code: us
I/APP     (  202): I 11/05/2011 11:24:12:794 000000d7                  APP| file: /data/data/com.rhomobile.test_rhodes/rhodata/lib/rholang/lang_
I/APP     (  202): I 11/05/2011 11:24:12:796 000000d7              RhoRuby| require_compiled: /data/data/com.rhomobile.test_rhodes/rhodata/lib/rholang/lang_en
I/APP     (  202): I 11/05/2011 11:24:12:812 000000d7              RhoRuby| require_compiled: rho/rhomsg
I/APP     (  202): I 11/05/2011 11:24:12:821 000000d7                  APP| Current locale: en; Country code: us
I/APP     (  202): I 11/05/2011 11:24:12:822 000000d7                  APP| file: /data/data/com.rhomobile.test_rhodes/rhodata/lib/rholang/rhomsg_
I/APP     (  202): I 11/05/2011 11:24:12:824 000000d7              RhoRuby| require_compiled: /data/data/com.rhomobile.test_rhodes/rhodata/lib/rholang/rhomsg_en
I/APP     (  202): I 11/05/2011 11:24:12:833 000000d7              RhoRuby| require_compiled: rho/rhotabbar
I/APP     (  202): I 11/05/2011 11:24:12:844 000000d7              RhoRuby| require_compiled: rho/rhotoolbar
I/APP     (  202): I 11/05/2011 11:24:12:854 000000d7              RhoRuby| require_compiled: indifferent_access
I/APP     (  202): I 11/05/2011 11:24:12:882 000000d7              RhoRuby| require_compiled: rho/rhosupport
I/APP     (  202): I 11/05/2011 11:24:12:924 000000d7              RhoRuby| require_compiled: rho/rhocontroller
I/APP     (  202): I 11/05/2011 11:24:12:950 000000d7              RhoRuby| require_compiled: rho/render
I/APP     (  202): I 11/05/2011 11:24:13:012 000000d7              RhoRuby| require_compiled: rho/rho
I/APP     (  202): I 11/05/2011 11:24:13:327 000000d7              RhoRuby| require_compiled: rho/rhoerror
I/APP     (  202): I 11/05/2011 11:24:13:339 000000d7                  APP| Current locale: en; Country code: us
I/APP     (  202): I 11/05/2011 11:24:13:340 000000d7                  APP| file: /data/data/com.rhomobile.test_rhodes/rhodata/lib/rholang/rhoerror_
I/APP     (  202): I 11/05/2011 11:24:13:342 000000d7              RhoRuby| require_compiled: /data/data/com.rhomobile.test_rhodes/rhodata/lib/rholang/rhoerror_en
I/APP     (  202): I 11/05/2011 11:24:13:357 000000d7              RhoRuby| require_compiled: rhom/rhom_source
I/APP     (  202): I 11/05/2011 11:24:13:388 000000d7              RhoRuby| require_compiled: rho/rhoviewhelpers
I/APP     (  202): I 11/05/2011 11:24:13:415 000000d7              RhoRuby| require_compiled: rho
I/APP     (  202): I 11/05/2011 11:24:13:420 000000d7                  APP| RHO loaded
I/APP     (  202): I 11/05/2011 11:24:13:421 000000d7                  APP| Calling RHO.initialize
I/APP     (  202): I 11/05/2011 11:24:13:426 000000d7                   DB| Open DB: /data/data/com.rhomobile.test_rhodes/rhodata/db/syncdbuser.sqlite
I/APP     (  202): I 11/05/2011 11:24:13:487 000000d7            RhodesApp| Starting sync engine...
I/APP     (  202): I 11/05/2011 11:24:13:489 000000d7                 Sync| sync_poll_interval: 0
I/APP     (  202): I 11/05/2011 11:24:13:490 000000d7                 Sync| syncserver: 
I/APP     (  202): I 11/05/2011 11:24:13:491 000000d7                 Sync| bulksync_state: 0
I/APP     (  202): I 11/05/2011 11:24:13:492 000000d7            RhodesApp| RhoRubyInitApp...
I/APP     (  202): I 11/05/2011 11:24:13:493 000000d7                  APP| init_app
I/APP     (  202): I 11/05/2011 11:24:13:497 000000d7              RhoRuby| require_compiled: application
I/APP     (  202): I 11/05/2011 11:24:13:505 000000d7                  APP| Current locale: en; Country code: us
I/APP     (  202): I 11/05/2011 11:24:13:510 000000d7                  APP| on_reinstall_config_update: {"LogToOutput"=>["0", "1"]}
I/APP     (  202): I 11/05/2011 11:24:13:519 000000d7           HttpServer| Start HTTP server
I/APP     (  202): I 11/05/2011 11:24:13:524 000000d7           HttpServer| Listen for connections on port 56353
I/APP     (  202): I 11/05/2011 11:24:13:525 000000d7         AppCallbacks| addCommand: LOCAL-SERVER-STARTED
I/APP     (  202): I 11/05/2011 11:24:13:526 000000d2         AppCallbacks| process command: LOCAL-SERVER-STARTED
I/APP     (  202): I 11/05/2011 11:24:13:528 000000d2           AppStarted| Handlers have completed.
I/APP     (  202): I 11/05/2011 11:24:13:529 000000d2         AppActivated| Handlers have completed.
I/APP     (  202): I 11/05/2011 11:24:13:530 000000d2    RhodesApplication| New AppState: AppActivated
I/APP     (  202): I 11/05/2011 11:24:13:530 000000d2         AppCallbacks| process command: UI-CREATED
I/APP     (  202): I 11/05/2011 11:24:13:567 000000d7           HttpServer| Process URI: '/system/uicreated'
I/APP     (  202): I 11/05/2011 11:24:13:571 000000d7                  APP| on_ui_created.navigate to start url: '/app'
D/dalvikvm(  202): +++ not scanning '/system/lib/libwebcore.so' for 'howLongWaitMs' (wrong CL)
D/dalvikvm(  202): +++ not scanning '/system/lib/libexif.so' for 'howLongWaitMs' (wrong CL)
D/dalvikvm(  202): +++ not scanning '/system/lib/libFFTEm.so' for 'howLongWaitMs' (wrong CL)
D/dalvikvm(  202): +++ not scanning '/system/lib/libmedia_jni.so' for 'howLongWaitMs' (wrong CL)
V/SplashScreen(  202): ms[1320503053579] $$$$$$$$$$$$$$$$$$$$$$$     DELAY for SplashScreen = 0
I/APP     (  202): I 11/05/2011 11:24:13:625 000000d2         AppCallbacks| process command: APP-ACTIVATED
V/SimpleMainView(  202): ms[1320503053729] processForNativeView : [http://localhost:56353/app]
D/dalvikvm(  202): +++ not scanning '/system/lib/libwebcore.so' for 'getFactoryHandleByViewType' (wrong CL)
D/dalvikvm(  202): +++ not scanning '/system/lib/libexif.so' for 'getFactoryHandleByViewType' (wrong CL)
D/dalvikvm(  202): +++ not scanning '/system/lib/libFFTEm.so' for 'getFactoryHandleByViewType' (wrong CL)
D/dalvikvm(  202): +++ not scanning '/system/lib/libmedia_jni.so' for 'getFactoryHandleByViewType' (wrong CL)
I/APP     (  202): I 11/05/2011 11:24:13:745 000000ca       SimpleMainView| Cleared URL: http://localhost:56353/app
I/APP     (  202): I 11/05/2011 11:24:13:791 000000d7           HttpServer| Process URI: '/system/activateapp'
I/APP     (  202): I 11/05/2011 11:24:13:810 000000d2         AppCallbacks| ThreadQueue blocked for 4294967295 seconds...
V/SimpleMainView.View(  202): ms[1320503053818]  Main Window :: onSizeChanged() old [ 480 x 762 ]  new [ 0 x 0 ]
I/APP     (  202): I 11/05/2011 11:24:14:029 000000d7           HttpServer| Process URI: '/app'
I/APP     (  202): I 11/05/2011 11:24:14:153 000000ca     RhoWebViewClient| Loading URL: http://localhost:56353/app/index_erb.iseq
I/APP     (  202): I 11/05/2011 11:24:14:191 000000d7           HttpServer| Process URI: '/app/index_erb.iseq'
I/APP     (  202): I 11/05/2011 11:24:14:199 000000d7                  APP| RHO serve_index: /app/index_erb.iseq
I/APP     (  202): I 11/05/2011 11:24:14:205 000000d7 RHO Rho::RhoController| inst_render_index
I/APP     (  202): I 11/05/2011 11:24:14:229 000000d7 RHO Rho::RhoController| index layout
I/APP     (  202): I 11/05/2011 11:24:15:026 000000d7           HttpServer| Process URI: '/public/jquery/jquery-1.6.2.min.js'
I/APP     (  202): I 11/05/2011 11:24:15:281 000000d7           HttpServer| Process URI: '/public/jqmobile/jquery.mobile-1.0b2.min.css'
D/dalvikvm(  202): GC freed 2956 objects / 644240 bytes in 120ms
D/webviewglue(  202): nativeDestroy view: 0x3202f8
I/APP     (  202): I 11/05/2011 11:24:15:551 000000d7           HttpServer| Process URI: '/public/css/jqmobile-patch.css'
I/APP     (  202): I 11/05/2011 11:24:15:650 000000d7           HttpServer| Process URI: '/public/jqmobile/jquery.mobile-1.0b2.min.js'
I/APP     (  202): I 11/05/2011 11:24:15:786 000000d7           HttpServer| Process URI: '/public/js/jqmobile-patch.js'
I/APP     (  202): I 11/05/2011 11:24:15:844 000000d7           HttpServer| Process URI: '/public/css/android.css'
I/APP     (  202): I 11/05/2011 11:24:23:608 000000d7           HttpServer| Process URI: '/public/jqmobile/images/icons-18-white.png'
W/KeyCharacterMap(   52): No keyboard for id 0
W/KeyCharacterMap(   52): Using default keymap: /system/usr/keychars/qwerty.kcm.bin
D/KeyguardViewMediator(   52): pokeWakelock(5000)
D/AndroidRuntime(  229): 
D/AndroidRuntime(  229): >>>>>>>>>>>>>> AndroidRuntime START <<<<<<<<<<<<<<
D/AndroidRuntime(  229): CheckJNI is ON
D/AndroidRuntime(  229): --- registering native functions ---
D/PackageParser(   52): Scanning package: /data/app/vmdl28940.tmp
D/dalvikvm(   52): GC freed 25220 objects / 1366288 bytes in 227ms
I/PackageManager(   52): Removing non-system package:com.rhomobile.test_rhodes
D/PackageManager(   52): Removing package com.rhomobile.test_rhodes
D/PackageManager(   52): Unregistered content provider: com.rhomobile.test_rhodes, className = com.rhomobile.rhodes.LocalFileProvider, isSyncable = false
D/PackageManager(   52):   Providers: com.rhomobile.rhodes.LocalFileProvider
D/PackageManager(   52):   Services: com.rhomobile.rhodes.RhodesService
D/PackageManager(   52):   Activities: com.rhomobile.rhodes.RhodesActivity com.rhomobile.rhodes.alert.PopupActivity com.rhomobile.rhodes.camera.FileList com.rhomobile.rhodes.camera.ImageCapture com.rhomobile.rhodes.signature.ImageCapture com.rhomobile.rhodes.datetime.DateTimePickerScreen com.rhomobile.rhodes.mapview.MapView com.rhomobile.rhodes.mapview.GoogleMapView com.rhomobile.rhodes.bluetooth.RhoBluetoothDeviceListActivity
D/PackageManager(   52): Scanning package com.rhomobile.test_rhodes
I/PackageManager(   52): /data/app/vmdl28940.tmp changed; unpacking
D/PackageManager(   52): Caching shared lib lib/armeabi/librhodes.so
D/installd(   32): DexInv: --- BEGIN '/data/app/vmdl28940.tmp' ---
D/dalvikvm(  236): DexOpt: load 137ms, verify 711ms, opt 21ms
D/installd(   32): DexInv: --- END '/data/app/vmdl28940.tmp' (success) ---
D/PackageManager(   52): Registered content provider: com.rhomobile.test_rhodes, className = com.rhomobile.rhodes.LocalFileProvider, isSyncable = false
D/PackageManager(   52):   Providers: com.rhomobile.rhodes.LocalFileProvider
D/PackageManager(   52):   Services: com.rhomobile.rhodes.RhodesService
D/PackageManager(   52):   Activities: com.rhomobile.rhodes.RhodesActivity com.rhomobile.rhodes.alert.PopupActivity com.rhomobile.rhodes.camera.FileList com.rhomobile.rhodes.camera.ImageCapture com.rhomobile.rhodes.signature.ImageCapture com.rhomobile.rhodes.datetime.DateTimePickerScreen com.rhomobile.rhodes.mapview.MapView com.rhomobile.rhodes.mapview.GoogleMapView com.rhomobile.rhodes.bluetooth.RhoBluetoothDeviceListActivity
D/ActivityManager(   52): Uninstalling process com.rhomobile.test_rhodes
D/ActivityManager(   52): Force removing process ProcessRecord{438408d0 202:com.rhomobile.test_rhodes/10024} (com.rhomobile.test_rhodes/10024)
W/ActivityManager(   52): Scheduling restart of crashed service com.rhomobile.test_rhodes/com.rhomobile.rhodes.RhodesService in 5000ms
I/Process (   52): Sending signal. PID: 202 SIG: 9
W/UsageStats(   52): Unexpected resume of com.android.launcher while already resumed in com.rhomobile.test_rhodes
I/WindowManager(   52): WIN DEATH: Window{439e18d0 com.rhomobile.test_rhodes/com.rhomobile.rhodes.RhodesActivity paused=false}
D/ActivityManager(   52): Received spurious death notification for thread android.os.BinderProxy@43971f18
E/ActivityThread(   52): Failed to find provider info for android.server.checkin
W/Checkin (   52): Can't log event SYSTEM_SERVICE_LOOPING: java.lang.IllegalArgumentException: Unknown URL content://android.server.checkin/events
I/installd(   32): move /data/dalvik-cache/data@app@vmdl28940.tmp@classes.dex -> /data/dalvik-cache/data@app@com.rhomobile.test_rhodes.apk@classes.dex
D/PackageManager(   52): New package installed in /data/app/com.rhomobile.test_rhodes.apk
D/AndroidRuntime(  229): Shutting down VM
D/dalvikvm(  229): DestroyJavaVM waiting for non-daemon threads to exit
D/ActivityManager(   52): Uninstalling process com.rhomobile.test_rhodes
D/dalvikvm(  229): DestroyJavaVM shutting VM down
D/dalvikvm(  229): HeapWorker thread shutting down
D/dalvikvm(  229): HeapWorker thread has shut down
D/jdwp    (  229): JDWP shutting down net...
D/dalvikvm(  229): VM cleaning up
D/dalvikvm(  229): LinearAlloc 0x0 used 663068 of 4194304 (15%)
D/dalvikvm(   52): GC freed 17803 objects / 806856 bytes in 374ms
W/ResourceType(   52): No package identifier when getting value for resource number 0x7f060001
W/ResourceType(   52): No package identifier when getting value for resource number 0x7f060000
D/dalvikvm(   91): GC freed 3788 objects / 211320 bytes in 411ms
D/HomeLoaders(   91): application intent received: android.intent.action.PACKAGE_REMOVED, replacing=true
D/HomeLoaders(   91):   --> package:com.rhomobile.test_rhodes
D/HomeLoaders(   91): application intent received: android.intent.action.PACKAGE_ADDED, replacing=true
D/HomeLoaders(   91):   --> package:com.rhomobile.test_rhodes
D/HomeLoaders(   91):   --> update package com.rhomobile.test_rhodes
W/ResourceType(   52): No package identifier when getting value for resource number 0x7f060001
W/ResourceType(   52): No package identifier when getting value for resource number 0x7f060000
D/AndroidRuntime(  244): 
D/AndroidRuntime(  244): >>>>>>>>>>>>>> AndroidRuntime START <<<<<<<<<<<<<<
D/AndroidRuntime(  244): CheckJNI is ON
D/AndroidRuntime(  244): --- registering native functions ---
I/ActivityManager(   52): Starting activity: Intent { act=android.intent.action.MAIN flg=0x10000000 cmp=com.rhomobile.test_rhodes/com.rhomobile.rhodes.RhodesActivity }
D/AndroidRuntime(  244): Shutting down VM
D/dalvikvm(  244): DestroyJavaVM waiting for non-daemon threads to exit
D/dalvikvm(  244): DestroyJavaVM shutting VM down
D/dalvikvm(  244): HeapWorker thread shutting down
D/dalvikvm(  244): HeapWorker thread has shut down
D/jdwp    (  244): JDWP shutting down net...
D/dalvikvm(  244): VM cleaning up
I/ActivityManager(   52): Start proc com.rhomobile.test_rhodes for activity com.rhomobile.test_rhodes/com.rhomobile.rhodes.RhodesActivity: pid=252 uid=10024 gids={3003}
D/dalvikvm(  244): LinearAlloc 0x0 used 674660 of 4194304 (16%)
D/dalvikvm(  252): Trying to load lib /data/data/com.rhomobile.test_rhodes/lib/librhodes.so 0x4376ac70
D/dalvikvm(  252): Added shared lib /data/data/com.rhomobile.test_rhodes/lib/librhodes.so 0x4376ac70
I/ActivityThread(  252): Publishing provider com.rhomobile.test_rhodes: com.rhomobile.rhodes.LocalFileProvider
W/ServiceManager(   31): Permission failure: android.permission.CAMERA from uid=10024 pid=252
E/CameraService(   31): Permission Denial: can't use the camera pid=252, uid=10024
D/dalvikvm(  252): +++ not scanning '/system/lib/libwebcore.so' for 'E' (wrong CL)
D/dalvikvm(  252): +++ not scanning '/system/lib/libexif.so' for 'E' (wrong CL)
D/dalvikvm(  252): +++ not scanning '/system/lib/libFFTEm.so' for 'E' (wrong CL)
D/dalvikvm(  252): +++ not scanning '/system/lib/libmedia_jni.so' for 'E' (wrong CL)
D/dalvikvm(  252): +++ not scanning '/system/lib/libwebcore.so' for 'isTitleEnabled' (wrong CL)
D/dalvikvm(  252): +++ not scanning '/system/lib/libexif.so' for 'isTitleEnabled' (wrong CL)
D/dalvikvm(  252): +++ not scanning '/system/lib/libFFTEm.so' for 'isTitleEnabled' (wrong CL)
D/dalvikvm(  252): +++ not scanning '/system/lib/libmedia_jni.so' for 'isTitleEnabled' (wrong CL)
D/Camera-JNI(  252): release camera
D/dalvikvm(  252): GC freed 1704 objects / 138568 bytes in 86ms
I/RhodesActivity(  252): >>>>>>>>>>>>>>> onCreate()
D/dalvikvm(  252): +++ not scanning '/system/lib/libwebcore.so' for 'T' (wrong CL)
D/dalvikvm(  252): +++ not scanning '/system/lib/libexif.so' for 'T' (wrong CL)
D/dalvikvm(  252): +++ not scanning '/system/lib/libFFTEm.so' for 'T' (wrong CL)
D/dalvikvm(  252): +++ not scanning '/system/lib/libmedia_jni.so' for 'T' (wrong CL)
D/dalvikvm(  252): +++ not scanning '/system/lib/libwebcore.so' for 'I' (wrong CL)
D/dalvikvm(  252): +++ not scanning '/system/lib/libexif.so' for 'I' (wrong CL)
D/dalvikvm(  252): +++ not scanning '/system/lib/libFFTEm.so' for 'I' (wrong CL)
D/dalvikvm(  252): +++ not scanning '/system/lib/libmedia_jni.so' for 'I' (wrong CL)
D/RhodesActivity(  252): RhodesActivity.onStart()
D/RhodesActivity(  252): RhodesActivity.onResume()
D/dalvikvm(  252): +++ not scanning '/system/lib/libwebcore.so' for 'initClassLoader' (wrong CL)
D/dalvikvm(  252): +++ not scanning '/system/lib/libexif.so' for 'initClassLoader' (wrong CL)
D/dalvikvm(  252): +++ not scanning '/system/lib/libFFTEm.so' for 'initClassLoader' (wrong CL)
D/dalvikvm(  252): +++ not scanning '/system/lib/libmedia_jni.so' for 'initClassLoader' (wrong CL)
D/RhodesService(  252): Root path: null
D/RhoFileApi(  252): App root path: /data/data/com.rhomobile.test_rhodes/rhodata/
D/RhoFileApi(  252): Sqlite journals path: /data/data/com.rhomobile.test_rhodes/sqlite_stmt_journals/
D/dalvikvm(  252): +++ not scanning '/system/lib/libwebcore.so' for 'nativeInitPath' (wrong CL)
D/dalvikvm(  252): +++ not scanning '/system/lib/libexif.so' for 'nativeInitPath' (wrong CL)
D/dalvikvm(  252): +++ not scanning '/system/lib/libFFTEm.so' for 'nativeInitPath' (wrong CL)
D/dalvikvm(  252): +++ not scanning '/system/lib/libmedia_jni.so' for 'nativeInitPath' (wrong CL)
D/dalvikvm(  252): +++ not scanning '/system/lib/libwebcore.so' for 'nativeInit' (wrong CL)
D/dalvikvm(  252): +++ not scanning '/system/lib/libexif.so' for 'nativeInit' (wrong CL)
D/dalvikvm(  252): +++ not scanning '/system/lib/libFFTEm.so' for 'nativeInit' (wrong CL)
D/dalvikvm(  252): +++ not scanning '/system/lib/libmedia_jni.so' for 'nativeInit' (wrong CL)
I/global  (  252): Default buffer size used in BufferedReader constructor. It would be better to be explicit if an 8k-char buffer is required.
D/dalvikvm(  252): +++ not scanning '/system/lib/libwebcore.so' for 'updateStatTable' (wrong CL)
D/dalvikvm(  252): +++ not scanning '/system/lib/libexif.so' for 'updateStatTable' (wrong CL)
D/dalvikvm(  252): +++ not scanning '/system/lib/libFFTEm.so' for 'updateStatTable' (wrong CL)
D/dalvikvm(  252): +++ not scanning '/system/lib/libmedia_jni.so' for 'updateStatTable' (wrong CL)
I/RhodesService(  252): Application hash was changed
W/ActivityManager(   52): No content provider found for: 
D/RhoFileApi(  252): App root path: /data/data/com.rhomobile.test_rhodes/rhodata/
D/RhoFileApi(  252): Sqlite journals path: /data/data/com.rhomobile.test_rhodes/sqlite_stmt_journals/
I/global  (  252): Default buffer size used in BufferedReader constructor. It would be better to be explicit if an 8k-char buffer is required.
D/RhoFileApi(  252): Copy hash to FS
D/RhoFileApi(  252): File hash copied
D/dalvikvm(  252): +++ not scanning '/system/lib/libwebcore.so' for 'createRhodesApp' (wrong CL)
D/dalvikvm(  252): +++ not scanning '/system/lib/libexif.so' for 'createRhodesApp' (wrong CL)
D/dalvikvm(  252): +++ not scanning '/system/lib/libFFTEm.so' for 'createRhodesApp' (wrong CL)
D/dalvikvm(  252): +++ not scanning '/system/lib/libmedia_jni.so' for 'createRhodesApp' (wrong CL)
I/APP     (  252): I 11/05/2011 11:25:32:866 00000103         AppCallbacks| Starting main routine...
I/APP     (  252): I 11/05/2011 11:25:32:870 00000103         AppCallbacks| ThreadQueue blocked for 4294967295 seconds...
I/APP     (  252): I 11/05/2011 11:25:32:873 000000fc            RhodesApp| Trying to get free listening port.
I/APP     (  252): I 11/05/2011 11:25:32:876 000000fc            RhodesApp| Trying to bind of 0 port...
I/APP     (  252): I 11/05/2011 11:25:32:878 000000fc            RhodesApp| Got port to bind on: 35948
I/APP     (  252): I 11/05/2011 11:25:32:879 000000fc            RhodesApp| Free listening port: 35948
D/dalvikvm(  252): +++ not scanning '/system/lib/libwebcore.so' for 'nativeStart' (wrong CL)
D/dalvikvm(  252): +++ not scanning '/system/lib/libexif.so' for 'nativeStart' (wrong CL)
D/dalvikvm(  252): +++ not scanning '/system/lib/libFFTEm.so' for 'nativeStart' (wrong CL)
D/dalvikvm(  252): +++ not scanning '/system/lib/libmedia_jni.so' for 'nativeStart' (wrong CL)
D/dalvikvm(  252): +++ not scanning '/system/lib/libwebcore.so' for 'isExist' (wrong CL)
D/dalvikvm(  252): +++ not scanning '/system/lib/libexif.so' for 'isExist' (wrong CL)
D/dalvikvm(  252): +++ not scanning '/system/lib/libFFTEm.so' for 'isExist' (wrong CL)
D/dalvikvm(  252): +++ not scanning '/system/lib/libmedia_jni.so' for 'isExist' (wrong CL)
I/APP     (  252): I 11/05/2011 11:25:32:959 000000fc               Rhodes| Loading...
D/dalvikvm(  252): GC freed 5182 objects / 381328 bytes in 88ms
D/dalvikvm(  252): +++ not scanning '/system/lib/libwebcore.so' for 'getInt' (wrong CL)
D/dalvikvm(  252): +++ not scanning '/system/lib/libexif.so' for 'getInt' (wrong CL)
D/dalvikvm(  252): +++ not scanning '/system/lib/libFFTEm.so' for 'getInt' (wrong CL)
D/dalvikvm(  252): +++ not scanning '/system/lib/libmedia_jni.so' for 'getInt' (wrong CL)
D/dalvikvm(  252): +++ not scanning '/system/lib/libwebcore.so' for 'startRhodesApp' (wrong CL)
D/dalvikvm(  252): +++ not scanning '/system/lib/libexif.so' for 'startRhodesApp' (wrong CL)
D/dalvikvm(  252): +++ not scanning '/system/lib/libFFTEm.so' for 'startRhodesApp' (wrong CL)
D/dalvikvm(  252): +++ not scanning '/system/lib/libmedia_jni.so' for 'startRhodesApp' (wrong CL)
I/APP     (  252): I 11/05/2011 11:25:33:560 00000108            RhodesApp| Starting RhodesApp main routine...
D/dalvikvm(  252): +++ not scanning '/system/lib/libwebcore.so' for 'callActivationCallback' (wrong CL)
D/dalvikvm(  252): +++ not scanning '/system/lib/libexif.so' for 'callActivationCallback' (wrong CL)
D/dalvikvm(  252): +++ not scanning '/system/lib/libFFTEm.so' for 'callActivationCallback' (wrong CL)
D/dalvikvm(  252): +++ not scanning '/system/lib/libmedia_jni.so' for 'callActivationCallback' (wrong CL)
I/APP     (  252): I 11/05/2011 11:25:33:579 000000fc            RhodesApp| callAppActiveCallback
I/APP     (  252): I 11/05/2011 11:25:33:580 000000fc         AppCallbacks| addCommand: APP-ACTIVATED
I/APP     (  252): I 11/05/2011 11:25:33:582 00000103         AppCallbacks| Received command APP-ACTIVATED which is greater than expected (LOCAL-SERVER-STARTED) - postpone it
I/APP     (  252): I 11/05/2011 11:25:33:584 00000103         AppCallbacks| ThreadQueue blocked for 4294967295 seconds...
I/APP     (  252): I 11/05/2011 11:25:33:587 000000fc         AppActivated| Cannot commit now, application will be activated when started.
I/APP     (  252): I 11/05/2011 11:25:33:589 000000fc            Undefined| Handlers have completed.
I/APP     (  252): I 11/05/2011 11:25:33:590 000000fc    RhodesApplication| New AppState: Undefined
D/dalvikvm(  252): +++ not scanning '/system/lib/libwebcore.so' for 'D' (wrong CL)
D/dalvikvm(  252): +++ not scanning '/system/lib/libexif.so' for 'D' (wrong CL)
D/dalvikvm(  252): +++ not scanning '/system/lib/libFFTEm.so' for 'D' (wrong CL)
D/dalvikvm(  252): +++ not scanning '/system/lib/libmedia_jni.so' for 'D' (wrong CL)
I/APP     (  252): I 11/05/2011 11:25:33:606 000000fc        RhodesService| handleCommand: startId=1, source=com.rhomobile.rhodes.BaseActivity
I/APP     (  252): I 11/05/2011 11:25:33:607 000000fc        RhodesService| New activity was created
D/dalvikvm(  252): +++ not scanning '/system/lib/libwebcore.so' for 'callUiCreatedCallback' (wrong CL)
D/dalvikvm(  252): +++ not scanning '/system/lib/libexif.so' for 'callUiCreatedCallback' (wrong CL)
D/dalvikvm(  252): +++ not scanning '/system/lib/libFFTEm.so' for 'callUiCreatedCallback' (wrong CL)
D/dalvikvm(  252): +++ not scanning '/system/lib/libmedia_jni.so' for 'callUiCreatedCallback' (wrong CL)
I/APP     (  252): I 11/05/2011 11:25:33:618 000000fc         AppCallbacks| addCommand: UI-CREATED
I/APP     (  252): I 11/05/2011 11:25:33:621 00000103         AppCallbacks| Received command UI-CREATED which is greater than expected (LOCAL-SERVER-STARTED) - postpone it
I/APP     (  252): I 11/05/2011 11:25:33:622 00000103         AppCallbacks| ThreadQueue blocked for 4294967295 seconds...
I/APP     (  252): I 11/05/2011 11:25:33:762 000000fc       RhodesActivity| onServiceConnected: {com.rhomobile.test_rhodes/com.rhomobile.rhodes.RhodesService}
D/dalvikvm(  252): +++ not scanning '/system/lib/libwebcore.so' for 'canStartApp' (wrong CL)
D/dalvikvm(  252): +++ not scanning '/system/lib/libexif.so' for 'canStartApp' (wrong CL)
D/dalvikvm(  252): +++ not scanning '/system/lib/libFFTEm.so' for 'canStartApp' (wrong CL)
D/dalvikvm(  252): +++ not scanning '/system/lib/libmedia_jni.so' for 'canStartApp' (wrong CL)
I/APP     (  252): I 11/05/2011 11:25:33:777 000000fc            RhodesApp| New start params: 
D/dalvikvm(  252): +++ not scanning '/system/lib/libwebcore.so' for 'getBool' (wrong CL)
D/dalvikvm(  252): +++ not scanning '/system/lib/libexif.so' for 'getBool' (wrong CL)
D/dalvikvm(  252): +++ not scanning '/system/lib/libFFTEm.so' for 'getBool' (wrong CL)
D/dalvikvm(  252): +++ not scanning '/system/lib/libmedia_jni.so' for 'getBool' (wrong CL)
I/ActivityManager(   52): Displayed activity com.rhomobile.test_rhodes/com.rhomobile.rhodes.RhodesActivity: 2743 ms (total 2743 ms)
I/APP     (  252): I 11/05/2011 11:25:34:165 00000108              RhoRuby| Init_RhoBlobs: /data/data/com.rhomobile.test_rhodes/rhodata/db/db-files
I/APP     (  252): I 11/05/2011 11:25:34:307 00000108              RhoRuby| require_compiled: rhoframework
I/APP     (  252): I 11/05/2011 11:25:34:386 00000108              RhoRuby| require_compiled: rational
I/APP     (  252): I 11/05/2011 11:25:34:405 00000108              RhoRuby| require_compiled: rhom/rhom_db_adapter
I/APP     (  252): I 11/05/2011 11:25:34:458 00000108              RhoRuby| require_compiled: rhodes
I/APP     (  252): I 11/05/2011 11:25:34:498 00000108              RhoRuby| require_compiled: rhom/rhom_object
I/APP     (  252): I 11/05/2011 11:25:34:533 00000108              RhoRuby| require_compiled: rhofsconnector
I/APP     (  252): I 11/05/2011 11:25:34:539 00000108              RhoRuby| require_compiled: rho/rhofsconnector
I/APP     (  252): I 11/05/2011 11:25:34:566 00000108              RhoRuby| require_compiled: rhom/rhom_object_factory
I/APP     (  252): I 11/05/2011 11:25:34:843 00000108              RhoRuby| require_compiled: rhom/rhom
I/APP     (  252): I 11/05/2011 11:25:34:876 00000108              RhoRuby| require_compiled: rhom/rhom_model
I/APP     (  252): I 11/05/2011 11:25:34:915 00000108              RhoRuby| require_compiled: rhom
I/APP     (  252): I 11/05/2011 11:25:34:921 00000108              RhoRuby| require_compiled: rho/rhoapplication
